 aFont

 Timestamp is 518e3877 (Sat May 11 21:54:23 2013)

 Preferred load address is 10000000

 Start         Length     Name                   Class
 0001:00000000 00064d50H .text                   CODE
 0001:00064d50 00001543H .text$x                 CODE
 0001:000662a0 0000094dH .text$yc                CODE
 0001:00066bf0 000004afH .text$yd                CODE
 0002:00000000 00000178H .idata$5                DATA
 0002:00000178 00000004H .CRT$XCA                DATA
 0002:0000017c 00000004H .CRT$XCC                DATA
 0002:00000180 00000054H .CRT$XCU                DATA
 0002:000001d4 00000004H .CRT$XCZ                DATA
 0002:000001d8 00000004H .CRT$XIA                DATA
 0002:000001dc 00000010H .CRT$XIC                DATA
 0002:000001ec 00000004H .CRT$XIZ                DATA
 0002:000001f0 00000004H .CRT$XPA                DATA
 0002:000001f4 00000008H .CRT$XPX                DATA
 0002:000001fc 00000004H .CRT$XPXA               DATA
 0002:00000200 00000004H .CRT$XPZ                DATA
 0002:00000204 00000004H .CRT$XTA                DATA
 0002:00000208 00000004H .CRT$XTZ                DATA
 0002:00000210 000105a0H .rdata                  DATA
 0002:000107b0 0000005cH .rdata$debug            DATA
 0002:0001080c 0000077cH .rdata$r                DATA
 0002:00010f90 00000168H .rdata$sxdata           DATA
 0002:000110f8 00000004H .rtc$IAA                DATA
 0002:000110fc 0000000cH .rtc$IMZ                DATA
 0002:00011108 00000004H .rtc$IZZ                DATA
 0002:0001110c 00000004H .rtc$TAA                DATA
 0002:00011110 0000000cH .rtc$TMZ                DATA
 0002:0001111c 00000004H .rtc$TZZ                DATA
 0002:00011120 0000217cH .xdata$x                DATA
 0002:0001329c 00000028H .idata$2                DATA
 0002:000132c4 00000014H .idata$3                DATA
 0002:000132d8 00000178H .idata$4                DATA
 0002:00013450 000006ceH .idata$6                DATA
 0002:00013b20 0000004bH .edata                  DATA
 0003:00000000 00001530H .data                   DATA
 0003:00001540 00004884H .bss                    DATA
 0004:00000000 00000058H .rsrc$01                DATA
 0004:00000060 00000180H .rsrc$02                DATA

  Address         Publics by Value              Rva+Base       Lib:Object

 0000:00000000       __except_list              00000000     <absolute>
 0000:0000005a       ___safe_se_handler_count   0000005a     <absolute>
 0000:00000000       ___ImageBase               10000000     <linker-defined>
 0001:00000000       ??$?0AAV?$_Tree_iterator@V?$_Tree_val@U?$_Tree_simple_types@U?$pair@$$CBHPAVFontType@@@std@@@std@@@std@@@std@@_N@?$pair@V?$_Tree_iterator@V?$_Tree_val@U?$_Tree_simple_types@U?$pair@$$CBHPAVFontType@@@std@@@std@@@std@@@std@@_N@std@@QAE@AAV?$_Tree_iterator@V?$_Tree_val@U?$_Tree_simple_types@U?$pair@$$CBHPAVFontType@@@std@@@std@@@std@@@1@$$QA_NPAPAX@Z 10001000 f i aFont.obj
 0001:000000a0       ??$?0AAV?$_Tree_iterator@V?$_Tree_val@U?$_Tree_simple_types@U?$pair@$$CBIPAUFunction@@@std@@@std@@@std@@@std@@_N@?$pair@V?$_Tree_iterator@V?$_Tree_val@U?$_Tree_simple_types@U?$pair@$$CBIPAUFunction@@@std@@@std@@@std@@@std@@_N@std@@QAE@AAV?$_Tree_iterator@V?$_Tree_val@U?$_Tree_simple_types@U?$pair@$$CBIPAUFunction@@@std@@@std@@@std@@@1@$$QA_NPAPAX@Z 100010a0 f i aFont.obj
 0001:00000140       ??$?0ABHPAVFontType@@@?$pair@HPAVFontType@@@std@@QAE@ABH$$QAPAVFontType@@PAPAX@Z 10001140 f i aFont.obj
 0001:000001a0       ??$?0HPAVFontType@@@?$pair@$$CBHPAVFontType@@@std@@QAE@$$QAU?$pair@HPAVFontType@@@1@PAPAX@Z 100011a0 f i aFont.obj
 0001:00000200       ??$?0HPAVFontType@@@?$pair@HPAVFontType@@@std@@QAE@$$QAH$$QAPAVFontType@@PAPAX@Z 10001200 f i aFont.obj
 0001:00000260       ??$?0IPAUFunction@@@?$pair@$$CBIPAUFunction@@@std@@QAE@$$QAU?$pair@IPAUFunction@@@1@PAPAX@Z 10001260 f i aFont.obj
 0001:000002c0       ??$?0IPAUFunction@@@?$pair@IPAUFunction@@@std@@QAE@$$QAI$$QAPAUFunction@@PAPAX@Z 100012c0 f i aFont.obj
 0001:00000320       ??$?0U?$_Tree_node@U?$pair@$$CBHPAVFontType@@@std@@PAX@std@@@?$allocator@U_Container_proxy@std@@@std@@QAE@ABV?$allocator@U?$_Tree_node@U?$pair@$$CBHPAVFontType@@@std@@PAX@std@@@1@@Z 10001320 f i aFont.obj
 0001:00000350       ??$?0U?$_Tree_node@U?$pair@$$CBIPAUFunction@@@std@@PAX@std@@@?$allocator@U_Container_proxy@std@@@std@@QAE@ABV?$allocator@U?$_Tree_node@U?$pair@$$CBIPAUFunction@@@std@@PAX@std@@@1@@Z 10001350 f i aFont.obj
 0001:00000380       ??$?0U?$_Tree_node@U?$pair@$$CBIPAX@std@@PAX@std@@@?$allocator@U_Container_proxy@std@@@std@@QAE@ABV?$allocator@U?$_Tree_node@U?$pair@$$CBIPAX@std@@PAX@std@@@1@@Z 10001380 f i aFont.obj
 0001:000003b0       ??$?0U?$_Wrap_alloc@V?$allocator@U?$_Tree_node@U?$pair@$$CBHPAVFontType@@@std@@PAX@std@@@std@@@std@@@?$_Wrap_alloc@V?$allocator@U_Container_proxy@std@@@std@@@std@@QAE@ABU?$_Wrap_alloc@V?$allocator@U?$_Tree_node@U?$pair@$$CBHPAVFontType@@@std@@PAX@std@@@std@@@1@@Z 100013b0 f i aFont.obj
 0001:00000400       ??$?0U?$_Wrap_alloc@V?$allocator@U?$_Tree_node@U?$pair@$$CBIPAUFunction@@@std@@PAX@std@@@std@@@std@@@?$_Wrap_alloc@V?$allocator@U_Container_proxy@std@@@std@@@std@@QAE@ABU?$_Wrap_alloc@V?$allocator@U?$_Tree_node@U?$pair@$$CBIPAUFunction@@@std@@PAX@std@@@std@@@1@@Z 10001400 f i aFont.obj
 0001:00000450       ??$?0U?$_Wrap_alloc@V?$allocator@U?$_Tree_node@U?$pair@$$CBIPAX@std@@PAX@std@@@std@@@std@@@?$_Wrap_alloc@V?$allocator@U_Container_proxy@std@@@std@@@std@@QAE@ABU?$_Wrap_alloc@V?$allocator@U?$_Tree_node@U?$pair@$$CBIPAX@std@@PAX@std@@@std@@@1@@Z 10001450 f i aFont.obj
 0001:000004a0       ??$?0V?$_Tree_iterator@V?$_Tree_val@U?$_Tree_simple_types@U?$pair@$$CBHPAVFontType@@@std@@@std@@@std@@@std@@_N@?$pair@V?$_Tree_iterator@V?$_Tree_val@U?$_Tree_simple_types@U?$pair@$$CBHPAVFontType@@@std@@@std@@@std@@@std@@_N@std@@QAE@$$QAU01@PAPAX@Z 100014a0 f i aFont.obj
 0001:00000540       ??$?0V?$_Tree_iterator@V?$_Tree_val@U?$_Tree_simple_types@U?$pair@$$CBHPAVFontType@@@std@@@std@@@std@@@std@@_N@?$pair@V?$_Tree_iterator@V?$_Tree_val@U?$_Tree_simple_types@U?$pair@$$CBHPAVFontType@@@std@@@std@@@std@@@std@@_N@std@@QAE@$$QAV?$_Tree_iterator@V?$_Tree_val@U?$_Tree_simple_types@U?$pair@$$CBHPAVFontType@@@std@@@std@@@std@@@1@$$QA_NPAPAX@Z 10001540 f i aFont.obj
 0001:000005e0       ??$?0V?$_Tree_iterator@V?$_Tree_val@U?$_Tree_simple_types@U?$pair@$$CBIPAUFunction@@@std@@@std@@@std@@@std@@_N@?$pair@V?$_Tree_iterator@V?$_Tree_val@U?$_Tree_simple_types@U?$pair@$$CBIPAUFunction@@@std@@@std@@@std@@@std@@_N@std@@QAE@$$QAU01@PAPAX@Z 100015e0 f i aFont.obj
 0001:00000680       ??$?0V?$_Tree_iterator@V?$_Tree_val@U?$_Tree_simple_types@U?$pair@$$CBIPAUFunction@@@std@@@std@@@std@@@std@@_N@?$pair@V?$_Tree_iterator@V?$_Tree_val@U?$_Tree_simple_types@U?$pair@$$CBIPAUFunction@@@std@@@std@@@std@@@std@@_N@std@@QAE@$$QAV?$_Tree_iterator@V?$_Tree_val@U?$_Tree_simple_types@U?$pair@$$CBIPAUFunction@@@std@@@std@@@std@@@1@$$QA_NPAPAX@Z 10001680 f i aFont.obj
 0001:00000720       ??$?YH@PackClass@Packet@@QAEIH@Z 10001720 f i aFont.obj
 0001:00000770       ??$?YI@PackClass@Packet@@QAEII@Z 10001770 f i aFont.obj
 0001:000007c0       ??$?YK@PackClass@Packet@@QAEIK@Z 100017c0 f i aFont.obj
 0001:00000810       ??$?YM@PackClass@Packet@@QAEIM@Z 10001810 f i aFont.obj
 0001:00000860       ??$?YPBD@PackClass@Packet@@QAEIPBD@Z 10001860 f i aFont.obj
 0001:000008b0       ??$CRCMaker@PAI@CRC@@YGIPAI@Z 100018b0 f i aFont.obj
 0001:00000e00       ??$CRCMaker@PBD@CRC@@YGIPBD@Z 10001e00 f i aFont.obj
 0001:00001350       ??$GetData@H@PackClass@Packet@@QAEHH@Z 10002350 f i aFont.obj
 0001:000013f0       ??$GetData@M@PackClass@Packet@@QAEMM@Z 100023f0 f i aFont.obj
 0001:00001490       ??$GetDataIndex@H@PackClass@Packet@@QAEHIH@Z 10002490 f i aFont.obj
 0001:000014d0       ??$GetDataIndex@M@PackClass@Packet@@QAEMIM@Z 100024d0 f i aFont.obj
 0001:00001510       ??$_Allocate@D@std@@YGPADIPAD@Z 10002510 f i aFont.obj
 0001:00001580       ??$_Allocate@U?$_Tree_node@U?$pair@$$CBHPAVFontType@@@std@@PAX@std@@@std@@YGPAU?$_Tree_node@U?$pair@$$CBHPAVFontType@@@std@@PAX@0@IPAU10@@Z 10002580 f i aFont.obj
 0001:000015f0       ??$_Allocate@U?$_Tree_node@U?$pair@$$CBIPAUFunction@@@std@@PAX@std@@@std@@YGPAU?$_Tree_node@U?$pair@$$CBIPAUFunction@@@std@@PAX@0@IPAU10@@Z 100025f0 f i aFont.obj
 0001:00001660       ??$_Allocate@U?$_Tree_node@U?$pair@$$CBIPAX@std@@PAX@std@@@std@@YGPAU?$_Tree_node@U?$pair@$$CBIPAX@std@@PAX@0@IPAU10@@Z 10002660 f i aFont.obj
 0001:000016d0       ??$_Allocate@U_Container_proxy@std@@@std@@YGPAU_Container_proxy@0@IPAU10@@Z 100026d0 f i aFont.obj
 0001:00001740       ??$_Buynode@U?$pair@HPAVFontType@@@std@@@?$_Tree_buy@U?$pair@$$CBHPAVFontType@@@std@@V?$allocator@U?$pair@$$CBHPAVFontType@@@std@@@2@@std@@QAEPAU?$_Tree_node@U?$pair@$$CBHPAVFontType@@@std@@PAX@1@$$QAU?$pair@HPAVFontType@@@1@@Z 10002740 f i aFont.obj
 0001:00001860       ??$_Buynode@U?$pair@IPAUFunction@@@std@@@?$_Tree_buy@U?$pair@$$CBIPAUFunction@@@std@@V?$allocator@U?$pair@$$CBIPAUFunction@@@std@@@2@@std@@QAEPAU?$_Tree_node@U?$pair@$$CBIPAUFunction@@@std@@PAX@1@$$QAU?$pair@IPAUFunction@@@1@@Z 10002860 f i aFont.obj
 0001:00001980       ??$_Buynode_if_nil@AAU?$pair@$$CBHPAVFontType@@@std@@@?$_Tree@V?$_Tmap_traits@HPAVFontType@@U?$less@H@std@@V?$allocator@U?$pair@$$CBHPAVFontType@@@std@@@3@$0A@@std@@@std@@IAEPAU?$_Tree_node@U?$pair@$$CBHPAVFontType@@@std@@PAX@1@PAU21@AAU?$pair@$$CBHPAVFontType@@@1@@Z 10002980 f i aFont.obj
 0001:000019b0       ??$_Buynode_if_nil@AAU?$pair@$$CBIPAUFunction@@@std@@@?$_Tree@V?$_Tmap_traits@IPAUFunction@@UFcmp@@V?$allocator@U?$pair@$$CBIPAUFunction@@@std@@@std@@$0A@@std@@@std@@IAEPAU?$_Tree_node@U?$pair@$$CBIPAUFunction@@@std@@PAX@1@PAU21@AAU?$pair@$$CBIPAUFunction@@@1@@Z 100029b0 f i aFont.obj
 0001:000019e0       ??$_Debug_lt_pred@U?$less@H@std@@HH@std@@YG_NU?$less@H@0@ABH1PB_WI@Z 100029e0 f i aFont.obj
 0001:00001a60       ??$_Debug_lt_pred@UFcmp@@II@std@@YG_NUFcmp@@ABI1PB_WI@Z 10002a60 f i aFont.obj
 0001:00001af0       ??$_Debug_pointer@D@std@@YGXPBDPB_WI@Z 10002af0 f i aFont.obj
 0001:00001b40       ??$_Insert_at@AAU?$pair@$$CBHPAVFontType@@@std@@PAU?$_Tree_node@U?$pair@$$CBHPAVFontType@@@std@@PAX@2@@?$_Tree@V?$_Tmap_traits@HPAVFontType@@U?$less@H@std@@V?$allocator@U?$pair@$$CBHPAVFontType@@@std@@@3@$0A@@std@@@std@@IAE?AV?$_Tree_iterator@V?$_Tree_val@U?$_Tree_simple_types@U?$pair@$$CBHPAVFontType@@@std@@@std@@@std@@@1@_NPAU?$_Tree_node@U?$pair@$$CBHPAVFontType@@@std@@PAX@1@AAU?$pair@$$CBHPAVFontType@@@1@1@Z 10002b40 f i aFont.obj
 0001:00001f00       ??$_Insert_at@AAU?$pair@$$CBIPAUFunction@@@std@@PAU?$_Tree_node@U?$pair@$$CBIPAUFunction@@@std@@PAX@2@@?$_Tree@V?$_Tmap_traits@IPAUFunction@@UFcmp@@V?$allocator@U?$pair@$$CBIPAUFunction@@@std@@@std@@$0A@@std@@@std@@IAE?AV?$_Tree_iterator@V?$_Tree_val@U?$_Tree_simple_types@U?$pair@$$CBIPAUFunction@@@std@@@std@@@std@@@1@_NPAU?$_Tree_node@U?$pair@$$CBIPAUFunction@@@std@@PAX@1@AAU?$pair@$$CBIPAUFunction@@@1@1@Z 10002f00 f i aFont.obj
 0001:000022c0       ??$_Insert_hint@AAU?$pair@$$CBHPAVFontType@@@std@@PAU?$_Tree_node@U?$pair@$$CBHPAVFontType@@@std@@PAX@2@@?$_Tree@V?$_Tmap_traits@HPAVFontType@@U?$less@H@std@@V?$allocator@U?$pair@$$CBHPAVFontType@@@std@@@3@$0A@@std@@@std@@IAE?AV?$_Tree_iterator@V?$_Tree_val@U?$_Tree_simple_types@U?$pair@$$CBHPAVFontType@@@std@@@std@@@std@@@1@V?$_Tree_const_iterator@V?$_Tree_val@U?$_Tree_simple_types@U?$pair@$$CBHPAVFontType@@@std@@@std@@@std@@@1@AAU?$pair@$$CBHPAVFontType@@@1@PAU?$_Tree_node@U?$pair@$$CBHPAVFontType@@@std@@PAX@1@@Z 100032c0 f i aFont.obj
 0001:00003500       ??$_Insert_hint@AAU?$pair@$$CBIPAUFunction@@@std@@PAU?$_Tree_node@U?$pair@$$CBIPAUFunction@@@std@@PAX@2@@?$_Tree@V?$_Tmap_traits@IPAUFunction@@UFcmp@@V?$allocator@U?$pair@$$CBIPAUFunction@@@std@@@std@@$0A@@std@@@std@@IAE?AV?$_Tree_iterator@V?$_Tree_val@U?$_Tree_simple_types@U?$pair@$$CBIPAUFunction@@@std@@@std@@@std@@@1@V?$_Tree_const_iterator@V?$_Tree_val@U?$_Tree_simple_types@U?$pair@$$CBIPAUFunction@@@std@@@std@@@std@@@1@AAU?$pair@$$CBIPAUFunction@@@1@PAU?$_Tree_node@U?$pair@$$CBIPAUFunction@@@std@@PAX@1@@Z 10004500 f i aFont.obj
 0001:00004740       ??$_Insert_nohint@AAU?$pair@$$CBHPAVFontType@@@std@@PAU?$_Tree_node@U?$pair@$$CBHPAVFontType@@@std@@PAX@2@@?$_Tree@V?$_Tmap_traits@HPAVFontType@@U?$less@H@std@@V?$allocator@U?$pair@$$CBHPAVFontType@@@std@@@3@$0A@@std@@@std@@IAE?AU?$pair@V?$_Tree_iterator@V?$_Tree_val@U?$_Tree_simple_types@U?$pair@$$CBHPAVFontType@@@std@@@std@@@std@@@std@@_N@1@_NAAU?$pair@$$CBHPAVFontType@@@1@PAU?$_Tree_node@U?$pair@$$CBHPAVFontType@@@std@@PAX@1@@Z 10005740 f i aFont.obj
 0001:00004de0       ??$_Insert_nohint@AAU?$pair@$$CBIPAUFunction@@@std@@PAU?$_Tree_node@U?$pair@$$CBIPAUFunction@@@std@@PAX@2@@?$_Tree@V?$_Tmap_traits@IPAUFunction@@UFcmp@@V?$allocator@U?$pair@$$CBIPAUFunction@@@std@@@std@@$0A@@std@@@std@@IAE?AU?$pair@V?$_Tree_iterator@V?$_Tree_val@U?$_Tree_simple_types@U?$pair@$$CBIPAUFunction@@@std@@@std@@@std@@@std@@_N@1@_NAAU?$pair@$$CBIPAUFunction@@@1@PAU?$_Tree_node@U?$pair@$$CBIPAUFunction@@@std@@PAX@1@@Z 10005de0 f i aFont.obj
 0001:00005480       ??$_Kfn@$$CBHPAVFontType@@@?$_Tmap_traits@HPAVFontType@@U?$less@H@std@@V?$allocator@U?$pair@$$CBHPAVFontType@@@std@@@3@$0A@@std@@SGABHABU?$pair@$$CBHPAVFontType@@@1@@Z 10006480 f i aFont.obj
 0001:000054b0       ??$_Kfn@$$CBIPAUFunction@@@?$_Tmap_traits@IPAUFunction@@UFcmp@@V?$allocator@U?$pair@$$CBIPAUFunction@@@std@@@std@@$0A@@std@@SGABIABU?$pair@$$CBIPAUFunction@@@1@@Z 100064b0 f i aFont.obj
 0001:000054e0       ??$_Move@AAD@std@@YG$$QADAAD@Z 100064e0 f i aFont.obj
 0001:00005510       ??$addressof@D@std@@YGPADAAD@Z 10006510 f i aFont.obj
 0001:00005540       ??$addressof@PAU?$_Tree_node@U?$pair@$$CBHPAVFontType@@@std@@PAX@std@@@std@@YGPAPAU?$_Tree_node@U?$pair@$$CBHPAVFontType@@@std@@PAX@0@AAPAU10@@Z 10006540 f i aFont.obj
 0001:00005570       ??$addressof@PAU?$_Tree_node@U?$pair@$$CBIPAUFunction@@@std@@PAX@std@@@std@@YGPAPAU?$_Tree_node@U?$pair@$$CBIPAUFunction@@@std@@PAX@0@AAPAU10@@Z 10006570 f i aFont.obj
 0001:000055a0       ??$addressof@PAU?$_Tree_node@U?$pair@$$CBIPAX@std@@PAX@std@@@std@@YGPAPAU?$_Tree_node@U?$pair@$$CBIPAX@std@@PAX@0@AAPAU10@@Z 100065a0 f i aFont.obj
 0001:000055d0       ??$addressof@U?$pair@$$CBHPAVFontType@@@std@@@std@@YGPAU?$pair@$$CBHPAVFontType@@@0@AAU10@@Z 100065d0 f i aFont.obj
 0001:00005600       ??$addressof@U?$pair@$$CBIPAUFunction@@@std@@@std@@YGPAU?$pair@$$CBIPAUFunction@@@0@AAU10@@Z 10006600 f i aFont.obj
 0001:00005630       ??$addressof@U?$pair@$$CBIPAX@std@@@std@@YGPAU?$pair@$$CBIPAX@0@AAU10@@Z 10006630 f i aFont.obj
 0001:00005660       ??$construct@PADAAPAD@?$_Wrap_alloc@V?$allocator@D@std@@@std@@QAEXPAPADAAPAD@Z 10006660 f i aFont.obj
 0001:000056b0       ??$construct@PADAAPAD@?$allocator@D@std@@QAEXPAPADAAPAD@Z 100066b0 f i aFont.obj
 0001:00005780       ??$construct@PADAAPAD@?$allocator_traits@V?$allocator@D@std@@@std@@SGXAAV?$allocator@D@1@PAPADAAPAD@Z 10006780 f i aFont.obj
 0001:000057d0       ??$construct@PAU?$_Tree_node@U?$pair@$$CBHPAVFontType@@@std@@PAX@std@@AAPAU12@@?$_Wrap_alloc@V?$allocator@U?$_Tree_node@U?$pair@$$CBHPAVFontType@@@std@@PAX@std@@@std@@@std@@QAEXPAPAU?$_Tree_node@U?$pair@$$CBHPAVFontType@@@std@@PAX@1@AAPAU21@@Z 100067d0 f i aFont.obj
 0001:00005820       ??$construct@PAU?$_Tree_node@U?$pair@$$CBHPAVFontType@@@std@@PAX@std@@AAPAU12@@?$allocator@U?$_Tree_node@U?$pair@$$CBHPAVFontType@@@std@@PAX@std@@@std@@QAEXPAPAU?$_Tree_node@U?$pair@$$CBHPAVFontType@@@std@@PAX@1@AAPAU21@@Z 10006820 f i aFont.obj
 0001:000058f0       ??$construct@PAU?$_Tree_node@U?$pair@$$CBHPAVFontType@@@std@@PAX@std@@AAPAU12@@?$allocator_traits@V?$allocator@U?$_Tree_node@U?$pair@$$CBHPAVFontType@@@std@@PAX@std@@@std@@@std@@SGXAAV?$allocator@U?$_Tree_node@U?$pair@$$CBHPAVFontType@@@std@@PAX@std@@@1@PAPAU?$_Tree_node@U?$pair@$$CBHPAVFontType@@@std@@PAX@1@AAPAU31@@Z 100068f0 f i aFont.obj
 0001:00005940       ??$construct@PAU?$_Tree_node@U?$pair@$$CBIPAUFunction@@@std@@PAX@std@@AAPAU12@@?$_Wrap_alloc@V?$allocator@U?$_Tree_node@U?$pair@$$CBIPAUFunction@@@std@@PAX@std@@@std@@@std@@QAEXPAPAU?$_Tree_node@U?$pair@$$CBIPAUFunction@@@std@@PAX@1@AAPAU21@@Z 10006940 f i aFont.obj
 0001:00005990       ??$construct@PAU?$_Tree_node@U?$pair@$$CBIPAUFunction@@@std@@PAX@std@@AAPAU12@@?$allocator@U?$_Tree_node@U?$pair@$$CBIPAUFunction@@@std@@PAX@std@@@std@@QAEXPAPAU?$_Tree_node@U?$pair@$$CBIPAUFunction@@@std@@PAX@1@AAPAU21@@Z 10006990 f i aFont.obj
 0001:00005a60       ??$construct@PAU?$_Tree_node@U?$pair@$$CBIPAUFunction@@@std@@PAX@std@@AAPAU12@@?$allocator_traits@V?$allocator@U?$_Tree_node@U?$pair@$$CBIPAUFunction@@@std@@PAX@std@@@std@@@std@@SGXAAV?$allocator@U?$_Tree_node@U?$pair@$$CBIPAUFunction@@@std@@PAX@std@@@1@PAPAU?$_Tree_node@U?$pair@$$CBIPAUFunction@@@std@@PAX@1@AAPAU31@@Z 10006a60 f i aFont.obj
 0001:00005ab0       ??$construct@PAU?$_Tree_node@U?$pair@$$CBIPAX@std@@PAX@std@@AAPAU12@@?$_Wrap_alloc@V?$allocator@U?$_Tree_node@U?$pair@$$CBIPAX@std@@PAX@std@@@std@@@std@@QAEXPAPAU?$_Tree_node@U?$pair@$$CBIPAX@std@@PAX@1@AAPAU21@@Z 10006ab0 f i aFont.obj
 0001:00005b00       ??$construct@PAU?$_Tree_node@U?$pair@$$CBIPAX@std@@PAX@std@@AAPAU12@@?$allocator@U?$_Tree_node@U?$pair@$$CBIPAX@std@@PAX@std@@@std@@QAEXPAPAU?$_Tree_node@U?$pair@$$CBIPAX@std@@PAX@1@AAPAU21@@Z 10006b00 f i aFont.obj
 0001:00005bd0       ??$construct@PAU?$_Tree_node@U?$pair@$$CBIPAX@std@@PAX@std@@AAPAU12@@?$allocator_traits@V?$allocator@U?$_Tree_node@U?$pair@$$CBIPAX@std@@PAX@std@@@std@@@std@@SGXAAV?$allocator@U?$_Tree_node@U?$pair@$$CBIPAX@std@@PAX@std@@@1@PAPAU?$_Tree_node@U?$pair@$$CBIPAX@std@@PAX@1@AAPAU31@@Z 10006bd0 f i aFont.obj
 0001:00005c20       ??$construct@U?$pair@$$CBHPAVFontType@@@std@@U?$pair@HPAVFontType@@@2@@?$_Wrap_alloc@V?$allocator@U?$_Tree_node@U?$pair@$$CBHPAVFontType@@@std@@PAX@std@@@std@@@std@@QAEXPAU?$pair@$$CBHPAVFontType@@@1@$$QAU?$pair@HPAVFontType@@@1@@Z 10006c20 f i aFont.obj
 0001:00005c70       ??$construct@U?$pair@$$CBHPAVFontType@@@std@@U?$pair@HPAVFontType@@@2@@?$allocator@U?$_Tree_node@U?$pair@$$CBHPAVFontType@@@std@@PAX@std@@@std@@QAEXPAU?$pair@$$CBHPAVFontType@@@1@$$QAU?$pair@HPAVFontType@@@1@@Z 10006c70 f i aFont.obj
 0001:00005d40       ??$construct@U?$pair@$$CBHPAVFontType@@@std@@U?$pair@HPAVFontType@@@2@@?$allocator_traits@V?$allocator@U?$_Tree_node@U?$pair@$$CBHPAVFontType@@@std@@PAX@std@@@std@@@std@@SGXAAV?$allocator@U?$_Tree_node@U?$pair@$$CBHPAVFontType@@@std@@PAX@std@@@1@PAU?$pair@$$CBHPAVFontType@@@1@$$QAU?$pair@HPAVFontType@@@1@@Z 10006d40 f i aFont.obj
 0001:00005d90       ??$construct@U?$pair@$$CBIPAUFunction@@@std@@U?$pair@IPAUFunction@@@2@@?$_Wrap_alloc@V?$allocator@U?$_Tree_node@U?$pair@$$CBIPAUFunction@@@std@@PAX@std@@@std@@@std@@QAEXPAU?$pair@$$CBIPAUFunction@@@1@$$QAU?$pair@IPAUFunction@@@1@@Z 10006d90 f i aFont.obj
 0001:00005de0       ??$construct@U?$pair@$$CBIPAUFunction@@@std@@U?$pair@IPAUFunction@@@2@@?$allocator@U?$_Tree_node@U?$pair@$$CBIPAUFunction@@@std@@PAX@std@@@std@@QAEXPAU?$pair@$$CBIPAUFunction@@@1@$$QAU?$pair@IPAUFunction@@@1@@Z 10006de0 f i aFont.obj
 0001:00005eb0       ??$construct@U?$pair@$$CBIPAUFunction@@@std@@U?$pair@IPAUFunction@@@2@@?$allocator_traits@V?$allocator@U?$_Tree_node@U?$pair@$$CBIPAUFunction@@@std@@PAX@std@@@std@@@std@@SGXAAV?$allocator@U?$_Tree_node@U?$pair@$$CBIPAUFunction@@@std@@PAX@std@@@1@PAU?$pair@$$CBIPAUFunction@@@1@$$QAU?$pair@IPAUFunction@@@1@@Z 10006eb0 f i aFont.obj
 0001:00005f00       ??$construct@U_Container_proxy@std@@U12@@?$_Wrap_alloc@V?$allocator@U_Container_proxy@std@@@std@@@std@@QAEXPAU_Container_proxy@1@$$QAU21@@Z 10006f00 f i aFont.obj
 0001:00005f50       ??$construct@U_Container_proxy@std@@U12@@?$allocator@U_Container_proxy@std@@@std@@QAEXPAU_Container_proxy@1@$$QAU21@@Z 10006f50 f i aFont.obj
 0001:00006020       ??$construct@U_Container_proxy@std@@U12@@?$allocator_traits@V?$allocator@U_Container_proxy@std@@@std@@@std@@SGXAAV?$allocator@U_Container_proxy@std@@@1@PAU_Container_proxy@1@$$QAU31@@Z 10007020 f i aFont.obj
 0001:00006070       ??$destroy@PAD@?$_Wrap_alloc@V?$allocator@D@std@@@std@@QAEXPAPAD@Z 10007070 f i aFont.obj
 0001:000060c0       ??$destroy@PAD@?$allocator@D@std@@QAEXPAPAD@Z 100070c0 f i aFont.obj
 0001:000060f0       ??$destroy@PAD@?$allocator_traits@V?$allocator@D@std@@@std@@SGXAAV?$allocator@D@1@PAPAD@Z 100070f0 f i aFont.obj
 0001:00006130       ??$destroy@PAU?$_Tree_node@U?$pair@$$CBHPAVFontType@@@std@@PAX@std@@@?$_Wrap_alloc@V?$allocator@U?$_Tree_node@U?$pair@$$CBHPAVFontType@@@std@@PAX@std@@@std@@@std@@QAEXPAPAU?$_Tree_node@U?$pair@$$CBHPAVFontType@@@std@@PAX@1@@Z 10007130 f i aFont.obj
 0001:00006180       ??$destroy@PAU?$_Tree_node@U?$pair@$$CBHPAVFontType@@@std@@PAX@std@@@?$allocator@U?$_Tree_node@U?$pair@$$CBHPAVFontType@@@std@@PAX@std@@@std@@QAEXPAPAU?$_Tree_node@U?$pair@$$CBHPAVFontType@@@std@@PAX@1@@Z 10007180 f i aFont.obj
 0001:000061b0       ??$destroy@PAU?$_Tree_node@U?$pair@$$CBHPAVFontType@@@std@@PAX@std@@@?$allocator_traits@V?$allocator@U?$_Tree_node@U?$pair@$$CBHPAVFontType@@@std@@PAX@std@@@std@@@std@@SGXAAV?$allocator@U?$_Tree_node@U?$pair@$$CBHPAVFontType@@@std@@PAX@std@@@1@PAPAU?$_Tree_node@U?$pair@$$CBHPAVFontType@@@std@@PAX@1@@Z 100071b0 f i aFont.obj
 0001:000061f0       ??$destroy@PAU?$_Tree_node@U?$pair@$$CBIPAUFunction@@@std@@PAX@std@@@?$_Wrap_alloc@V?$allocator@U?$_Tree_node@U?$pair@$$CBIPAUFunction@@@std@@PAX@std@@@std@@@std@@QAEXPAPAU?$_Tree_node@U?$pair@$$CBIPAUFunction@@@std@@PAX@1@@Z 100071f0 f i aFont.obj
 0001:00006240       ??$destroy@PAU?$_Tree_node@U?$pair@$$CBIPAUFunction@@@std@@PAX@std@@@?$allocator@U?$_Tree_node@U?$pair@$$CBIPAUFunction@@@std@@PAX@std@@@std@@QAEXPAPAU?$_Tree_node@U?$pair@$$CBIPAUFunction@@@std@@PAX@1@@Z 10007240 f i aFont.obj
 0001:00006270       ??$destroy@PAU?$_Tree_node@U?$pair@$$CBIPAUFunction@@@std@@PAX@std@@@?$allocator_traits@V?$allocator@U?$_Tree_node@U?$pair@$$CBIPAUFunction@@@std@@PAX@std@@@std@@@std@@SGXAAV?$allocator@U?$_Tree_node@U?$pair@$$CBIPAUFunction@@@std@@PAX@std@@@1@PAPAU?$_Tree_node@U?$pair@$$CBIPAUFunction@@@std@@PAX@1@@Z 10007270 f i aFont.obj
 0001:000062b0       ??$destroy@PAU?$_Tree_node@U?$pair@$$CBIPAX@std@@PAX@std@@@?$_Wrap_alloc@V?$allocator@U?$_Tree_node@U?$pair@$$CBIPAX@std@@PAX@std@@@std@@@std@@QAEXPAPAU?$_Tree_node@U?$pair@$$CBIPAX@std@@PAX@1@@Z 100072b0 f i aFont.obj
 0001:00006300       ??$destroy@PAU?$_Tree_node@U?$pair@$$CBIPAX@std@@PAX@std@@@?$allocator@U?$_Tree_node@U?$pair@$$CBIPAX@std@@PAX@std@@@std@@QAEXPAPAU?$_Tree_node@U?$pair@$$CBIPAX@std@@PAX@1@@Z 10007300 f i aFont.obj
 0001:00006330       ??$destroy@PAU?$_Tree_node@U?$pair@$$CBIPAX@std@@PAX@std@@@?$allocator_traits@V?$allocator@U?$_Tree_node@U?$pair@$$CBIPAX@std@@PAX@std@@@std@@@std@@SGXAAV?$allocator@U?$_Tree_node@U?$pair@$$CBIPAX@std@@PAX@std@@@1@PAPAU?$_Tree_node@U?$pair@$$CBIPAX@std@@PAX@1@@Z 10007330 f i aFont.obj
 0001:00006370       ??$destroy@U?$pair@$$CBHPAVFontType@@@std@@@?$_Wrap_alloc@V?$allocator@U?$_Tree_node@U?$pair@$$CBHPAVFontType@@@std@@PAX@std@@@std@@@std@@QAEXPAU?$pair@$$CBHPAVFontType@@@1@@Z 10007370 f i aFont.obj
 0001:000063c0       ??$destroy@U?$pair@$$CBHPAVFontType@@@std@@@?$allocator@U?$_Tree_node@U?$pair@$$CBHPAVFontType@@@std@@PAX@std@@@std@@QAEXPAU?$pair@$$CBHPAVFontType@@@1@@Z 100073c0 f i aFont.obj
 0001:000063f0       ??$destroy@U?$pair@$$CBHPAVFontType@@@std@@@?$allocator_traits@V?$allocator@U?$_Tree_node@U?$pair@$$CBHPAVFontType@@@std@@PAX@std@@@std@@@std@@SGXAAV?$allocator@U?$_Tree_node@U?$pair@$$CBHPAVFontType@@@std@@PAX@std@@@1@PAU?$pair@$$CBHPAVFontType@@@1@@Z 100073f0 f i aFont.obj
 0001:00006430       ??$destroy@U?$pair@$$CBIPAUFunction@@@std@@@?$_Wrap_alloc@V?$allocator@U?$_Tree_node@U?$pair@$$CBIPAUFunction@@@std@@PAX@std@@@std@@@std@@QAEXPAU?$pair@$$CBIPAUFunction@@@1@@Z 10007430 f i aFont.obj
 0001:00006480       ??$destroy@U?$pair@$$CBIPAUFunction@@@std@@@?$allocator@U?$_Tree_node@U?$pair@$$CBIPAUFunction@@@std@@PAX@std@@@std@@QAEXPAU?$pair@$$CBIPAUFunction@@@1@@Z 10007480 f i aFont.obj
 0001:000064b0       ??$destroy@U?$pair@$$CBIPAUFunction@@@std@@@?$allocator_traits@V?$allocator@U?$_Tree_node@U?$pair@$$CBIPAUFunction@@@std@@PAX@std@@@std@@@std@@SGXAAV?$allocator@U?$_Tree_node@U?$pair@$$CBIPAUFunction@@@std@@PAX@std@@@1@PAU?$pair@$$CBIPAUFunction@@@1@@Z 100074b0 f i aFont.obj
 0001:000064f0       ??$destroy@U?$pair@$$CBIPAX@std@@@?$_Wrap_alloc@V?$allocator@U?$_Tree_node@U?$pair@$$CBIPAX@std@@PAX@std@@@std@@@std@@QAEXPAU?$pair@$$CBIPAX@1@@Z 100074f0 f i aFont.obj
 0001:00006540       ??$destroy@U?$pair@$$CBIPAX@std@@@?$allocator@U?$_Tree_node@U?$pair@$$CBIPAX@std@@PAX@std@@@std@@QAEXPAU?$pair@$$CBIPAX@1@@Z 10007540 f i aFont.obj
 0001:00006570       ??$destroy@U?$pair@$$CBIPAX@std@@@?$allocator_traits@V?$allocator@U?$_Tree_node@U?$pair@$$CBIPAX@std@@PAX@std@@@std@@@std@@SGXAAV?$allocator@U?$_Tree_node@U?$pair@$$CBIPAX@std@@PAX@std@@@1@PAU?$pair@$$CBIPAX@1@@Z 10007570 f i aFont.obj
 0001:000065b0       ??$destroy@U_Container_proxy@std@@@?$_Wrap_alloc@V?$allocator@U_Container_proxy@std@@@std@@@std@@QAEXPAU_Container_proxy@1@@Z 100075b0 f i aFont.obj
 0001:00006600       ??$destroy@U_Container_proxy@std@@@?$allocator@U_Container_proxy@std@@@std@@QAEXPAU_Container_proxy@1@@Z 10007600 f i aFont.obj
 0001:00006630       ??$destroy@U_Container_proxy@std@@@?$allocator_traits@V?$allocator@U_Container_proxy@std@@@std@@@std@@SGXAAV?$allocator@U_Container_proxy@std@@@1@PAU_Container_proxy@1@@Z 10007630 f i aFont.obj
 0001:00006670       ??$forward@AAPAD@std@@YGAAPADAAPAD@Z 10007670 f i aFont.obj
 0001:000066a0       ??$forward@AAPAU?$_Tree_node@U?$pair@$$CBHPAVFontType@@@std@@PAX@std@@@std@@YGAAPAU?$_Tree_node@U?$pair@$$CBHPAVFontType@@@std@@PAX@0@AAPAU10@@Z 100076a0 f i aFont.obj
 0001:000066d0       ??$forward@AAPAU?$_Tree_node@U?$pair@$$CBIPAUFunction@@@std@@PAX@std@@@std@@YGAAPAU?$_Tree_node@U?$pair@$$CBIPAUFunction@@@std@@PAX@0@AAPAU10@@Z 100076d0 f i aFont.obj
 0001:00006700       ??$forward@AAPAU?$_Tree_node@U?$pair@$$CBIPAX@std@@PAX@std@@@std@@YGAAPAU?$_Tree_node@U?$pair@$$CBIPAX@std@@PAX@0@AAPAU10@@Z 10007700 f i aFont.obj
 0001:00006730       ??$forward@AAU?$pair@$$CBHPAVFontType@@@std@@@std@@YGAAU?$pair@$$CBHPAVFontType@@@0@AAU10@@Z 10007730 f i aFont.obj
 0001:00006760       ??$forward@AAU?$pair@$$CBIPAUFunction@@@std@@@std@@YGAAU?$pair@$$CBIPAUFunction@@@0@AAU10@@Z 10007760 f i aFont.obj
 0001:00006790       ??$forward@AAV?$_Tree_iterator@V?$_Tree_val@U?$_Tree_simple_types@U?$pair@$$CBHPAVFontType@@@std@@@std@@@std@@@std@@@std@@YGAAV?$_Tree_iterator@V?$_Tree_val@U?$_Tree_simple_types@U?$pair@$$CBHPAVFontType@@@std@@@std@@@std@@@0@AAV10@@Z 10007790 f i aFont.obj
 0001:000067c0       ??$forward@AAV?$_Tree_iterator@V?$_Tree_val@U?$_Tree_simple_types@U?$pair@$$CBIPAUFunction@@@std@@@std@@@std@@@std@@@std@@YGAAV?$_Tree_iterator@V?$_Tree_val@U?$_Tree_simple_types@U?$pair@$$CBIPAUFunction@@@std@@@std@@@std@@@0@AAV10@@Z 100077c0 f i aFont.obj
 0001:000067f0       ??$forward@ABH@std@@YGABHABH@Z 100077f0 f i aFont.obj
 0001:00006820       ??$forward@H@std@@YG$$QAHAAH@Z 10007820 f i aFont.obj
 0001:00006850       ??$forward@I@std@@YG$$QAIAAI@Z 10007850 f i aFont.obj
 0001:00006880       ??$forward@PAUFunction@@@std@@YG$$QAPAUFunction@@AAPAU1@@Z 10007880 f i aFont.obj
 0001:000068b0       ??$forward@PAVFontType@@@std@@YG$$QAPAVFontType@@AAPAV1@@Z 100078b0 f i aFont.obj
 0001:000068e0       ??$forward@U?$pair@HPAVFontType@@@std@@@std@@YG$$QAU?$pair@HPAVFontType@@@0@AAU10@@Z 100078e0 f i aFont.obj
 0001:00006910       ??$forward@U?$pair@IPAUFunction@@@std@@@std@@YG$$QAU?$pair@IPAUFunction@@@0@AAU10@@Z 10007910 f i aFont.obj
 0001:00006940       ??$forward@U_Container_proxy@std@@@std@@YG$$QAU_Container_proxy@0@AAU10@@Z 10007940 f i aFont.obj
 0001:00006970       ??$forward@V?$_Tree_iterator@V?$_Tree_val@U?$_Tree_simple_types@U?$pair@$$CBHPAVFontType@@@std@@@std@@@std@@@std@@@std@@YG$$QAV?$_Tree_iterator@V?$_Tree_val@U?$_Tree_simple_types@U?$pair@$$CBHPAVFontType@@@std@@@std@@@std@@@0@AAV10@@Z 10007970 f i aFont.obj
 0001:000069a0       ??$forward@V?$_Tree_iterator@V?$_Tree_val@U?$_Tree_simple_types@U?$pair@$$CBIPAUFunction@@@std@@@std@@@std@@@std@@@std@@YG$$QAV?$_Tree_iterator@V?$_Tree_val@U?$_Tree_simple_types@U?$pair@$$CBIPAUFunction@@@std@@@std@@@std@@@0@AAV10@@Z 100079a0 f i aFont.obj
 0001:000069d0       ??$forward@_N@std@@YG$$QA_NAA_N@Z 100079d0 f i aFont.obj
 0001:00006a00       ??$insert@U?$pair@HPAVFontType@@@std@@@?$_Tree@V?$_Tmap_traits@HPAVFontType@@U?$less@H@std@@V?$allocator@U?$pair@$$CBHPAVFontType@@@std@@@3@$0A@@std@@@std@@QAE?AV?$_Tree_iterator@V?$_Tree_val@U?$_Tree_simple_types@U?$pair@$$CBHPAVFontType@@@std@@@std@@@std@@@1@V?$_Tree_const_iterator@V?$_Tree_val@U?$_Tree_simple_types@U?$pair@$$CBHPAVFontType@@@std@@@std@@@std@@@1@$$QAU?$pair@HPAVFontType@@@1@@Z 10007a00 f i aFont.obj
 0001:00006af0       ??$insert@U?$pair@IPAUFunction@@@std@@@?$_Tree@V?$_Tmap_traits@IPAUFunction@@UFcmp@@V?$allocator@U?$pair@$$CBIPAUFunction@@@std@@@std@@$0A@@std@@@std@@QAE?AV?$_Tree_iterator@V?$_Tree_val@U?$_Tree_simple_types@U?$pair@$$CBIPAUFunction@@@std@@@std@@@std@@@1@V?$_Tree_const_iterator@V?$_Tree_val@U?$_Tree_simple_types@U?$pair@$$CBIPAUFunction@@@std@@@std@@@std@@@1@$$QAU?$pair@IPAUFunction@@@1@@Z 10007af0 f i aFont.obj
 0001:00006be0       ??$move@AAH@std@@YG$$QAHAAH@Z 10007be0 f i aFont.obj
 0001:00006c10       ??$move@AAI@std@@YG$$QAIAAI@Z 10007c10 f i aFont.obj
 0001:00006c40       ??$swap@D@std@@YGXAAD0@Z   10007c40 f i aFont.obj
 0001:00006cd0       ??0?$_Iterator012@Ubidirectional_iterator_tag@std@@U?$pair@$$CBHPAVFontType@@@2@HPBU32@ABU32@U_Iterator_base12@2@@std@@QAE@ABU01@@Z 10007cd0 f i aFont.obj
 0001:00006d20       ??0?$_Iterator012@Ubidirectional_iterator_tag@std@@U?$pair@$$CBHPAVFontType@@@2@HPBU32@ABU32@U_Iterator_base12@2@@std@@QAE@XZ 10007d20 f i aFont.obj
 0001:00006d70       ??0?$_Iterator012@Ubidirectional_iterator_tag@std@@U?$pair@$$CBIPAUFunction@@@2@HPBU32@ABU32@U_Iterator_base12@2@@std@@QAE@ABU01@@Z 10007d70 f i aFont.obj
 0001:00006dc0       ??0?$_Iterator012@Ubidirectional_iterator_tag@std@@U?$pair@$$CBIPAUFunction@@@2@HPBU32@ABU32@U_Iterator_base12@2@@std@@QAE@XZ 10007dc0 f i aFont.obj
 0001:00006e10       ??0?$_Iterator012@Ubidirectional_iterator_tag@std@@U?$pair@$$CBIPAX@2@HPBU32@ABU32@U_Iterator_base12@2@@std@@QAE@ABU01@@Z 10007e10 f i aFont.obj
 0001:00006e60       ??0?$_Iterator012@Ubidirectional_iterator_tag@std@@U?$pair@$$CBIPAX@2@HPBU32@ABU32@U_Iterator_base12@2@@std@@QAE@XZ 10007e60 f i aFont.obj
 0001:00006eb0       ??0?$_String_alloc@$0A@U?$_String_base_types@DV?$allocator@D@std@@@std@@@std@@QAE@ABV?$allocator@D@1@@Z 10007eb0 f i aFont.obj
 0001:00006f40       ??0?$_String_val@U?$_Simple_types@D@std@@@std@@QAE@XZ 10007f40 f i aFont.obj
 0001:00006fa0       ??0?$_Tree@V?$_Tmap_traits@HPAVFontType@@U?$less@H@std@@V?$allocator@U?$pair@$$CBHPAVFontType@@@std@@@3@$0A@@std@@@std@@QAE@ABU?$less@H@1@ABV?$allocator@U?$pair@$$CBHPAVFontType@@@std@@@1@@Z 10007fa0 f i aFont.obj
 0001:00006ff0       ??0?$_Tree@V?$_Tmap_traits@IPAUFunction@@UFcmp@@V?$allocator@U?$pair@$$CBIPAUFunction@@@std@@@std@@$0A@@std@@@std@@QAE@ABUFcmp@@ABV?$allocator@U?$pair@$$CBIPAUFunction@@@std@@@1@@Z 10007ff0 f i aFont.obj
 0001:00007040       ??0?$_Tree@V?$_Tmap_traits@IPAXUVcmp@@V?$allocator@U?$pair@$$CBIPAX@std@@@std@@$0A@@std@@@std@@QAE@ABUVcmp@@ABV?$allocator@U?$pair@$$CBIPAX@std@@@1@@Z 10008040 f i aFont.obj
 0001:00007090       ??0?$_Tree_alloc@$0A@U?$_Tree_base_types@U?$pair@$$CBHPAVFontType@@@std@@V?$allocator@U?$pair@$$CBHPAVFontType@@@std@@@2@@std@@@std@@QAE@ABV?$allocator@U?$pair@$$CBHPAVFontType@@@std@@@1@@Z 10008090 f i aFont.obj
 0001:00007160       ??0?$_Tree_alloc@$0A@U?$_Tree_base_types@U?$pair@$$CBIPAUFunction@@@std@@V?$allocator@U?$pair@$$CBIPAUFunction@@@std@@@2@@std@@@std@@QAE@ABV?$allocator@U?$pair@$$CBIPAUFunction@@@std@@@1@@Z 10008160 f i aFont.obj
 0001:00007230       ??0?$_Tree_alloc@$0A@U?$_Tree_base_types@U?$pair@$$CBIPAX@std@@V?$allocator@U?$pair@$$CBIPAX@std@@@2@@std@@@std@@QAE@ABV?$allocator@U?$pair@$$CBIPAX@std@@@1@@Z 10008230 f i aFont.obj
 0001:00007300       ??0?$_Tree_buy@U?$pair@$$CBHPAVFontType@@@std@@V?$allocator@U?$pair@$$CBHPAVFontType@@@std@@@2@@std@@QAE@ABV?$allocator@U?$pair@$$CBHPAVFontType@@@std@@@1@@Z 10008300 f i aFont.obj
 0001:00007350       ??0?$_Tree_buy@U?$pair@$$CBIPAUFunction@@@std@@V?$allocator@U?$pair@$$CBIPAUFunction@@@std@@@2@@std@@QAE@ABV?$allocator@U?$pair@$$CBIPAUFunction@@@std@@@1@@Z 10008350 f i aFont.obj
 0001:000073a0       ??0?$_Tree_buy@U?$pair@$$CBIPAX@std@@V?$allocator@U?$pair@$$CBIPAX@std@@@2@@std@@QAE@ABV?$allocator@U?$pair@$$CBIPAX@std@@@1@@Z 100083a0 f i aFont.obj
 0001:000073f0       ??0?$_Tree_comp@$0A@V?$_Tmap_traits@HPAVFontType@@U?$less@H@std@@V?$allocator@U?$pair@$$CBHPAVFontType@@@std@@@3@$0A@@std@@@std@@QAE@ABU?$less@H@1@ABV?$allocator@U?$pair@$$CBHPAVFontType@@@std@@@1@@Z 100083f0 f i aFont.obj
 0001:00007440       ??0?$_Tree_comp@$0A@V?$_Tmap_traits@IPAUFunction@@UFcmp@@V?$allocator@U?$pair@$$CBIPAUFunction@@@std@@@std@@$0A@@std@@@std@@QAE@ABUFcmp@@ABV?$allocator@U?$pair@$$CBIPAUFunction@@@std@@@1@@Z 10008440 f i aFont.obj
 0001:00007490       ??0?$_Tree_comp@$0A@V?$_Tmap_traits@IPAXUVcmp@@V?$allocator@U?$pair@$$CBIPAX@std@@@std@@$0A@@std@@@std@@QAE@ABUVcmp@@ABV?$allocator@U?$pair@$$CBIPAX@std@@@1@@Z 10008490 f i aFont.obj
 0001:000074e0       ??0?$_Tree_const_iterator@V?$_Tree_val@U?$_Tree_simple_types@U?$pair@$$CBHPAVFontType@@@std@@@std@@@std@@@std@@QAE@ABV01@@Z 100084e0 f i aFont.obj
 0001:00007530       ??0?$_Tree_const_iterator@V?$_Tree_val@U?$_Tree_simple_types@U?$pair@$$CBHPAVFontType@@@std@@@std@@@std@@@std@@QAE@PAU?$_Tree_node@U?$pair@$$CBHPAVFontType@@@std@@PAX@1@PBV?$_Tree_val@U?$_Tree_simple_types@U?$pair@$$CBHPAVFontType@@@std@@@std@@@1@@Z 10008530 f i aFont.obj
 0001:00007580       ??0?$_Tree_const_iterator@V?$_Tree_val@U?$_Tree_simple_types@U?$pair@$$CBHPAVFontType@@@std@@@std@@@std@@@std@@QAE@XZ 10008580 f i aFont.obj
 0001:000075d0       ??0?$_Tree_const_iterator@V?$_Tree_val@U?$_Tree_simple_types@U?$pair@$$CBIPAUFunction@@@std@@@std@@@std@@@std@@QAE@ABV01@@Z 100085d0 f i aFont.obj
 0001:00007620       ??0?$_Tree_const_iterator@V?$_Tree_val@U?$_Tree_simple_types@U?$pair@$$CBIPAUFunction@@@std@@@std@@@std@@@std@@QAE@PAU?$_Tree_node@U?$pair@$$CBIPAUFunction@@@std@@PAX@1@PBV?$_Tree_val@U?$_Tree_simple_types@U?$pair@$$CBIPAUFunction@@@std@@@std@@@1@@Z 10008620 f i aFont.obj
 0001:00007670       ??0?$_Tree_const_iterator@V?$_Tree_val@U?$_Tree_simple_types@U?$pair@$$CBIPAUFunction@@@std@@@std@@@std@@@std@@QAE@XZ 10008670 f i aFont.obj
 0001:000076c0       ??0?$_Tree_const_iterator@V?$_Tree_val@U?$_Tree_simple_types@U?$pair@$$CBIPAX@std@@@std@@@std@@@std@@QAE@ABV01@@Z 100086c0 f i aFont.obj
 0001:00007710       ??0?$_Tree_const_iterator@V?$_Tree_val@U?$_Tree_simple_types@U?$pair@$$CBIPAX@std@@@std@@@std@@@std@@QAE@PAU?$_Tree_node@U?$pair@$$CBIPAX@std@@PAX@1@PBV?$_Tree_val@U?$_Tree_simple_types@U?$pair@$$CBIPAX@std@@@std@@@1@@Z 10008710 f i aFont.obj
 0001:00007760       ??0?$_Tree_iterator@V?$_Tree_val@U?$_Tree_simple_types@U?$pair@$$CBHPAVFontType@@@std@@@std@@@std@@@std@@QAE@ABV01@@Z 10008760 f i aFont.obj
 0001:000077b0       ??0?$_Tree_iterator@V?$_Tree_val@U?$_Tree_simple_types@U?$pair@$$CBHPAVFontType@@@std@@@std@@@std@@@std@@QAE@PAU?$_Tree_node@U?$pair@$$CBHPAVFontType@@@std@@PAX@1@PBV?$_Tree_val@U?$_Tree_simple_types@U?$pair@$$CBHPAVFontType@@@std@@@std@@@1@@Z 100087b0 f i aFont.obj
 0001:00007800       ??0?$_Tree_iterator@V?$_Tree_val@U?$_Tree_simple_types@U?$pair@$$CBIPAUFunction@@@std@@@std@@@std@@@std@@QAE@ABV01@@Z 10008800 f i aFont.obj
 0001:00007850       ??0?$_Tree_iterator@V?$_Tree_val@U?$_Tree_simple_types@U?$pair@$$CBIPAUFunction@@@std@@@std@@@std@@@std@@QAE@PAU?$_Tree_node@U?$pair@$$CBIPAUFunction@@@std@@PAX@1@PBV?$_Tree_val@U?$_Tree_simple_types@U?$pair@$$CBIPAUFunction@@@std@@@std@@@1@@Z 10008850 f i aFont.obj
 0001:000078a0       ??0?$_Tree_iterator@V?$_Tree_val@U?$_Tree_simple_types@U?$pair@$$CBIPAX@std@@@std@@@std@@@std@@QAE@PAU?$_Tree_node@U?$pair@$$CBIPAX@std@@PAX@1@PBV?$_Tree_val@U?$_Tree_simple_types@U?$pair@$$CBIPAX@std@@@std@@@1@@Z 100088a0 f i aFont.obj
 0001:000078f0       ??0?$_Tree_unchecked_const_iterator@V?$_Tree_val@U?$_Tree_simple_types@U?$pair@$$CBHPAVFontType@@@std@@@std@@@std@@U_Iterator_base12@2@@std@@QAE@ABV01@@Z 100088f0 f i aFont.obj
 0001:00007950       ??0?$_Tree_unchecked_const_iterator@V?$_Tree_val@U?$_Tree_simple_types@U?$pair@$$CBHPAVFontType@@@std@@@std@@@std@@U_Iterator_base12@2@@std@@QAE@PAU?$_Tree_node@U?$pair@$$CBHPAVFontType@@@std@@PAX@1@PBV?$_Tree_val@U?$_Tree_simple_types@U?$pair@$$CBHPAVFontType@@@std@@@std@@@1@@Z 10008950 f i aFont.obj
 0001:000079f0       ??0?$_Tree_unchecked_const_iterator@V?$_Tree_val@U?$_Tree_simple_types@U?$pair@$$CBHPAVFontType@@@std@@@std@@@std@@U_Iterator_base12@2@@std@@QAE@XZ 100089f0 f i aFont.obj
 0001:00007a40       ??0?$_Tree_unchecked_const_iterator@V?$_Tree_val@U?$_Tree_simple_types@U?$pair@$$CBIPAUFunction@@@std@@@std@@@std@@U_Iterator_base12@2@@std@@QAE@ABV01@@Z 10008a40 f i aFont.obj
 0001:00007aa0       ??0?$_Tree_unchecked_const_iterator@V?$_Tree_val@U?$_Tree_simple_types@U?$pair@$$CBIPAUFunction@@@std@@@std@@@std@@U_Iterator_base12@2@@std@@QAE@PAU?$_Tree_node@U?$pair@$$CBIPAUFunction@@@std@@PAX@1@PBV?$_Tree_val@U?$_Tree_simple_types@U?$pair@$$CBIPAUFunction@@@std@@@std@@@1@@Z 10008aa0 f i aFont.obj
 0001:00007b40       ??0?$_Tree_unchecked_const_iterator@V?$_Tree_val@U?$_Tree_simple_types@U?$pair@$$CBIPAUFunction@@@std@@@std@@@std@@U_Iterator_base12@2@@std@@QAE@XZ 10008b40 f i aFont.obj
 0001:00007b90       ??0?$_Tree_unchecked_const_iterator@V?$_Tree_val@U?$_Tree_simple_types@U?$pair@$$CBIPAX@std@@@std@@@std@@U_Iterator_base12@2@@std@@QAE@ABV01@@Z 10008b90 f i aFont.obj
 0001:00007bf0       ??0?$_Tree_unchecked_const_iterator@V?$_Tree_val@U?$_Tree_simple_types@U?$pair@$$CBIPAX@std@@@std@@@std@@U_Iterator_base12@2@@std@@QAE@PAU?$_Tree_node@U?$pair@$$CBIPAX@std@@PAX@1@PBV?$_Tree_val@U?$_Tree_simple_types@U?$pair@$$CBIPAX@std@@@std@@@1@@Z 10008bf0 f i aFont.obj
 0001:00007c90       ??0?$_Tree_val@U?$_Tree_simple_types@U?$pair@$$CBHPAVFontType@@@std@@@std@@@std@@QAE@XZ 10008c90 f i aFont.obj
 0001:00007cf0       ??0?$_Tree_val@U?$_Tree_simple_types@U?$pair@$$CBIPAUFunction@@@std@@@std@@@std@@QAE@XZ 10008cf0 f i aFont.obj
 0001:00007d50       ??0?$_Tree_val@U?$_Tree_simple_types@U?$pair@$$CBIPAX@std@@@std@@@std@@QAE@XZ 10008d50 f i aFont.obj
 0001:00007db0       ??0?$_Wrap_alloc@V?$allocator@D@std@@@std@@QAE@XZ 10008db0 f i aFont.obj
 0001:00007e00       ??0?$_Wrap_alloc@V?$allocator@U?$_Tree_node@U?$pair@$$CBHPAVFontType@@@std@@PAX@std@@@std@@@std@@QAE@XZ 10008e00 f i aFont.obj
 0001:00007e50       ??0?$_Wrap_alloc@V?$allocator@U?$_Tree_node@U?$pair@$$CBIPAUFunction@@@std@@PAX@std@@@std@@@std@@QAE@XZ 10008e50 f i aFont.obj
 0001:00007ea0       ??0?$_Wrap_alloc@V?$allocator@U?$_Tree_node@U?$pair@$$CBIPAX@std@@PAX@std@@@std@@@std@@QAE@XZ 10008ea0 f i aFont.obj
 0001:00007ef0       ??0?$allocator@D@std@@QAE@XZ 10008ef0 f i aFont.obj
 0001:00007f20       ??0?$allocator@U?$_Tree_node@U?$pair@$$CBHPAVFontType@@@std@@PAX@std@@@std@@QAE@XZ 10008f20 f i aFont.obj
 0001:00007f50       ??0?$allocator@U?$_Tree_node@U?$pair@$$CBIPAUFunction@@@std@@PAX@std@@@std@@QAE@XZ 10008f50 f i aFont.obj
 0001:00007f80       ??0?$allocator@U?$_Tree_node@U?$pair@$$CBIPAX@std@@PAX@std@@@std@@QAE@XZ 10008f80 f i aFont.obj
 0001:00007fb0       ??0?$allocator@U?$pair@$$CBHPAVFontType@@@std@@@std@@QAE@XZ 10008fb0 f i aFont.obj
 0001:00007fe0       ??0?$allocator@U?$pair@$$CBIPAUFunction@@@std@@@std@@QAE@XZ 10008fe0 f i aFont.obj
 0001:00008010       ??0?$allocator@U?$pair@$$CBIPAX@std@@@std@@QAE@XZ 10009010 f i aFont.obj
 0001:00008040       ??0?$allocator@U_Container_proxy@std@@@std@@QAE@XZ 10009040 f i aFont.obj
 0001:00008070       ??0?$basic_string@DU?$char_traits@D@std@@V?$allocator@D@2@@std@@QAE@PBD@Z 10009070 f i aFont.obj
 0001:00008110       ??0?$map@HPAVFontType@@U?$less@H@std@@V?$allocator@U?$pair@$$CBHPAVFontType@@@std@@@3@@std@@QAE@XZ 10009110 f i aFont.obj
 0001:00008170       ??0?$map@IPAUFunction@@UFcmp@@V?$allocator@U?$pair@$$CBIPAUFunction@@@std@@@std@@@std@@QAE@XZ 10009170 f i aFont.obj
 0001:000081d0       ??0?$map@IPAXUVcmp@@V?$allocator@U?$pair@$$CBIPAX@std@@@std@@@std@@QAE@XZ 100091d0 f i aFont.obj
 0001:00008230       ??0ApolloClass@@QAE@XZ     10009230 f i aFont.obj
 0001:000082e0       ??0BaseClass@Comm@@QAE@XZ  100092e0 f i aFont.obj
 0001:00008390       ??0BinClass@Data@@QAE@I@Z  10009390 f i aFont.obj
 0001:00008460       ??0FileClass@File@@QAE@XZ  10009460 f i aFont.obj
 0001:00008520       ??0FontType@@QAE@XZ        10009520 f i aFont.obj
 0001:000085b0       ??0Function@@QAE@XZ        100095b0 f i aFont.obj
 0001:00008600       ??0ModIdClass@CRC@@QAE@XZ  10009600 f i aFont.obj
 0001:000086b0       ??0PackClass@Packet@@QAE@XZ 100096b0 f i aFont.obj
 0001:00008760       ??0StringClass@CRC@@QAE@PAD@Z 10009760 f i aFont.obj
 0001:00008810       ??0StringClass@CRC@@QAE@XZ 10009810 f i aFont.obj
 0001:000088a0       ??0StringClass@Data@@QAE@XZ 100098a0 f i aFont.obj
 0001:000088f0       ??0TimeClass@CRC@@QAE@XZ   100098f0 f i aFont.obj
 0001:00008940       ??0_Container_base12@std@@QAE@XZ 10009940 f i aFont.obj
 0001:00008980       ??0_Container_proxy@std@@QAE@XZ 10009980 f i aFont.obj
 0001:000089c0       ??0_Generic_error_category@std@@QAE@XZ 100099c0 f i aFont.obj
 0001:00008a10       ??0_Iostream_error_category@std@@QAE@XZ 10009a10 f i aFont.obj
 0001:00008a60       ??0_Iterator_base12@std@@QAE@ABU01@@Z 10009a60 f i aFont.obj
 0001:00008ac0       ??0_Iterator_base12@std@@QAE@XZ 10009ac0 f i aFont.obj
 0001:00008b00       ??0_System_error_category@std@@QAE@XZ 10009b00 f i aFont.obj
 0001:00008b50       ??0error_category@std@@QAE@XZ 10009b50 f i aFont.obj
 0001:00008b90       ??0error_condition@std@@QAE@HABVerror_category@1@@Z 10009b90 f i aFont.obj
 0001:00008bd0       ??0id@locale@std@@QAE@I@Z  10009bd0 f i aFont.obj
 0001:00008c10       ??1?$_Iterator012@Ubidirectional_iterator_tag@std@@U?$pair@$$CBHPAVFontType@@@2@HPBU32@ABU32@U_Iterator_base12@2@@std@@QAE@XZ 10009c10 f i aFont.obj
 0001:00008c50       ??1?$_Iterator012@Ubidirectional_iterator_tag@std@@U?$pair@$$CBIPAUFunction@@@2@HPBU32@ABU32@U_Iterator_base12@2@@std@@QAE@XZ 10009c50 f i aFont.obj
 0001:00008c90       ??1?$_Iterator012@Ubidirectional_iterator_tag@std@@U?$pair@$$CBIPAX@2@HPBU32@ABU32@U_Iterator_base12@2@@std@@QAE@XZ 10009c90 f i aFont.obj
 0001:00008cd0       ??1?$_String_alloc@$0A@U?$_String_base_types@DV?$allocator@D@std@@@std@@@std@@QAE@XZ 10009cd0 f i aFont.obj
 0001:00008d20       ??1?$_String_val@U?$_Simple_types@D@std@@@std@@QAE@XZ 10009d20 f i aFont.obj
 0001:00008d60       ??1?$_Tree@V?$_Tmap_traits@HPAVFontType@@U?$less@H@std@@V?$allocator@U?$pair@$$CBHPAVFontType@@@std@@@3@$0A@@std@@@std@@QAE@XZ 10009d60 f i aFont.obj
 0001:00008db0       ??1?$_Tree@V?$_Tmap_traits@IPAUFunction@@UFcmp@@V?$allocator@U?$pair@$$CBIPAUFunction@@@std@@@std@@$0A@@std@@@std@@QAE@XZ 10009db0 f i aFont.obj
 0001:00008e00       ??1?$_Tree@V?$_Tmap_traits@IPAXUVcmp@@V?$allocator@U?$pair@$$CBIPAX@std@@@std@@$0A@@std@@@std@@QAE@XZ 10009e00 f i aFont.obj
 0001:00008e50       ??1?$_Tree_alloc@$0A@U?$_Tree_base_types@U?$pair@$$CBHPAVFontType@@@std@@V?$allocator@U?$pair@$$CBHPAVFontType@@@std@@@2@@std@@@std@@QAE@XZ 10009e50 f i aFont.obj
 0001:00008eb0       ??1?$_Tree_alloc@$0A@U?$_Tree_base_types@U?$pair@$$CBIPAUFunction@@@std@@V?$allocator@U?$pair@$$CBIPAUFunction@@@std@@@2@@std@@@std@@QAE@XZ 10009eb0 f i aFont.obj
 0001:00008f10       ??1?$_Tree_alloc@$0A@U?$_Tree_base_types@U?$pair@$$CBIPAX@std@@V?$allocator@U?$pair@$$CBIPAX@std@@@2@@std@@@std@@QAE@XZ 10009f10 f i aFont.obj
 0001:00008f70       ??1?$_Tree_buy@U?$pair@$$CBHPAVFontType@@@std@@V?$allocator@U?$pair@$$CBHPAVFontType@@@std@@@2@@std@@QAE@XZ 10009f70 f i aFont.obj
 0001:00008fb0       ??1?$_Tree_buy@U?$pair@$$CBIPAUFunction@@@std@@V?$allocator@U?$pair@$$CBIPAUFunction@@@std@@@2@@std@@QAE@XZ 10009fb0 f i aFont.obj
 0001:00008ff0       ??1?$_Tree_buy@U?$pair@$$CBIPAX@std@@V?$allocator@U?$pair@$$CBIPAX@std@@@2@@std@@QAE@XZ 10009ff0 f i aFont.obj
 0001:00009030       ??1?$_Tree_comp@$0A@V?$_Tmap_traits@HPAVFontType@@U?$less@H@std@@V?$allocator@U?$pair@$$CBHPAVFontType@@@std@@@3@$0A@@std@@@std@@QAE@XZ 1000a030 f i aFont.obj
 0001:00009070       ??1?$_Tree_comp@$0A@V?$_Tmap_traits@IPAUFunction@@UFcmp@@V?$allocator@U?$pair@$$CBIPAUFunction@@@std@@@std@@$0A@@std@@@std@@QAE@XZ 1000a070 f i aFont.obj
 0001:000090b0       ??1?$_Tree_comp@$0A@V?$_Tmap_traits@IPAXUVcmp@@V?$allocator@U?$pair@$$CBIPAX@std@@@std@@$0A@@std@@@std@@QAE@XZ 1000a0b0 f i aFont.obj
 0001:000090f0       ??1?$_Tree_const_iterator@V?$_Tree_val@U?$_Tree_simple_types@U?$pair@$$CBHPAVFontType@@@std@@@std@@@std@@@std@@QAE@XZ 1000a0f0 f i aFont.obj
 0001:00009130       ??1?$_Tree_const_iterator@V?$_Tree_val@U?$_Tree_simple_types@U?$pair@$$CBIPAUFunction@@@std@@@std@@@std@@@std@@QAE@XZ 1000a130 f i aFont.obj
 0001:00009170       ??1?$_Tree_const_iterator@V?$_Tree_val@U?$_Tree_simple_types@U?$pair@$$CBIPAX@std@@@std@@@std@@@std@@QAE@XZ 1000a170 f i aFont.obj
 0001:000091b0       ??1?$_Tree_iterator@V?$_Tree_val@U?$_Tree_simple_types@U?$pair@$$CBHPAVFontType@@@std@@@std@@@std@@@std@@QAE@XZ 1000a1b0 f i aFont.obj
 0001:000091f0       ??1?$_Tree_iterator@V?$_Tree_val@U?$_Tree_simple_types@U?$pair@$$CBIPAUFunction@@@std@@@std@@@std@@@std@@QAE@XZ 1000a1f0 f i aFont.obj
 0001:00009230       ??1?$_Tree_iterator@V?$_Tree_val@U?$_Tree_simple_types@U?$pair@$$CBIPAX@std@@@std@@@std@@@std@@QAE@XZ 1000a230 f i aFont.obj
 0001:00009270       ??1?$_Tree_unchecked_const_iterator@V?$_Tree_val@U?$_Tree_simple_types@U?$pair@$$CBHPAVFontType@@@std@@@std@@@std@@U_Iterator_base12@2@@std@@QAE@XZ 1000a270 f i aFont.obj
 0001:000092b0       ??1?$_Tree_unchecked_const_iterator@V?$_Tree_val@U?$_Tree_simple_types@U?$pair@$$CBIPAUFunction@@@std@@@std@@@std@@U_Iterator_base12@2@@std@@QAE@XZ 1000a2b0 f i aFont.obj
 0001:000092f0       ??1?$_Tree_unchecked_const_iterator@V?$_Tree_val@U?$_Tree_simple_types@U?$pair@$$CBIPAX@std@@@std@@@std@@U_Iterator_base12@2@@std@@QAE@XZ 1000a2f0 f i aFont.obj
 0001:00009330       ??1?$_Tree_val@U?$_Tree_simple_types@U?$pair@$$CBHPAVFontType@@@std@@@std@@@std@@QAE@XZ 1000a330 f i aFont.obj
 0001:00009370       ??1?$_Tree_val@U?$_Tree_simple_types@U?$pair@$$CBIPAUFunction@@@std@@@std@@@std@@QAE@XZ 1000a370 f i aFont.obj
 0001:000093b0       ??1?$_Tree_val@U?$_Tree_simple_types@U?$pair@$$CBIPAX@std@@@std@@@std@@QAE@XZ 1000a3b0 f i aFont.obj
 0001:000093f0       ??1?$map@HPAVFontType@@U?$less@H@std@@V?$allocator@U?$pair@$$CBHPAVFontType@@@std@@@3@@std@@QAE@XZ 1000a3f0 f i aFont.obj
 0001:00009430       ??1?$map@IPAUFunction@@UFcmp@@V?$allocator@U?$pair@$$CBIPAUFunction@@@std@@@std@@@std@@QAE@XZ 1000a430 f i aFont.obj
 0001:00009470       ??1?$map@IPAXUVcmp@@V?$allocator@U?$pair@$$CBIPAX@std@@@std@@@std@@QAE@XZ 1000a470 f i aFont.obj
 0001:000094b0       ??1?$pair@V?$_Tree_iterator@V?$_Tree_val@U?$_Tree_simple_types@U?$pair@$$CBHPAVFontType@@@std@@@std@@@std@@@std@@_N@std@@QAE@XZ 1000a4b0 f i aFont.obj
 0001:000094f0       ??1?$pair@V?$_Tree_iterator@V?$_Tree_val@U?$_Tree_simple_types@U?$pair@$$CBIPAUFunction@@@std@@@std@@@std@@@std@@_N@std@@QAE@XZ 1000a4f0 f i aFont.obj
 0001:00009530       ??1ApolloClass@@QAE@XZ     1000a530 f i aFont.obj
 0001:000095e0       ??1BaseClass@Comm@@QAE@XZ  1000a5e0 f i aFont.obj
 0001:00009690       ??1BinClass@Data@@QAE@XZ   1000a690 f i aFont.obj
 0001:00009700       ??1FileClass@File@@QAE@XZ  1000a700 f i aFont.obj
 0001:000097b0       ??1FontType@@QAE@XZ        1000a7b0 f i aFont.obj
 0001:00009840       ??1Function@@QAE@XZ        1000a840 f i aFont.obj
 0001:00009880       ??1ModIdClass@CRC@@QAE@XZ  1000a880 f i aFont.obj
 0001:00009930       ??1PackClass@Packet@@QAE@XZ 1000a930 f i aFont.obj
 0001:000099d0       ??1StringClass@CRC@@QAE@XZ 1000a9d0 f i aFont.obj
 0001:00009a20       ??1StringClass@Data@@QAE@XZ 1000aa20 f i aFont.obj
 0001:00009a50       ??1TimeClass@CRC@@QAE@XZ   1000aa50 f i aFont.obj
 0001:00009a80       ??1_Container_base12@std@@QAE@XZ 1000aa80 f i aFont.obj
 0001:00009ac0       ??1_Generic_error_category@std@@UAE@XZ 1000aac0 f i aFont.obj
 0001:00009b00       ??1_Iostream_error_category@std@@UAE@XZ 1000ab00 f i aFont.obj
 0001:00009b40       ??1_Iterator_base12@std@@QAE@XZ 1000ab40 f i aFont.obj
 0001:00009bc0       ??1_System_error_category@std@@UAE@XZ 1000abc0 f i aFont.obj
 0001:00009c00       ??1error_category@std@@UAE@XZ 1000ac00 f i aFont.obj
 0001:00009c40       ??2@YAPAXIPAX@Z            1000ac40 f i aFont.obj
 0001:00009c70       ??3@YAXPAX0@Z              1000ac70 f i aFont.obj
 0001:00009ca0       ??4?$_Iterator012@Ubidirectional_iterator_tag@std@@U?$pair@$$CBHPAVFontType@@@2@HPBU32@ABU32@U_Iterator_base12@2@@std@@QAEAAU01@ABU01@@Z 1000aca0 f i aFont.obj
 0001:00009cf0       ??4?$_Iterator012@Ubidirectional_iterator_tag@std@@U?$pair@$$CBIPAUFunction@@@2@HPBU32@ABU32@U_Iterator_base12@2@@std@@QAEAAU01@ABU01@@Z 1000acf0 f i aFont.obj
 0001:00009d40       ??4?$_Tree_const_iterator@V?$_Tree_val@U?$_Tree_simple_types@U?$pair@$$CBHPAVFontType@@@std@@@std@@@std@@@std@@QAEAAV01@ABV01@@Z 1000ad40 f i aFont.obj
 0001:00009d90       ??4?$_Tree_const_iterator@V?$_Tree_val@U?$_Tree_simple_types@U?$pair@$$CBIPAUFunction@@@std@@@std@@@std@@@std@@QAEAAV01@ABV01@@Z 1000ad90 f i aFont.obj
 0001:00009de0       ??4?$_Tree_iterator@V?$_Tree_val@U?$_Tree_simple_types@U?$pair@$$CBHPAVFontType@@@std@@@std@@@std@@@std@@QAEAAV01@ABV01@@Z 1000ade0 f i aFont.obj
 0001:00009e30       ??4?$_Tree_iterator@V?$_Tree_val@U?$_Tree_simple_types@U?$pair@$$CBIPAUFunction@@@std@@@std@@@std@@@std@@QAEAAV01@ABV01@@Z 1000ae30 f i aFont.obj
 0001:00009e80       ??4?$_Tree_unchecked_const_iterator@V?$_Tree_val@U?$_Tree_simple_types@U?$pair@$$CBHPAVFontType@@@std@@@std@@@std@@U_Iterator_base12@2@@std@@QAEAAV01@ABV01@@Z 1000ae80 f i aFont.obj
 0001:00009ee0       ??4?$_Tree_unchecked_const_iterator@V?$_Tree_val@U?$_Tree_simple_types@U?$pair@$$CBIPAUFunction@@@std@@@std@@@std@@U_Iterator_base12@2@@std@@QAEAAV01@ABV01@@Z 1000aee0 f i aFont.obj
 0001:00009f40       ??4StringClass@CRC@@QAEXPAD@Z 1000af40 f i aFont.obj
 0001:00009f90       ??4StringClass@CRC@@QAEXPBD@Z 1000af90 f i aFont.obj
 0001:00009fe0       ??4StringClass@Data@@QAEXPBD@Z 1000afe0 f i aFont.obj
 0001:0000a030       ??4_Iterator_base12@std@@QAEAAU01@ABU01@@Z 1000b030 f i aFont.obj
 0001:0000a120       ??5FileClass@File@@QAEXPAVBinClass@Data@@@Z 1000b120 f i aFont.obj
 0001:0000a170       ??6ModIdClass@CRC@@QAEXPBD@Z 1000b170 f i aFont.obj
 0001:0000a1c0       ??6StringClass@CRC@@QAEXPAD@Z 1000b1c0 f i aFont.obj
 0001:0000a210       ??6StringClass@CRC@@QAEXPBD@Z 1000b210 f i aFont.obj
 0001:0000a260       ??6StringClass@Data@@QAEXPBD@Z 1000b260 f i aFont.obj
 0001:0000a2e0       ??8?$_Tree_const_iterator@V?$_Tree_val@U?$_Tree_simple_types@U?$pair@$$CBHPAVFontType@@@std@@@std@@@std@@@std@@QBE_NABV01@@Z 1000b2e0 f i aFont.obj
 0001:0000a3d0       ??8?$_Tree_const_iterator@V?$_Tree_val@U?$_Tree_simple_types@U?$pair@$$CBIPAUFunction@@@std@@@std@@@std@@@std@@QBE_NABV01@@Z 1000b3d0 f i aFont.obj
 0001:0000a4c0       ??8?$_Tree_const_iterator@V?$_Tree_val@U?$_Tree_simple_types@U?$pair@$$CBIPAX@std@@@std@@@std@@@std@@QBE_NABV01@@Z 1000b4c0 f i aFont.obj
 0001:0000a5b0       ??8error_category@std@@QBE_NABV01@@Z 1000b5b0 f i aFont.obj
 0001:0000a600       ??8error_condition@std@@QBE_NABV01@@Z 1000b600 f i aFont.obj
 0001:0000a690       ??9?$_Tree_const_iterator@V?$_Tree_val@U?$_Tree_simple_types@U?$pair@$$CBHPAVFontType@@@std@@@std@@@std@@@std@@QBE_NABV01@@Z 1000b690 f i aFont.obj
 0001:0000a700       ??9?$_Tree_const_iterator@V?$_Tree_val@U?$_Tree_simple_types@U?$pair@$$CBIPAUFunction@@@std@@@std@@@std@@@std@@QBE_NABV01@@Z 1000b700 f i aFont.obj
 0001:0000a770       ??9?$_Tree_const_iterator@V?$_Tree_val@U?$_Tree_simple_types@U?$pair@$$CBIPAX@std@@@std@@@std@@@std@@QBE_NABV01@@Z 1000b770 f i aFont.obj
 0001:0000a7e0       ??A?$map@HPAVFontType@@U?$less@H@std@@V?$allocator@U?$pair@$$CBHPAVFontType@@@std@@@3@@std@@QAEAAPAVFontType@@$$QAH@Z 1000b7e0 f i aFont.obj
 0001:0000aa20       ??A?$map@HPAVFontType@@U?$less@H@std@@V?$allocator@U?$pair@$$CBHPAVFontType@@@std@@@3@@std@@QAEAAPAVFontType@@ABH@Z 1000ba20 f i aFont.obj
 0001:0000ac50       ??A?$map@IPAUFunction@@UFcmp@@V?$allocator@U?$pair@$$CBIPAUFunction@@@std@@@std@@@std@@QAEAAPAUFunction@@$$QAI@Z 1000bc50 f i aFont.obj
 0001:0000aea0       ??C?$_Tree_iterator@V?$_Tree_val@U?$_Tree_simple_types@U?$pair@$$CBHPAVFontType@@@std@@@std@@@std@@@std@@QBEPAU?$pair@$$CBHPAVFontType@@@1@XZ 1000bea0 f i aFont.obj
 0001:0000aef0       ??C?$_Tree_iterator@V?$_Tree_val@U?$_Tree_simple_types@U?$pair@$$CBIPAUFunction@@@std@@@std@@@std@@@std@@QBEPAU?$pair@$$CBIPAUFunction@@@1@XZ 1000bef0 f i aFont.obj
 0001:0000af40       ??D?$_Tree_const_iterator@V?$_Tree_val@U?$_Tree_simple_types@U?$pair@$$CBHPAVFontType@@@std@@@std@@@std@@@std@@QBEABU?$pair@$$CBHPAVFontType@@@1@XZ 1000bf40 f i aFont.obj
 0001:0000b020       ??D?$_Tree_const_iterator@V?$_Tree_val@U?$_Tree_simple_types@U?$pair@$$CBIPAUFunction@@@std@@@std@@@std@@@std@@QBEABU?$pair@$$CBIPAUFunction@@@1@XZ 1000c020 f i aFont.obj
 0001:0000b100       ??D?$_Tree_iterator@V?$_Tree_val@U?$_Tree_simple_types@U?$pair@$$CBHPAVFontType@@@std@@@std@@@std@@@std@@QBEAAU?$pair@$$CBHPAVFontType@@@1@XZ 1000c100 f i aFont.obj
 0001:0000b140       ??D?$_Tree_iterator@V?$_Tree_val@U?$_Tree_simple_types@U?$pair@$$CBIPAUFunction@@@std@@@std@@@std@@@std@@QBEAAU?$pair@$$CBIPAUFunction@@@1@XZ 1000c140 f i aFont.obj
 0001:0000b180       ??E?$_Tree_const_iterator@V?$_Tree_val@U?$_Tree_simple_types@U?$pair@$$CBHPAVFontType@@@std@@@std@@@std@@@std@@QAE?AV01@H@Z 1000c180 f i aFont.obj
 0001:0000b270       ??E?$_Tree_const_iterator@V?$_Tree_val@U?$_Tree_simple_types@U?$pair@$$CBHPAVFontType@@@std@@@std@@@std@@@std@@QAEAAV01@XZ 1000c270 f i aFont.obj
 0001:0000b350       ??E?$_Tree_const_iterator@V?$_Tree_val@U?$_Tree_simple_types@U?$pair@$$CBIPAUFunction@@@std@@@std@@@std@@@std@@QAE?AV01@H@Z 1000c350 f i aFont.obj
 0001:0000b440       ??E?$_Tree_const_iterator@V?$_Tree_val@U?$_Tree_simple_types@U?$pair@$$CBIPAUFunction@@@std@@@std@@@std@@@std@@QAEAAV01@XZ 1000c440 f i aFont.obj
 0001:0000b520       ??E?$_Tree_const_iterator@V?$_Tree_val@U?$_Tree_simple_types@U?$pair@$$CBIPAX@std@@@std@@@std@@@std@@QAE?AV01@H@Z 1000c520 f i aFont.obj
 0001:0000b610       ??E?$_Tree_const_iterator@V?$_Tree_val@U?$_Tree_simple_types@U?$pair@$$CBIPAX@std@@@std@@@std@@@std@@QAEAAV01@XZ 1000c610 f i aFont.obj
 0001:0000b6f0       ??E?$_Tree_iterator@V?$_Tree_val@U?$_Tree_simple_types@U?$pair@$$CBHPAVFontType@@@std@@@std@@@std@@@std@@QAE?AV01@H@Z 1000c6f0 f i aFont.obj
 0001:0000b7e0       ??E?$_Tree_iterator@V?$_Tree_val@U?$_Tree_simple_types@U?$pair@$$CBHPAVFontType@@@std@@@std@@@std@@@std@@QAEAAV01@XZ 1000c7e0 f i aFont.obj
 0001:0000b830       ??E?$_Tree_unchecked_const_iterator@V?$_Tree_val@U?$_Tree_simple_types@U?$pair@$$CBHPAVFontType@@@std@@@std@@@std@@U_Iterator_base12@2@@std@@QAEAAV01@XZ 1000c830 f i aFont.obj
 0001:0000b900       ??E?$_Tree_unchecked_const_iterator@V?$_Tree_val@U?$_Tree_simple_types@U?$pair@$$CBIPAUFunction@@@std@@@std@@@std@@U_Iterator_base12@2@@std@@QAEAAV01@XZ 1000c900 f i aFont.obj
 0001:0000b9d0       ??E?$_Tree_unchecked_const_iterator@V?$_Tree_val@U?$_Tree_simple_types@U?$pair@$$CBIPAX@std@@@std@@@std@@U_Iterator_base12@2@@std@@QAEAAV01@XZ 1000c9d0 f i aFont.obj
 0001:0000baa0       ??F?$_Tree_const_iterator@V?$_Tree_val@U?$_Tree_simple_types@U?$pair@$$CBHPAVFontType@@@std@@@std@@@std@@@std@@QAEAAV01@XZ 1000caa0 f i aFont.obj
 0001:0000bbe0       ??F?$_Tree_const_iterator@V?$_Tree_val@U?$_Tree_simple_types@U?$pair@$$CBIPAUFunction@@@std@@@std@@@std@@@std@@QAEAAV01@XZ 1000cbe0 f i aFont.obj
 0001:0000bd20       ??F?$_Tree_iterator@V?$_Tree_val@U?$_Tree_simple_types@U?$pair@$$CBHPAVFontType@@@std@@@std@@@std@@@std@@QAEAAV01@XZ 1000cd20 f i aFont.obj
 0001:0000bd70       ??F?$_Tree_iterator@V?$_Tree_val@U?$_Tree_simple_types@U?$pair@$$CBIPAUFunction@@@std@@@std@@@std@@@std@@QAEAAV01@XZ 1000cd70 f i aFont.obj
 0001:0000bdc0       ??F?$_Tree_unchecked_const_iterator@V?$_Tree_val@U?$_Tree_simple_types@U?$pair@$$CBHPAVFontType@@@std@@@std@@@std@@U_Iterator_base12@2@@std@@QAEAAV01@XZ 1000cdc0 f i aFont.obj
 0001:0000bec0       ??F?$_Tree_unchecked_const_iterator@V?$_Tree_val@U?$_Tree_simple_types@U?$pair@$$CBIPAUFunction@@@std@@@std@@@std@@U_Iterator_base12@2@@std@@QAEAAV01@XZ 1000cec0 f i aFont.obj
 0001:0000bfc0       ??HStringClass@Data@@QAE?AV01@PBD@Z 1000cfc0 f i aFont.obj
 0001:0000c0c0       ??R?$less@H@std@@QBE_NABH0@Z 1000d0c0 f i aFont.obj
 0001:0000c120       ??RFcmp@@QBE_NII@Z         1000d120 f i aFont.obj
 0001:0000c170       ??_GFontType@@QAEPAXI@Z    1000d170 f i aFont.obj
 0001:0000c1d0       ??_G_Generic_error_category@std@@UAEPAXI@Z 1000d1d0 f i aFont.obj
 0001:0000c1d0       ??_E_Generic_error_category@std@@UAEPAXI@Z 1000d1d0 f i aFont.obj
 0001:0000c230       ??_E_Iostream_error_category@std@@UAEPAXI@Z 1000d230 f i aFont.obj
 0001:0000c230       ??_G_Iostream_error_category@std@@UAEPAXI@Z 1000d230 f i aFont.obj
 0001:0000c290       ??_G_System_error_category@std@@UAEPAXI@Z 1000d290 f i aFont.obj
 0001:0000c290       ??_E_System_error_category@std@@UAEPAXI@Z 1000d290 f i aFont.obj
 0001:0000c2f0       ??_Gerror_category@std@@UAEPAXI@Z 1000d2f0 f i aFont.obj
 0001:0000c2f0       ??_Eerror_category@std@@UAEPAXI@Z 1000d2f0 f i aFont.obj
 0001:0000c350       ?AddData@BinClass@Data@@QAEXPAEI@Z 1000d350 f i aFont.obj
 0001:0000c3d0       ?AddData@PackClass@Packet@@QAEIPAXI@Z 1000d3d0 f i aFont.obj
 0001:0000c590       ?AddParam@PackClass@Packet@@QAEIH@Z 1000d590 f i aFont.obj
 0001:0000c5f0       ?AddParam@PackClass@Packet@@QAEII@Z 1000d5f0 f i aFont.obj
 0001:0000c650       ?AddParam@PackClass@Packet@@QAEIK@Z 1000d650 f i aFont.obj
 0001:0000c6b0       ?AddParam@PackClass@Packet@@QAEIM@Z 1000d6b0 f i aFont.obj
 0001:0000c710       ?AddParam@PackClass@Packet@@QAEIPBD@Z 1000d710 f i aFont.obj
 0001:0000c780       ?AddString@ModIdClass@CRC@@QAEXPBD@Z 1000d780 f i aFont.obj
 0001:0000c7d0       ?AddString@StringClass@CRC@@QAEXPAD@Z 1000d7d0 f i aFont.obj
 0001:0000c840       ?AddTypeToField@PackClass@Packet@@QAEXI@Z 1000d840 f i aFont.obj
 0001:0000c8f0       ?Build@PackClass@Packet@@QAEXPBD0@Z 1000d8f0 f i aFont.obj
 0001:0000c960       ?BuildFormat@FileClass@File@@AAEXI@Z 1000d960 f i aFont.obj
 0001:0000ca20       ?CalcCrc@TimeClass@CRC@@QAEXXZ 1000da20 f i aFont.obj
 0001:0000cab0       ?CalcStringCRC@StringClass@CRC@@QAEIXZ 1000dab0 f i aFont.obj
 0001:0000cb10       ?Char@StringClass@Data@@QAEDH@Z 1000db10 f i aFont.obj
 0001:0000cb70       ?CheckFree@BinClass@Data@@QAEXI@Z 1000db70 f i aFont.obj
 0001:0000cc50       ?Clear@ModIdClass@CRC@@QAEXXZ 1000dc50 f i aFont.obj
 0001:0000ccb0       ?Clear@PackClass@Packet@@QAEXXZ 1000dcb0 f i aFont.obj
 0001:0000cd40       ?Clear@StringClass@CRC@@QAEXXZ 1000dd40 f i aFont.obj
 0001:0000cd90       ?Clear@StringClass@Data@@QAEXXZ 1000dd90 f i aFont.obj
 0001:0000ce00       ?Close@FileClass@File@@QAEXXZ 1000de00 f i aFont.obj
 0001:0000ceb0       ?DataClear@PackClass@Packet@@QAEXXZ 1000deb0 f i aFont.obj
 0001:0000cf00       ?Empty@StringClass@CRC@@QAEHXZ 1000df00 f i aFont.obj
 0001:0000cf50       ?Empty@StringClass@Data@@QAEHXZ 1000df50 f i aFont.obj
 0001:0000cfb0       ?Find@aFont@@YGXPAVPackClass@Packet@@@Z 1000dfb0 f   aFont.obj
 0001:0000cfe0       ?GetData@BinClass@Data@@QAEPAEI@Z 1000dfe0 f i aFont.obj
 0001:0000d090       ?GetData@BinClass@Data@@QAEPAEXZ 1000e090 f i aFont.obj
 0001:0000d0c0       ?GetData@PackClass@Packet@@QAEPBDPBD@Z 1000e0c0 f i aFont.obj
 0001:0000d160       ?GetDataIndex@PackClass@Packet@@QAEPBDIPBD@Z 1000e160 f i aFont.obj
 0001:0000d1a0       ?GetUsed@BinClass@Data@@QAEHXZ 1000e1a0 f i aFont.obj
 0001:0000d1d0       ?Id@StringClass@CRC@@QAEIXZ 1000e1d0 f i aFont.obj
 0001:0000d200       ?Init@aFont@@YGXPAVPackClass@Packet@@@Z 1000e200 f   aFont.obj
 0001:0000d2e0       ?Int@CRC@@YGII@Z           1000e2e0 f i aFont.obj
 0001:0000d320       ?Kill@aFont@@YGXPAVPackClass@Packet@@@Z 1000e320 f   aFont.obj
 0001:0000d4a0       ?Load@aFont@@YGXPAVPackClass@Packet@@@Z 1000e4a0 f   aFont.obj
 0001:0000d970       ?Lower@StringClass@Data@@QAEXXZ 1000e970 f i aFont.obj
 0001:0000d9d0       ?Open@FileClass@File@@QAEHPBDI@Z 1000e9d0 f i aFont.obj
 0001:0000db50       ?ParamsClear@PackClass@Packet@@QAEXXZ 1000eb50 f i aFont.obj
 0001:0000dba0       ?PreInit@aFont@@YGXXZ      1000eba0 f   aFont.obj
 0001:0000dc90       ?ReadBinFile@FileClass@File@@QAEHPAVBinClass@Data@@@Z 1000ec90 f i aFont.obj
 0001:0000de40       ?RenderChars@aFont@@YGXPAVPackClass@Packet@@@Z 1000ee40 f   aFont.obj
 0001:0000e490       ?RenderLine@aFont@@YGXPAVPackClass@Packet@@@Z 1000f490 f   aFont.obj
 0001:0000e4c0       ?RenderPage@aFont@@YGXPAVPackClass@Packet@@@Z 1000f4c0 f   aFont.obj
 0001:0000e4f0       ?Send@BaseClass@Comm@@QAEXPAVPackClass@Packet@@@Z 1000f4f0 f i aFont.obj
 0001:0000e550       ?Set@aFont@@YGXPAVPackClass@Packet@@@Z 1000f550 f   aFont.obj
 0001:0000e580       ?SetData@StringClass@Data@@QAEXPAD@Z 1000f580 f i aFont.obj
 0001:0000e5e0       ?SetData@StringClass@Data@@QAEXPBD@Z 1000f5e0 f i aFont.obj
 0001:0000e640       ?SetString@StringClass@CRC@@QAEXPAD@Z 1000f640 f i aFont.obj
 0001:0000e6c0       ?Size@StringClass@Data@@QAEHXZ 1000f6c0 f i aFont.obj
 0001:0000e710       ?Str@CRC@@YGIPBD@Z         1000f710 f i aFont.obj
 0001:0000e750       ?String@StringClass@CRC@@QAEPADXZ 1000f750 f i aFont.obj
 0001:0000e7b0       ?String@StringClass@Data@@QAEPBDXZ 1000f7b0 f i aFont.obj
 0001:0000e800       ?SubmitFunction@BaseClass@Comm@@QAEXP6GXPAVPackClass@Packet@@@ZPBD@Z 1000f800 f i aFont.obj
 0001:0000e900       ?Unload@aFont@@YGXPAVPackClass@Packet@@@Z 1000f900 f   aFont.obj
 0001:0000e930       ?Update@ModIdClass@CRC@@QAEXXZ 1000f930 f i aFont.obj
 0001:0000ea40       ?_Adopt@_Iterator_base12@std@@QAEXPBU_Container_base12@2@@Z 1000fa40 f i aFont.obj
 0001:0000eb70       ?_Alloc_proxy@?$_String_alloc@$0A@U?$_String_base_types@DV?$allocator@D@std@@@std@@@std@@QAEXXZ 1000fb70 f i aFont.obj
 0001:0000ec20       ?_Alloc_proxy@?$_Tree_alloc@$0A@U?$_Tree_base_types@U?$pair@$$CBHPAVFontType@@@std@@V?$allocator@U?$pair@$$CBHPAVFontType@@@std@@@2@@std@@@std@@QAEXXZ 1000fc20 f i aFont.obj
 0001:0000ece0       ?_Alloc_proxy@?$_Tree_alloc@$0A@U?$_Tree_base_types@U?$pair@$$CBIPAUFunction@@@std@@V?$allocator@U?$pair@$$CBIPAUFunction@@@std@@@2@@std@@@std@@QAEXXZ 1000fce0 f i aFont.obj
 0001:0000eda0       ?_Alloc_proxy@?$_Tree_alloc@$0A@U?$_Tree_base_types@U?$pair@$$CBIPAX@std@@V?$allocator@U?$pair@$$CBIPAX@std@@@2@@std@@@std@@QAEXXZ 1000fda0 f i aFont.obj
 0001:0000ee60       ?_Buyheadnode@?$_Tree_alloc@$0A@U?$_Tree_base_types@U?$pair@$$CBHPAVFontType@@@std@@V?$allocator@U?$pair@$$CBHPAVFontType@@@std@@@2@@std@@@std@@QAEPAU?$_Tree_node@U?$pair@$$CBHPAVFontType@@@std@@PAX@2@XZ 1000fe60 f i aFont.obj
 0001:0000f030       ?_Buyheadnode@?$_Tree_alloc@$0A@U?$_Tree_base_types@U?$pair@$$CBIPAUFunction@@@std@@V?$allocator@U?$pair@$$CBIPAUFunction@@@std@@@2@@std@@@std@@QAEPAU?$_Tree_node@U?$pair@$$CBIPAUFunction@@@std@@PAX@2@XZ 10010030 f i aFont.obj
 0001:0000f200       ?_Buyheadnode@?$_Tree_alloc@$0A@U?$_Tree_base_types@U?$pair@$$CBIPAX@std@@V?$allocator@U?$pair@$$CBIPAX@std@@@2@@std@@@std@@QAEPAU?$_Tree_node@U?$pair@$$CBIPAX@std@@PAX@2@XZ 10010200 f i aFont.obj
 0001:0000f3d0       ?_Buynode0@?$_Tree_buy@U?$pair@$$CBHPAVFontType@@@std@@V?$allocator@U?$pair@$$CBHPAVFontType@@@std@@@2@@std@@QAEPAU?$_Tree_node@U?$pair@$$CBHPAVFontType@@@std@@PAX@2@XZ 100103d0 f i aFont.obj
 0001:0000f560       ?_Buynode0@?$_Tree_buy@U?$pair@$$CBIPAUFunction@@@std@@V?$allocator@U?$pair@$$CBIPAUFunction@@@std@@@2@@std@@QAEPAU?$_Tree_node@U?$pair@$$CBIPAUFunction@@@std@@PAX@2@XZ 10010560 f i aFont.obj
 0001:0000f6f0       ?_Clrcont@_Iterator_base12@std@@QAEXXZ 100106f0 f i aFont.obj
 0001:0000f730       ?_Color@?$_Tree_val@U?$_Tree_simple_types@U?$pair@$$CBHPAVFontType@@@std@@@std@@@std@@SGAADPAU?$_Tree_node@U?$pair@$$CBHPAVFontType@@@std@@PAX@2@@Z 10010730 f i aFont.obj
 0001:0000f760       ?_Color@?$_Tree_val@U?$_Tree_simple_types@U?$pair@$$CBIPAUFunction@@@std@@@std@@@std@@SGAADPAU?$_Tree_node@U?$pair@$$CBIPAUFunction@@@std@@PAX@2@@Z 10010760 f i aFont.obj
 0001:0000f790       ?_Color@?$_Tree_val@U?$_Tree_simple_types@U?$pair@$$CBIPAX@std@@@std@@@std@@SGAADPAU?$_Tree_node@U?$pair@$$CBIPAX@std@@PAX@2@@Z 10010790 f i aFont.obj
 0001:0000f7c0       ?_Copy@?$basic_string@DU?$char_traits@D@std@@V?$allocator@D@2@@std@@QAEXII@Z 100107c0 f i aFont.obj
 0001:0000f9f0       ?_Destroy_if_not_nil@?$_Tree@V?$_Tmap_traits@HPAVFontType@@U?$less@H@std@@V?$allocator@U?$pair@$$CBHPAVFontType@@@std@@@3@$0A@@std@@@std@@IAEXPAU?$_Tree_node@U?$pair@$$CBHPAVFontType@@@std@@PAX@2@@Z 100109f0 f i aFont.obj
 0001:0000fa70       ?_Destroy_if_not_nil@?$_Tree@V?$_Tmap_traits@IPAUFunction@@UFcmp@@V?$allocator@U?$pair@$$CBIPAUFunction@@@std@@@std@@$0A@@std@@@std@@IAEXPAU?$_Tree_node@U?$pair@$$CBIPAUFunction@@@std@@PAX@2@@Z 10010a70 f i aFont.obj
 0001:0000faf0       ?_Eos@?$basic_string@DU?$char_traits@D@std@@V?$allocator@D@2@@std@@QAEXI@Z 10010af0 f i aFont.obj
 0001:0000fb60       ?_Erase@?$_Tree@V?$_Tmap_traits@HPAVFontType@@U?$less@H@std@@V?$allocator@U?$pair@$$CBHPAVFontType@@@std@@@3@$0A@@std@@@std@@IAEXPAU?$_Tree_node@U?$pair@$$CBHPAVFontType@@@std@@PAX@2@@Z 10010b60 f i aFont.obj
 0001:0000fc20       ?_Erase@?$_Tree@V?$_Tmap_traits@IPAUFunction@@UFcmp@@V?$allocator@U?$pair@$$CBIPAUFunction@@@std@@@std@@$0A@@std@@@std@@IAEXPAU?$_Tree_node@U?$pair@$$CBIPAUFunction@@@std@@PAX@2@@Z 10010c20 f i aFont.obj
 0001:0000fce0       ?_Erase@?$_Tree@V?$_Tmap_traits@IPAXUVcmp@@V?$allocator@U?$pair@$$CBIPAX@std@@@std@@$0A@@std@@@std@@IAEXPAU?$_Tree_node@U?$pair@$$CBIPAX@std@@PAX@2@@Z 10010ce0 f i aFont.obj
 0001:0000fda0       ?_Free_proxy@?$_String_alloc@$0A@U?$_String_base_types@DV?$allocator@D@std@@@std@@@std@@QAEXXZ 10010da0 f i aFont.obj
 0001:0000fe40       ?_Free_proxy@?$_Tree_alloc@$0A@U?$_Tree_base_types@U?$pair@$$CBHPAVFontType@@@std@@V?$allocator@U?$pair@$$CBHPAVFontType@@@std@@@2@@std@@@std@@QAEXXZ 10010e40 f i aFont.obj
 0001:0000fef0       ?_Free_proxy@?$_Tree_alloc@$0A@U?$_Tree_base_types@U?$pair@$$CBIPAUFunction@@@std@@V?$allocator@U?$pair@$$CBIPAUFunction@@@std@@@2@@std@@@std@@QAEXXZ 10010ef0 f i aFont.obj
 0001:0000ffa0       ?_Free_proxy@?$_Tree_alloc@$0A@U?$_Tree_base_types@U?$pair@$$CBIPAX@std@@V?$allocator@U?$pair@$$CBIPAX@std@@@2@@std@@@std@@QAEXXZ 10010fa0 f i aFont.obj
 0001:00010050       ?_Freeheadnode@?$_Tree_alloc@$0A@U?$_Tree_base_types@U?$pair@$$CBHPAVFontType@@@std@@V?$allocator@U?$pair@$$CBHPAVFontType@@@std@@@2@@std@@@std@@QAEXPAU?$_Tree_node@U?$pair@$$CBHPAVFontType@@@std@@PAX@2@@Z 10011050 f i aFont.obj
 0001:00010120       ?_Freeheadnode@?$_Tree_alloc@$0A@U?$_Tree_base_types@U?$pair@$$CBIPAUFunction@@@std@@V?$allocator@U?$pair@$$CBIPAUFunction@@@std@@@2@@std@@@std@@QAEXPAU?$_Tree_node@U?$pair@$$CBIPAUFunction@@@std@@PAX@2@@Z 10011120 f i aFont.obj
 0001:000101f0       ?_Freeheadnode@?$_Tree_alloc@$0A@U?$_Tree_base_types@U?$pair@$$CBIPAX@std@@V?$allocator@U?$pair@$$CBIPAX@std@@@2@@std@@@std@@QAEXPAU?$_Tree_node@U?$pair@$$CBIPAX@std@@PAX@2@@Z 100111f0 f i aFont.obj
 0001:000102c0       ?_Freenode0@?$_Tree_buy@U?$pair@$$CBHPAVFontType@@@std@@V?$allocator@U?$pair@$$CBHPAVFontType@@@std@@@2@@std@@QAEXPAU?$_Tree_node@U?$pair@$$CBHPAVFontType@@@std@@PAX@2@@Z 100112c0 f i aFont.obj
 0001:00010390       ?_Freenode0@?$_Tree_buy@U?$pair@$$CBIPAUFunction@@@std@@V?$allocator@U?$pair@$$CBIPAUFunction@@@std@@@2@@std@@QAEXPAU?$_Tree_node@U?$pair@$$CBIPAUFunction@@@std@@PAX@2@@Z 10011390 f i aFont.obj
 0001:00010460       ?_Getal@?$_String_alloc@$0A@U?$_String_base_types@DV?$allocator@D@std@@@std@@@std@@QBE?AU?$_Wrap_alloc@V?$allocator@D@std@@@2@XZ 10011460 f i aFont.obj
 0001:000104b0       ?_Getal@?$_Tree_alloc@$0A@U?$_Tree_base_types@U?$pair@$$CBHPAVFontType@@@std@@V?$allocator@U?$pair@$$CBHPAVFontType@@@std@@@2@@std@@@std@@QBE?AU?$_Wrap_alloc@V?$allocator@U?$_Tree_node@U?$pair@$$CBHPAVFontType@@@std@@PAX@std@@@std@@@2@XZ 100114b0 f i aFont.obj
 0001:00010500       ?_Getal@?$_Tree_alloc@$0A@U?$_Tree_base_types@U?$pair@$$CBIPAUFunction@@@std@@V?$allocator@U?$pair@$$CBIPAUFunction@@@std@@@2@@std@@@std@@QBE?AU?$_Wrap_alloc@V?$allocator@U?$_Tree_node@U?$pair@$$CBIPAUFunction@@@std@@PAX@std@@@std@@@2@XZ 10011500 f i aFont.obj
 0001:00010550       ?_Getal@?$_Tree_alloc@$0A@U?$_Tree_base_types@U?$pair@$$CBIPAX@std@@V?$allocator@U?$pair@$$CBIPAX@std@@@2@@std@@@std@@QBE?AU?$_Wrap_alloc@V?$allocator@U?$_Tree_node@U?$pair@$$CBIPAX@std@@PAX@std@@@std@@@2@XZ 10011550 f i aFont.obj
 0001:000105a0       ?_Getcomp@?$_Tree_comp@$0A@V?$_Tmap_traits@HPAVFontType@@U?$less@H@std@@V?$allocator@U?$pair@$$CBHPAVFontType@@@std@@@3@$0A@@std@@@std@@QBE?AU?$less@H@2@XZ 100115a0 f i aFont.obj
 0001:000105d0       ?_Getcomp@?$_Tree_comp@$0A@V?$_Tmap_traits@IPAUFunction@@UFcmp@@V?$allocator@U?$pair@$$CBIPAUFunction@@@std@@@std@@$0A@@std@@@std@@QBE?AUFcmp@@XZ 100115d0 f i aFont.obj
 0001:00010610       ?_Getcont@_Iterator_base12@std@@QBEPBU_Container_base12@2@XZ 10011610 f i aFont.obj
 0001:00010670       ?_Getpfirst@_Container_base12@std@@QBEPAPAU_Iterator_base12@2@XZ 10011670 f i aFont.obj
 0001:000106d0       ?_Getpnext@_Iterator_base12@std@@QAEPAPAU12@XZ 100116d0 f i aFont.obj
 0001:00010700       ?_Grow@?$basic_string@DU?$char_traits@D@std@@V?$allocator@D@2@@std@@QAE_NI_N@Z 10011700 f i aFont.obj
 0001:000107f0       ?_Inside@?$basic_string@DU?$char_traits@D@std@@V?$allocator@D@2@@std@@QAE_NPBD@Z 100117f0 f i aFont.obj
 0001:00010860       ?_Isnil@?$_Tree_val@U?$_Tree_simple_types@U?$pair@$$CBHPAVFontType@@@std@@@std@@@std@@SGAADPAU?$_Tree_node@U?$pair@$$CBHPAVFontType@@@std@@PAX@2@@Z 10011860 f i aFont.obj
 0001:00010890       ?_Isnil@?$_Tree_val@U?$_Tree_simple_types@U?$pair@$$CBIPAUFunction@@@std@@@std@@@std@@SGAADPAU?$_Tree_node@U?$pair@$$CBIPAUFunction@@@std@@PAX@2@@Z 10011890 f i aFont.obj
 0001:000108c0       ?_Isnil@?$_Tree_val@U?$_Tree_simple_types@U?$pair@$$CBIPAX@std@@@std@@@std@@SGAADPAU?$_Tree_node@U?$pair@$$CBIPAX@std@@PAX@2@@Z 100118c0 f i aFont.obj
 0001:000108f0       ?_Key@?$_Tree@V?$_Tmap_traits@HPAVFontType@@U?$less@H@std@@V?$allocator@U?$pair@$$CBHPAVFontType@@@std@@@3@$0A@@std@@@std@@IBEABHPAU?$_Tree_node@U?$pair@$$CBHPAVFontType@@@std@@PAX@2@@Z 100118f0 f i aFont.obj
 0001:00010940       ?_Key@?$_Tree@V?$_Tmap_traits@IPAUFunction@@UFcmp@@V?$allocator@U?$pair@$$CBIPAUFunction@@@std@@@std@@$0A@@std@@@std@@IBEABIPAU?$_Tree_node@U?$pair@$$CBIPAUFunction@@@std@@PAX@2@@Z 10011940 f i aFont.obj
 0001:00010990       ?_Kfn@?$_Tree@V?$_Tmap_traits@HPAVFontType@@U?$less@H@std@@V?$allocator@U?$pair@$$CBHPAVFontType@@@std@@@3@$0A@@std@@@std@@IBEABHABU?$pair@$$CBHPAVFontType@@@2@@Z 10011990 f i aFont.obj
 0001:000109e0       ?_Kfn@?$_Tree@V?$_Tmap_traits@IPAUFunction@@UFcmp@@V?$allocator@U?$pair@$$CBIPAUFunction@@@std@@@std@@$0A@@std@@@std@@IBEABIABU?$pair@$$CBIPAUFunction@@@2@@Z 100119e0 f i aFont.obj
 0001:00010a30       ?_Lbound@?$_Tree@V?$_Tmap_traits@HPAVFontType@@U?$less@H@std@@V?$allocator@U?$pair@$$CBHPAVFontType@@@std@@@3@$0A@@std@@@std@@IAEPAU?$_Tree_node@U?$pair@$$CBHPAVFontType@@@std@@PAX@2@ABH@Z 10011a30 f i aFont.obj
 0001:00010b00       ?_Lbound@?$_Tree@V?$_Tmap_traits@IPAUFunction@@UFcmp@@V?$allocator@U?$pair@$$CBIPAUFunction@@@std@@@std@@$0A@@std@@@std@@IAEPAU?$_Tree_node@U?$pair@$$CBIPAUFunction@@@std@@PAX@2@ABI@Z 10011b00 f i aFont.obj
 0001:00010bd0       ?_Left@?$_Tree_val@U?$_Tree_simple_types@U?$pair@$$CBHPAVFontType@@@std@@@std@@@std@@SGAAPAU?$_Tree_node@U?$pair@$$CBHPAVFontType@@@std@@PAX@2@PAU32@@Z 10011bd0 f i aFont.obj
 0001:00010c00       ?_Left@?$_Tree_val@U?$_Tree_simple_types@U?$pair@$$CBIPAUFunction@@@std@@@std@@@std@@SGAAPAU?$_Tree_node@U?$pair@$$CBIPAUFunction@@@std@@PAX@2@PAU32@@Z 10011c00 f i aFont.obj
 0001:00010c30       ?_Left@?$_Tree_val@U?$_Tree_simple_types@U?$pair@$$CBIPAX@std@@@std@@@std@@SGAAPAU?$_Tree_node@U?$pair@$$CBIPAX@std@@PAX@2@PAU32@@Z 10011c30 f i aFont.obj
 0001:00010c60       ?_Lmost@?$_Tree@V?$_Tmap_traits@HPAVFontType@@U?$less@H@std@@V?$allocator@U?$pair@$$CBHPAVFontType@@@std@@@3@$0A@@std@@@std@@IBEAAPAU?$_Tree_node@U?$pair@$$CBHPAVFontType@@@std@@PAX@2@XZ 10011c60 f i aFont.obj
 0001:00010cb0       ?_Lmost@?$_Tree@V?$_Tmap_traits@IPAUFunction@@UFcmp@@V?$allocator@U?$pair@$$CBIPAUFunction@@@std@@@std@@$0A@@std@@@std@@IBEAAPAU?$_Tree_node@U?$pair@$$CBIPAUFunction@@@std@@PAX@2@XZ 10011cb0 f i aFont.obj
 0001:00010d00       ?_Lmost@?$_Tree@V?$_Tmap_traits@IPAXUVcmp@@V?$allocator@U?$pair@$$CBIPAX@std@@@std@@$0A@@std@@@std@@IBEAAPAU?$_Tree_node@U?$pair@$$CBIPAX@std@@PAX@2@XZ 10011d00 f i aFont.obj
 0001:00010d50       ?_Lrotate@?$_Tree@V?$_Tmap_traits@HPAVFontType@@U?$less@H@std@@V?$allocator@U?$pair@$$CBHPAVFontType@@@std@@@3@$0A@@std@@@std@@IAEXPAU?$_Tree_node@U?$pair@$$CBHPAVFontType@@@std@@PAX@2@@Z 10011d50 f i aFont.obj
 0001:00010e80       ?_Lrotate@?$_Tree@V?$_Tmap_traits@IPAUFunction@@UFcmp@@V?$allocator@U?$pair@$$CBIPAUFunction@@@std@@@std@@$0A@@std@@@std@@IAEXPAU?$_Tree_node@U?$pair@$$CBIPAUFunction@@@std@@PAX@2@@Z 10011e80 f i aFont.obj
 0001:00010fb0       ?_Lrotate@?$_Tree@V?$_Tmap_traits@IPAXUVcmp@@V?$allocator@U?$pair@$$CBIPAX@std@@@std@@$0A@@std@@@std@@IAEXPAU?$_Tree_node@U?$pair@$$CBIPAX@std@@PAX@2@@Z 10011fb0 f i aFont.obj
 0001:000110e0       ?_Max@?$_Tree_val@U?$_Tree_simple_types@U?$pair@$$CBHPAVFontType@@@std@@@std@@@std@@SGPAU?$_Tree_node@U?$pair@$$CBHPAVFontType@@@std@@PAX@2@PAU32@@Z 100120e0 f i aFont.obj
 0001:00011140       ?_Max@?$_Tree_val@U?$_Tree_simple_types@U?$pair@$$CBIPAUFunction@@@std@@@std@@@std@@SGPAU?$_Tree_node@U?$pair@$$CBIPAUFunction@@@std@@PAX@2@PAU32@@Z 10012140 f i aFont.obj
 0001:000111a0       ?_Max@?$_Tree_val@U?$_Tree_simple_types@U?$pair@$$CBIPAX@std@@@std@@@std@@SGPAU?$_Tree_node@U?$pair@$$CBIPAX@std@@PAX@2@PAU32@@Z 100121a0 f i aFont.obj
 0001:00011200       ?_Min@?$_Tree_val@U?$_Tree_simple_types@U?$pair@$$CBHPAVFontType@@@std@@@std@@@std@@SGPAU?$_Tree_node@U?$pair@$$CBHPAVFontType@@@std@@PAX@2@PAU32@@Z 10012200 f i aFont.obj
 0001:00011260       ?_Min@?$_Tree_val@U?$_Tree_simple_types@U?$pair@$$CBIPAUFunction@@@std@@@std@@@std@@SGPAU?$_Tree_node@U?$pair@$$CBIPAUFunction@@@std@@PAX@2@PAU32@@Z 10012260 f i aFont.obj
 0001:000112c0       ?_Min@?$_Tree_val@U?$_Tree_simple_types@U?$pair@$$CBIPAX@std@@@std@@@std@@SGPAU?$_Tree_node@U?$pair@$$CBIPAX@std@@PAX@2@PAU32@@Z 100122c0 f i aFont.obj
 0001:00011320       ?_Mynode@?$_Tree_unchecked_const_iterator@V?$_Tree_val@U?$_Tree_simple_types@U?$pair@$$CBHPAVFontType@@@std@@@std@@@std@@U_Iterator_base12@2@@std@@QBEPAU?$_Tree_node@U?$pair@$$CBHPAVFontType@@@std@@PAX@2@XZ 10012320 f i aFont.obj
 0001:00011350       ?_Mynode@?$_Tree_unchecked_const_iterator@V?$_Tree_val@U?$_Tree_simple_types@U?$pair@$$CBIPAUFunction@@@std@@@std@@@std@@U_Iterator_base12@2@@std@@QBEPAU?$_Tree_node@U?$pair@$$CBIPAUFunction@@@std@@PAX@2@XZ 10012350 f i aFont.obj
 0001:00011380       ?_Mynode@?$_Tree_unchecked_const_iterator@V?$_Tree_val@U?$_Tree_simple_types@U?$pair@$$CBIPAX@std@@@std@@@std@@U_Iterator_base12@2@@std@@QBEPAU?$_Tree_node@U?$pair@$$CBIPAX@std@@PAX@2@XZ 10012380 f i aFont.obj
 0001:000113b0       ?_Myptr@?$_String_val@U?$_Simple_types@D@std@@@std@@QAEPADXZ 100123b0 f i aFont.obj
 0001:00011420       ?_Myptr@?$_String_val@U?$_Simple_types@D@std@@@std@@QBEPBDXZ 10012420 f i aFont.obj
 0001:00011490       ?_Myval@?$_Tree_val@U?$_Tree_simple_types@U?$pair@$$CBHPAVFontType@@@std@@@std@@@std@@SGAAU?$pair@$$CBHPAVFontType@@@2@PAU?$_Tree_node@U?$pair@$$CBHPAVFontType@@@std@@PAX@2@@Z 10012490 f i aFont.obj
 0001:000114c0       ?_Myval@?$_Tree_val@U?$_Tree_simple_types@U?$pair@$$CBIPAUFunction@@@std@@@std@@@std@@SGAAU?$pair@$$CBIPAUFunction@@@2@PAU?$_Tree_node@U?$pair@$$CBIPAUFunction@@@std@@PAX@2@@Z 100124c0 f i aFont.obj
 0001:000114f0       ?_Myval@?$_Tree_val@U?$_Tree_simple_types@U?$pair@$$CBIPAX@std@@@std@@@std@@SGAAU?$pair@$$CBIPAX@2@PAU?$_Tree_node@U?$pair@$$CBIPAX@std@@PAX@2@@Z 100124f0 f i aFont.obj
 0001:00011520       ?_Orphan_all@_Container_base12@std@@QAEXXZ 10012520 f i aFont.obj
 0001:000115e0       ?_Orphan_me@_Iterator_base12@std@@QAEXXZ 100125e0 f i aFont.obj
 0001:00011680       ?_Orphan_ptr@?$_Tree@V?$_Tmap_traits@HPAVFontType@@U?$less@H@std@@V?$allocator@U?$pair@$$CBHPAVFontType@@@std@@@3@$0A@@std@@@std@@IBEXAAV12@PAU?$_Tree_node@U?$pair@$$CBHPAVFontType@@@std@@PAX@2@@Z 10012680 f i aFont.obj
 0001:000117a0       ?_Orphan_ptr@?$_Tree@V?$_Tmap_traits@IPAUFunction@@UFcmp@@V?$allocator@U?$pair@$$CBIPAUFunction@@@std@@@std@@$0A@@std@@@std@@IBEXAAV12@PAU?$_Tree_node@U?$pair@$$CBIPAUFunction@@@std@@PAX@2@@Z 100127a0 f i aFont.obj
 0001:000118c0       ?_Orphan_ptr@?$_Tree@V?$_Tmap_traits@IPAXUVcmp@@V?$allocator@U?$pair@$$CBIPAX@std@@@std@@$0A@@std@@@std@@IBEXAAV12@PAU?$_Tree_node@U?$pair@$$CBIPAX@std@@PAX@2@@Z 100128c0 f i aFont.obj
 0001:000119e0       ?_Parent@?$_Tree_val@U?$_Tree_simple_types@U?$pair@$$CBHPAVFontType@@@std@@@std@@@std@@SGAAPAU?$_Tree_node@U?$pair@$$CBHPAVFontType@@@std@@PAX@2@PAU32@@Z 100129e0 f i aFont.obj
 0001:00011a10       ?_Parent@?$_Tree_val@U?$_Tree_simple_types@U?$pair@$$CBIPAUFunction@@@std@@@std@@@std@@SGAAPAU?$_Tree_node@U?$pair@$$CBIPAUFunction@@@std@@PAX@2@PAU32@@Z 10012a10 f i aFont.obj
 0001:00011a40       ?_Parent@?$_Tree_val@U?$_Tree_simple_types@U?$pair@$$CBIPAX@std@@@std@@@std@@SGAAPAU?$_Tree_node@U?$pair@$$CBIPAX@std@@PAX@2@PAU32@@Z 10012a40 f i aFont.obj
 0001:00011a70       ?_Right@?$_Tree_val@U?$_Tree_simple_types@U?$pair@$$CBHPAVFontType@@@std@@@std@@@std@@SGAAPAU?$_Tree_node@U?$pair@$$CBHPAVFontType@@@std@@PAX@2@PAU32@@Z 10012a70 f i aFont.obj
 0001:00011aa0       ?_Right@?$_Tree_val@U?$_Tree_simple_types@U?$pair@$$CBIPAUFunction@@@std@@@std@@@std@@SGAAPAU?$_Tree_node@U?$pair@$$CBIPAUFunction@@@std@@PAX@2@PAU32@@Z 10012aa0 f i aFont.obj
 0001:00011ad0       ?_Right@?$_Tree_val@U?$_Tree_simple_types@U?$pair@$$CBIPAX@std@@@std@@@std@@SGAAPAU?$_Tree_node@U?$pair@$$CBIPAX@std@@PAX@2@PAU32@@Z 10012ad0 f i aFont.obj
 0001:00011b00       ?_Rmost@?$_Tree@V?$_Tmap_traits@HPAVFontType@@U?$less@H@std@@V?$allocator@U?$pair@$$CBHPAVFontType@@@std@@@3@$0A@@std@@@std@@IBEAAPAU?$_Tree_node@U?$pair@$$CBHPAVFontType@@@std@@PAX@2@XZ 10012b00 f i aFont.obj
 0001:00011b50       ?_Rmost@?$_Tree@V?$_Tmap_traits@IPAUFunction@@UFcmp@@V?$allocator@U?$pair@$$CBIPAUFunction@@@std@@@std@@$0A@@std@@@std@@IBEAAPAU?$_Tree_node@U?$pair@$$CBIPAUFunction@@@std@@PAX@2@XZ 10012b50 f i aFont.obj
 0001:00011ba0       ?_Rmost@?$_Tree@V?$_Tmap_traits@IPAXUVcmp@@V?$allocator@U?$pair@$$CBIPAX@std@@@std@@$0A@@std@@@std@@IBEAAPAU?$_Tree_node@U?$pair@$$CBIPAX@std@@PAX@2@XZ 10012ba0 f i aFont.obj
 0001:00011bf0       ?_Root@?$_Tree@V?$_Tmap_traits@HPAVFontType@@U?$less@H@std@@V?$allocator@U?$pair@$$CBHPAVFontType@@@std@@@3@$0A@@std@@@std@@IBEAAPAU?$_Tree_node@U?$pair@$$CBHPAVFontType@@@std@@PAX@2@XZ 10012bf0 f i aFont.obj
 0001:00011c40       ?_Root@?$_Tree@V?$_Tmap_traits@IPAUFunction@@UFcmp@@V?$allocator@U?$pair@$$CBIPAUFunction@@@std@@@std@@$0A@@std@@@std@@IBEAAPAU?$_Tree_node@U?$pair@$$CBIPAUFunction@@@std@@PAX@2@XZ 10012c40 f i aFont.obj
 0001:00011c90       ?_Root@?$_Tree@V?$_Tmap_traits@IPAXUVcmp@@V?$allocator@U?$pair@$$CBIPAX@std@@@std@@$0A@@std@@@std@@IBEAAPAU?$_Tree_node@U?$pair@$$CBIPAX@std@@PAX@2@XZ 10012c90 f i aFont.obj
 0001:00011ce0       ?_Rrotate@?$_Tree@V?$_Tmap_traits@HPAVFontType@@U?$less@H@std@@V?$allocator@U?$pair@$$CBHPAVFontType@@@std@@@3@$0A@@std@@@std@@IAEXPAU?$_Tree_node@U?$pair@$$CBHPAVFontType@@@std@@PAX@2@@Z 10012ce0 f i aFont.obj
 0001:00011e10       ?_Rrotate@?$_Tree@V?$_Tmap_traits@IPAUFunction@@UFcmp@@V?$allocator@U?$pair@$$CBIPAUFunction@@@std@@@std@@$0A@@std@@@std@@IAEXPAU?$_Tree_node@U?$pair@$$CBIPAUFunction@@@std@@PAX@2@@Z 10012e10 f i aFont.obj
 0001:00011f40       ?_Rrotate@?$_Tree@V?$_Tmap_traits@IPAXUVcmp@@V?$allocator@U?$pair@$$CBIPAX@std@@@std@@$0A@@std@@@std@@IAEXPAU?$_Tree_node@U?$pair@$$CBIPAX@std@@PAX@2@@Z 10012f40 f i aFont.obj
[...]
 0002:00012350       __unwindtable$??$?0V?$_Tree_iterator@V?$_Tree_val@U?$_Tree_simple_types@U?$pair@$$CBHPAVFontType@@@std@@@std@@@std@@@std@@_N@?$pair@V?$_Tree_iterator@V?$_Tree_val@U?$_Tree_simple_types@U?$pair@$$CBHPAVFontType@@@std@@@std@@@std@@@std@@_N@std@@QAE@$$QAU01@PAPAX@Z 1007b350     aFont.obj
 0002:00012358       __ehfuncinfo$??$?0V?$_Tree_iterator@V?$_Tree_val@U?$_Tree_simple_types@U?$pair@$$CBHPAVFontType@@@std@@@std@@@std@@@std@@_N@?$pair@V?$_Tree_iterator@V?$_Tree_val@U?$_Tree_simple_types@U?$pair@$$CBHPAVFontType@@@std@@@std@@@std@@@std@@_N@std@@QAE@$$QAU01@PAPAX@Z 1007b358     aFont.obj
 0002:0001237c       __unwindtable$??$?0AAV?$_Tree_iterator@V?$_Tree_val@U?$_Tree_simple_types@U?$pair@$$CBHPAVFontType@@@std@@@std@@@std@@@std@@_N@?$pair@V?$_Tree_iterator@V?$_Tree_val@U?$_Tree_simple_types@U?$pair@$$CBHPAVFontType@@@std@@@std@@@std@@@std@@_N@std@@QAE@AAV?$_Tree_iterator@V?$_Tree_val@U?$_Tree_simple_types@U?$pair@$$CBHPAVFontType@@@std@@@std@@@std@@@1@$$QA_NPAPAX@Z 1007b37c     aFont.obj
 0002:00012384       __ehfuncinfo$??$?0AAV?$_Tree_iterator@V?$_Tree_val@U?$_Tree_simple_types@U?$pair@$$CBHPAVFontType@@@std@@@std@@@std@@@std@@_N@?$pair@V?$_Tree_iterator@V?$_Tree_val@U?$_Tree_simple_types@U?$pair@$$CBHPAVFontType@@@std@@@std@@@std@@@std@@_N@std@@QAE@AAV?$_Tree_iterator@V?$_Tree_val@U?$_Tree_simple_types@U?$pair@$$CBHPAVFontType@@@std@@@std@@@std@@@1@$$QA_NPAPAX@Z 1007b384     aFont.obj
 0002:000123a8       __unwindtable$??$construct@U?$pair@$$CBIPAUFunction@@@std@@U?$pair@IPAUFunction@@@2@@?$allocator@U?$_Tree_node@U?$pair@$$CBIPAUFunction@@@std@@PAX@std@@@std@@QAEXPAU?$pair@$$CBIPAUFunction@@@1@$$QAU?$pair@IPAUFunction@@@1@@Z 1007b3a8     aFont.obj
 0002:000123b0       __ehfuncinfo$??$construct@U?$pair@$$CBIPAUFunction@@@std@@U?$pair@IPAUFunction@@@2@@?$allocator@U?$_Tree_node@U?$pair@$$CBIPAUFunction@@@std@@PAX@std@@@std@@QAEXPAU?$pair@$$CBIPAUFunction@@@1@$$QAU?$pair@IPAUFunction@@@1@@Z 1007b3b0     aFont.obj
 0002:000123d4       __unwindtable$??$construct@U?$pair@$$CBHPAVFontType@@@std@@U?$pair@HPAVFontType@@@2@@?$allocator@U?$_Tree_node@U?$pair@$$CBHPAVFontType@@@std@@PAX@std@@@std@@QAEXPAU?$pair@$$CBHPAVFontType@@@1@$$QAU?$pair@HPAVFontType@@@1@@Z 1007b3d4     aFont.obj
 0002:000123dc       __ehfuncinfo$??$construct@U?$pair@$$CBHPAVFontType@@@std@@U?$pair@HPAVFontType@@@2@@?$allocator@U?$_Tree_node@U?$pair@$$CBHPAVFontType@@@std@@PAX@std@@@std@@QAEXPAU?$pair@$$CBHPAVFontType@@@1@$$QAU?$pair@HPAVFontType@@@1@@Z 1007b3dc     aFont.obj
 0002:00012400       __unwindtable$??4StringClass@CRC@@QAEXV01@@Z 1007b400     Main.obj
 0002:00012408       __ehfuncinfo$??4StringClass@CRC@@QAEXV01@@Z 1007b408     Main.obj
 0002:0001242c       __unwindtable$?CustomPrintfFunc@Error@@YAXPADZZ 1007b42c     System:Error_types.obj
 0002:00012434       __ehfuncinfo$?CustomPrintfFunc@Error@@YAXPADZZ 1007b434     System:Error_types.obj
 0002:00012668       __sehtable$??3@YAXPAX@Z    1007b668     LIBCMTD:dbgdel.obj
 0002:00012688       __sehtable$__onexit        1007b688     LIBCMTD:onexit.obj
 0002:000126a8       __sehtable$_fclose         1007b6a8     LIBCMTD:fclose.obj
 0002:000126c8       __sehtable$__fsopen        1007b6c8     LIBCMTD:fopen.obj
 0002:000126e8       __sehtable$_fread_s        1007b6e8     LIBCMTD:fread.obj
 0002:00012708       __sehtable$_fseek          1007b708     LIBCMTD:fseek.obj
 0002:00012728       __sehtable$_ftell          1007b728     LIBCMTD:ftell.obj
 0002:00012748       __sehtable$__CrtSetReportHookW2 1007b748     LIBCMTD:dbgrptw.obj
 0002:00012768       __sehtable$__CRT_INIT@12   1007b768     LIBCMTD:dllcrt0.obj
 0002:00012788       __sehtable$___DllMainCRTStartup 1007b788     LIBCMTD:dllcrt0.obj
 0002:000127a8       __sehtable$__mtinitlocknum 1007b7a8     LIBCMTD:mlock.obj
 0002:000127c8       __sehtable$__realloc_dbg   1007b7c8     LIBCMTD:dbgheap.obj
 0002:000127e8       __sehtable$__expand_dbg    1007b7e8     LIBCMTD:dbgheap.obj
 0002:00012808       __sehtable$__free_dbg      1007b808     LIBCMTD:dbgheap.obj
 0002:00012828       __sehtable$__msize_dbg     1007b828     LIBCMTD:dbgheap.obj
 0002:00012848       __sehtable$__CrtCheckMemory 1007b848     LIBCMTD:dbgheap.obj
 0002:00012868       __sehtable$__CrtSetDbgFlag 1007b868     LIBCMTD:dbgheap.obj
 0002:00012888       __sehtable$__CrtDoForAllClientObjects 1007b888     LIBCMTD:dbgheap.obj
 0002:000128a8       __sehtable$__CrtIsMemoryBlock 1007b8a8     LIBCMTD:dbgheap.obj
 0002:000128c8       __sehtable$__CrtMemCheckpoint 1007b8c8     LIBCMTD:dbgheap.obj
 0002:000128e8       __sehtable$__CrtSetDbgBlockType 1007b8e8     LIBCMTD:dbgheap.obj
 0002:00012908       __sehtable$__heap_alloc_dbg_impl 1007b908     LIBCMTD:dbgheap.obj
 0002:00012928       __sehtable$?__crtIsBadReadPtr@@YAHPBXI@Z 1007b928     LIBCMTD:dbgheap.obj
 0002:00012948       __sehtable$?_CrtMemDumpAllObjectsSince_stat@@YAXPBU_CrtMemState@@PAUlocaleinfo_struct@@@Z 1007b948     LIBCMTD:dbgheap.obj
 0002:00012968       __sehtable$_doexit         1007b968     LIBCMTD:crt0dat.obj
 0002:00012988       __sehtable$___updatetlocinfo 1007b988     LIBCMTD:localref.obj
 0002:000129a8       __sehtable$___updatetmbcinfo 1007b9a8     LIBCMTD:mbctype.obj
 0002:000129c8       __sehtable$__setmbcp       1007b9c8     LIBCMTD:mbctype.obj
 0002:000129e4       __unwindtable$?getSystemCP@@YAHH@Z 1007b9e4     LIBCMTD:mbctype.obj
 0002:000129ec       __ehfuncinfo$?getSystemCP@@YAHH@Z 1007b9ec     LIBCMTD:mbctype.obj
 0002:00012a10       __sehtable$__freefls@4     1007ba10     LIBCMTD:tidtable.obj
 0002:00012a38       __sehtable$__initptd       1007ba38     LIBCMTD:tidtable.obj
 0002:00012a60       __sehtable$__get_current_locale 1007ba60     LIBCMTD:wsetloca.obj
 0002:00012a88       __sehtable$__free_locale   1007ba88     LIBCMTD:wsetloca.obj
 0002:00012ab0       __sehtable$__wsetlocale    1007bab0     LIBCMTD:wsetloca.obj
 0002:00012ae8       __sehtable$__locterm       1007bae8     LIBCMTD:wsetloca.obj
 0002:00012b08       __sehtable$__close         1007bb08     LIBCMTD:close.obj
 0002:00012b28       __sehtable$_fflush         1007bb28     LIBCMTD:fflush.obj
 0002:00012b48       __sehtable$_flsall         1007bb48     LIBCMTD:fflush.obj
 0002:00012b70       __sehtable$__getstream     1007bb70     LIBCMTD:stream.obj
 0002:00012b90       __sehtable$__read          1007bb90     LIBCMTD:read.obj
 0002:00012bb0       __sehtable$__lseek         1007bbb0     LIBCMTD:lseek.obj
 0002:00012bd0       __sehtable$__lseeki64      1007bbd0     LIBCMTD:lseeki64.obj
 0002:00012bf0       __sehtable$__ioinitCallback@12 1007bbf0     LIBCMTD:ioinit.obj
 0002:00012c10       __sehtable$_signal         1007bc10     LIBCMTD:winsig.obj
 0002:00012c30       __sehtable$_raise          1007bc30     LIBCMTD:winsig.obj
 0002:00012c50       __sehtable$_ctrlevent_capture@4 1007bc50     LIBCMTD:winsig.obj
 0002:00012c70       __sehtable$__VCrtDbgReportA 1007bc70     LIBCMTD:dbgrptt.obj
 0002:00012c98       __sehtable$__VCrtDbgReportW 1007bc98     LIBCMTD:dbgrptt.obj
 0002:00012cc0       __sehtable$?DebuggerProbe@@YAHK@Z 1007bcc0     LIBCMTD:error.obj
 0002:00012ce0       __sehtable$?DebuggerRuntime@@YAHKHPAXPB_W@Z 1007bce0     LIBCMTD:error.obj
 0002:00012d00       __sehtable$?terminate@@YAXXZ 1007bd00     LIBCMTD:hooks.obj
 0002:00012d20       __sehtable$?_inconsistency@@YAXXZ 1007bd20     LIBCMTD:hooks.obj
 0002:00012d40       __sehtable$___FrameUnwindToState 1007bd40     LIBCMTD:frame.obj
 0002:00012d68       __sehtable$?CallCatchBlock@@YAPAXPAUEHExceptionRecord@@PAUEHRegistrationNode@@PAU_CONTEXT@@PBU_s_FuncInfo@@PAXHK@Z 1007bd68     LIBCMTD:frame.obj
 0002:00012d90       __sehtable$___BuildCatchObject 1007bd90     LIBCMTD:frame.obj
 0002:00012db0       __sehtable$___DestructExceptionObject 1007bdb0     LIBCMTD:frame.obj
 0002:00012dcc       __catchsym$?CallUnexpected@@YAXPBU_s_ESTypeList@@@Z$2 1007bdcc     LIBCMTD:frame.obj
 0002:00012ddc       __unwindtable$?CallUnexpected@@YAXPBU_s_ESTypeList@@@Z 1007bddc     LIBCMTD:frame.obj
 0002:00012dec       __tryblocktable$?CallUnexpected@@YAXPBU_s_ESTypeList@@@Z 1007bdec     LIBCMTD:frame.obj
 0002:00012e00       __ehfuncinfo$?CallUnexpected@@YAXPBU_s_ESTypeList@@@Z 1007be00     LIBCMTD:frame.obj
 0002:00012e28       __sehtable$___BuildCatchObjectHelper 1007be28     LIBCMTD:frame.obj
 0002:00012e80       __sehtable$?_Name_base@type_info@@CAPBDPBV1@PAU__type_info_node@@@Z 1007be80     LIBCMTD:typname.obj
 0002:00012ea0       __sehtable$?_Type_info_dtor@type_info@@CAXPAV1@@Z 1007bea0     LIBCMTD:typname.obj
 0002:00012ec0       __sehtable$?_Name_base_internal@type_info@@CAPBDPBV1@PAU__type_info_node@@@Z 1007bec0     LIBCMTD:typname.obj
 0002:00012ee0       __sehtable$?_Type_info_dtor_internal@type_info@@CAXPAV1@@Z 1007bee0     LIBCMTD:typname.obj
 0002:00012f00       __sehtable$___clean_type_info_names_internal 1007bf00     LIBCMTD:typname.obj
 0002:00012f20       __sehtable$__CrtSetReportHook2 1007bf20     LIBCMTD:dbgrpt.obj
 0002:00012f40       __sehtable$__IsNonwritableInCurrentImage 1007bf40     LIBCMTD:pesect.obj
 0002:00012f60       __sehtable$__fcloseall     1007bf60     LIBCMTD:closeall.obj
 0002:00012f80       __sehtable$__alloc_osfhnd  1007bf80     LIBCMTD:osfinfo.obj
 0002:00012fa8       __sehtable$___lock_fhandle 1007bfa8     LIBCMTD:osfinfo.obj
 0002:00012fc8       __sehtable$__open_osfhandle 1007bfc8     LIBCMTD:osfinfo.obj
 0002:00012fe8       __sehtable$__commit        1007bfe8     LIBCMTD:commit.obj
 0002:00013008       __sehtable$__write         1007c008     LIBCMTD:write.obj
 0002:00013028       __sehtable$__sopen_helper  1007c028     LIBCMTD:open.obj
 0002:00013048       __sehtable$__open          1007c048     LIBCMTD:open.obj
 0002:00013068       __sehtable$___unDName      1007c068     LIBCMTD:undname.obj
 0002:00013088       __sehtable$___unDNameEx    1007c088     LIBCMTD:undname.obj
 0002:000130a4       __unwindtable$?make@DNameStatusNode@@SAPAV1@W4DNameStatus@@@Z 1007c0a4     LIBCMTD:undname.obj
 0002:000130ac       __ehfuncinfo$?make@DNameStatusNode@@SAPAV1@W4DNameStatus@@@Z 1007c0ac     LIBCMTD:undname.obj
 0002:000130d0       __unwindtable$?x_ismbbtype_l@@YAHPAUlocaleinfo_struct@@IHH@Z 1007c0d0     LIBCMTD:ismbbyte.obj
 0002:000130d8       __ehfuncinfo$?x_ismbbtype_l@@YAHPAUlocaleinfo_struct@@IHH@Z 1007c0d8     LIBCMTD:ismbbyte.obj
 0002:00013100       __sehtable$_printf         1007c100     LIBCMTD:printf.obj
 0002:00013120       __sehtable$__putwch        1007c120     LIBCMTD:putwch.obj
 0002:00013140       __sehtable$__wsopen_helper 1007c140     LIBCMTD:wopen.obj
 0002:00013160       __sehtable$__wopen         1007c160     LIBCMTD:wopen.obj
 0002:00013180       __sehtable$_fputwc         1007c180     LIBCMTD:fputwc.obj
 0002:000131a0       __sehtable$_vprintf_helper 1007c1a0     LIBCMTD:vprintf.obj
 0002:000131bc       __unwindtable$?strtoxl@@YAKPAUlocaleinfo_struct@@PBDPAPBDHH@Z 1007c1bc     LIBCMTD:strtol.obj
 0002:000131c4       __ehfuncinfo$?strtoxl@@YAKPAUlocaleinfo_struct@@PBDPAPBDHH@Z 1007c1c4     LIBCMTD:strtol.obj
 0002:000131e8       __unwindtable$?wcstoxq@@YA_KPAUlocaleinfo_struct@@PB_WPAPB_WHH@Z 1007c1e8     LIBCMTD:wcstoq.obj
 0002:000131f0       __ehfuncinfo$?wcstoxq@@YA_KPAUlocaleinfo_struct@@PB_WPAPB_WHH@Z 1007c1f0     LIBCMTD:wcstoq.obj
 0002:00013218       __sehtable$__chsize_s      1007c218     LIBCMTD:chsize.obj
 0002:00013238       __sehtable$__setmode       1007c238     LIBCMTD:setmode.obj
 0002:00013254       __unwindtable$?strtoxq@@YA_KPAUlocaleinfo_struct@@PBDPAPBDHH@Z 1007c254     LIBCMTD:strtoq.obj
 0002:0001325c       __ehfuncinfo$?strtoxq@@YA_KPAUlocaleinfo_struct@@PBDPAPBDHH@Z 1007c25c     LIBCMTD:strtoq.obj
 0002:00013280       __sehtable$___set_fpsr_sse2 1007c280     LIBCMTD:fpctrl.obj
 0002:0001346a       .idata$6                   1007c46a     kernel32:KERNEL32.dll
 0002:00013b12       .idata$6                   1007cb12     user32:USER32.dll
 0002:00013b20       .edata                     1007cb20     aFont.exp
 0002:00013b48       rgpv                       1007cb48     aFont.exp
 0002:00013b4c       rgszName                   1007cb4c     aFont.exp
 0002:00013b50       rgwOrd                     1007cb50     aFont.exp
 0002:00013b52       szName                     1007cb52     aFont.exp
 0002:00013b5c       $N00001                    1007cb5c     aFont.exp
 0003:000000b0       _init                      1007d0b0     libcpmtd:xlock.obj
 0003:00000200       _dotdotdot                 1007d200     LIBCMTD:dbgrptw.obj
 0003:00000230       __locktable                1007d230     LIBCMTD:mlock.obj
 0003:000003b4       __lRequestCurr             1007d3b4     LIBCMTD:dbgheap.obj
 0003:000003b8       __bNoMansLandFill          1007d3b8     LIBCMTD:dbgheap.obj
 0003:000003b9       __bAlignLandFill           1007d3b9     LIBCMTD:dbgheap.obj
 0003:000003ba       __bDeadLandFill            1007d3ba     LIBCMTD:dbgheap.obj
 0003:000003bb       __bCleanLandFill           1007d3bb     LIBCMTD:dbgheap.obj
 0003:000003c8       ?isPackaged@?1??__crtIsPackagedApp@@9@9 1007d3c8     LIBCMTD:winapisupp.obj
 0003:000003d8       ___rgctypeflag             1007d3d8     LIBCMTD:mbctype.obj
 0003:000003e0       ___rgcode_page_info        1007d3e0     LIBCMTD:mbctype.obj
 0003:00000900       _errtable                  1007d900     LIBCMTD:dosmap.obj
 0003:00000a68       _ErrnoNoMem                1007da68     LIBCMTD:dosmap.obj
 0003:00000a6c       _DoserrorNoMem             1007da6c     LIBCMTD:dosmap.obj
 0003:00000ca8       __ctype_loc_style          1007dca8     LIBCMTD:wsetloca.obj
 0003:000010f0       _dotdotdot                 1007e0f0     LIBCMTD:dbgrpt.obj
 0003:00001210       _DoubleFormat              1007e210     LIBCMTD:intrncvt.obj
 0003:00001228       _FloatFormat               1007e228     LIBCMTD:intrncvt.obj
 0003:0000150c       _over                      1007e50c     LIBCMTD:fpctrl.obj
 0003:00001518       _under                     1007e518     LIBCMTD:fpctrl.obj
 0003:00001524       ?__DAZ_ENABLED@?1??__set_fpsr_sse2@@9@9 1007e524     LIBCMTD:fpctrl.obj
 0003:00001540       ?ignoreAlways@?2??RenderChars@aFont@@YGXPAVPackClass@Packet@@@Z@4_NA 1007e540     aFont.obj
 0003:00001541       ?ignoreAlways@?9??RenderChars@aFont@@YGXPAVPackClass@Packet@@@Z@4_NA 1007e541     aFont.obj
 0003:00001548       _allocator_arg             1007e548     aFont.obj
 0003:00001549       _piecewise_construct       1007e549     aFont.obj
 0003:00001ab0       ?packet@?2??Init@aFont@@YGXPAVPackClass@Packet@@@Z@4V34@A 1007eab0     aFont.obj
 0003:000021bc       ?$S1@?2??Init@aFont@@YGXPAVPackClass@Packet@@@Z@4IA 1007f1bc     aFont.obj
 0003:000021c0       ?rawfont@?4??Load@aFont@@YGXPAVPackClass@Packet@@@Z@4VBinClass@Data@@A 1007f1c0     aFont.obj
 0003:000021d0       ?$S2@?4??Load@aFont@@YGXPAVPackClass@Packet@@@Z@4IA 1007f1d0     aFont.obj
 0003:000021d4       ?$S3@?BB@??RenderChars@aFont@@YGXPAVPackClass@Packet@@@Z@4IA 1007f1d4     aFont.obj
 0003:000021d8       ?packet@?5??Load@aFont@@YGXPAVPackClass@Packet@@@Z@4V34@A 1007f1d8     aFont.obj
 0003:000028e8       ?packet@?BB@??RenderChars@aFont@@YGXPAVPackClass@Packet@@@Z@4V34@A 1007f8e8     aFont.obj
 0003:00002ff8       ?packet@?BE@??RenderChars@aFont@@YGXPAVPackClass@Packet@@@Z@4V34@A 1007fff8     aFont.obj
 0003:0000372c       _allocator_arg             1008072c     Main.obj
 0003:0000372d       _piecewise_construct       1008072d     Main.obj
 0003:00003730       _windowActive              10080730     System:Error_types.obj
 0003:00003734       _win                       10080734     System:Error_types.obj
 0003:00003738       _PrintfListBox             10080738     System:Error_types.obj
 0003:0000373c       _allocator_arg             1008073c     System:Error_types.obj
 0003:0000373d       _piecewise_construct       1008073d     System:Error_types.obj
 0003:00003740       ?packet@?2??CustomPrintfFunc@Error@@YAXPADZZ@4VPackClass@Packet@@A 10080740     System:Error_types.obj
 0003:00003e4c       ?$S1@?2??CustomPrintfFunc@Error@@YAXPADZZ@4IA 10080e4c     System:Error_types.obj
 0003:00003e50       _initlocks                 10080e50     libcpmtd:xlock.obj
 0003:00003e58       _mtx                       10080e58     libcpmtd:xlock.obj
 0003:00003eb8       __Tuple_alloc              10080eb8     libcpmtd:xthrow.obj
 0003:00003eb9       _ignore                    10080eb9     libcpmtd:xthrow.obj
 0003:00003eba       _allocator_arg             10080eba     libcpmtd:xthrow.obj
 0003:00003ebb       _piecewise_construct       10080ebb     libcpmtd:xthrow.obj
 0003:00003ebc       _allocator_arg             10080ebc     libcpmtd:syserror.obj
 0003:00003ebd       _piecewise_construct       10080ebd     libcpmtd:syserror.obj
 0003:00003ec4       ?init@?1??_RTC_InitBase@@9@4_NA 10080ec4     LIBCMTD:init.obj
 0003:00003ecc       ___proc_attached           10080ecc     LIBCMTD:dllcrt0.obj
 0003:00003ed8       _lclcritsects              10080ed8     LIBCMTD:mlock.obj
 0003:00004048       ?outmsg@?L@??_NMSG_WRITE@@9@9 10081048     LIBCMTD:crt0msg.obj
 0003:00004678       _check_frequency           10081678     LIBCMTD:dbgheap.obj
 0003:00004684       _check_counter             10081684     LIBCMTD:dbgheap.obj
 0003:00004688       __lTotalAlloc              10081688     LIBCMTD:dbgheap.obj
 0003:0000468c       __lCurAlloc                1008168c     LIBCMTD:dbgheap.obj
 0003:00004690       __lMaxAlloc                10081690     LIBCMTD:dbgheap.obj
 0003:00004694       __pFirstBlock              10081694     LIBCMTD:dbgheap.obj
 0003:00004698       __pLastBlock               10081698     LIBCMTD:dbgheap.obj
 0003:000046a0       ?fExit@?1??doexit@@9@9     100816a0     LIBCMTD:crt0dat.obj
 0003:000046f4       _fSystemSet                100816f4     LIBCMTD:mbctype.obj
 0003:00004700       _GS_ExceptionRecord        10081700     LIBCMTD:gs_report.obj
 0003:00004750       _GS_ContextRecord          10081750     LIBCMTD:gs_report.obj
 0003:00004a1c       _DebuggerWasPresent        10081a1c     LIBCMTD:gs_report.obj
 0003:00004a28       _ctrlc_action              10081a28     LIBCMTD:winsig.obj
 0003:00004a2c       _ctrlbreak_action          10081a2c     LIBCMTD:winsig.obj
 0003:00004a30       _abort_action              10081a30     LIBCMTD:winsig.obj
 0003:00004a34       _term_action               10081a34     LIBCMTD:winsig.obj
 0003:00004a38       _ConsoleCtrlHandler_Installed 10081a38     LIBCMTD:winsig.obj
 0003:00004a3c       ?pfnMessageBox@?1??__crtMessageBoxW@@9@9 10081a3c     LIBCMTD:crtmboxw.obj
 0003:00004a40       ?pfnGetActiveWindow@?1??__crtMessageBoxW@@9@9 10081a40     LIBCMTD:crtmboxw.obj
 0003:00004a44       ?pfnGetLastActivePopup@?1??__crtMessageBoxW@@9@9 10081a44     LIBCMTD:crtmboxw.obj
 0003:00004a48       ?pfnGetProcessWindowStation@?1??__crtMessageBoxW@@9@9 10081a48     LIBCMTD:crtmboxw.obj
 0003:00004a4c       ?pfnGetUserObjectInformation@?1??__crtMessageBoxW@@9@9 10081a4c     LIBCMTD:crtmboxw.obj
 0003:00004a54       __RTC_ErrorReportFunc      10081a54     LIBCMTD:userapi.obj
 0003:00004a58       __RTC_ErrorReportFuncW     10081a58     LIBCMTD:userapi.obj
 0003:00004a60       ___type_info_root_node     10081a60     LIBCMTD:typname.obj
 0003:00004a70       ?_pgmname@?1??_setargv@@9@9 10081a70     LIBCMTD:stdargv.obj
 0003:00004b80       _g_pfnRtlGenRandom         10081b80     LIBCMTD:rand_s.obj
 0003:00004b98       _mspdb                     10081b98     LIBCMTD:pdblkup.obj
 0003:00004b9c       ?alreadyTried@?1??GetPdbDll@@YAPAUHINSTANCE__@@XZ@4_NA 10081b9c     LIBCMTD:pdblkup.obj
 0003:00004b9d       ?PDBOK@?BM@??_RTC_GetSrcLine@@YAHPAEPA_WKPAH1K@Z@4_NA 10081b9d     LIBCMTD:pdblkup.obj
 0003:00004bc8       _heap                      10081bc8     LIBCMTD:undname.obj
 0003:00004be0       ?buf@?1??dbGetString@DName@@QBEPADXZ@4PADA 10081be0     LIBCMTD:undname.obj
 0003:00004c68       ___enable_percent_n        10081c68     LIBCMTD:printf.obj
 0004:00000060       $R000000                   10083060     * linker generated manifest res *
