 aMaterial

 Timestamp is 452fc0ca (Sat Oct 14 02:07:30 2006)

 Preferred load address is 10000000

 Start         Length     Name                   Class
 0001:00000000 0006b372H .text                   CODE
 0001:0006b380 00001822H .text$x                 CODE
 0001:0006cbb0 000000e9H .text$yc                CODE
 0001:0006cca0 0000044fH .text$yd                CODE
 0002:00000000 00000160H .idata$5                DATA
 0002:00000160 0000a202H .rdata                  DATA
 0002:0000a364 00000060H .rdata$debug            DATA
 0002:0000a3c4 0000028cH .rdata$r                DATA
 0002:0000a650 00000004H .rtc$IAA                DATA
 0002:0000a654 00000010H .rtc$IMZ                DATA
 0002:0000a664 00000004H .rtc$IZZ                DATA
 0002:0000a668 00000004H .rtc$TAA                DATA
 0002:0000a66c 00000010H .rtc$TMZ                DATA
 0002:0000a67c 00000004H .rtc$TZZ                DATA
 0002:0000a680 00001c28H .xdata$x                DATA
 0002:0000c2a8 00000050H .idata$2                DATA
 0002:0000c2f8 00000014H .idata$3                DATA
 0002:0000c30c 00000160H .idata$4                DATA
 0002:0000c46c 00000614H .idata$6                DATA
 0002:0000ca80 0000004fH .edata                  DATA
 0003:00000000 00000004H .CRT$XCA                DATA
 0003:00000004 00000004H .CRT$XCAA               DATA
 0003:00000008 0000000cH .CRT$XCU                DATA
 0003:00000014 00000004H .CRT$XCZ                DATA
 0003:00000018 00000004H .CRT$XIA                DATA
 0003:0000001c 00000010H .CRT$XIC                DATA
 0003:0000002c 00000004H .CRT$XIY                DATA
 0003:00000030 00000004H .CRT$XIZ                DATA
 0003:00000034 00000004H .CRT$XPA                DATA
 0003:00000038 00000004H .CRT$XPX                DATA
 0003:0000003c 00000004H .CRT$XPZ                DATA
 0003:00000040 00000004H .CRT$XTA                DATA
 0003:00000044 00000004H .CRT$XTB                DATA
 0003:00000048 00000004H .CRT$XTZ                DATA
 0003:00000080 000042ecH .data                   DATA
 0003:00004380 00008048H .bss                    DATA
 0004:00000000 000008e0H .data1                  DATA

  Address         Publics by Value              Rva+Base     Lib:Object

 0000:00000000       ___safe_se_handler_table   00000000     <absolute>
 0000:00000000       __except_list              00000000     <absolute>
 0000:00000000       ___safe_se_handler_count   00000000     <absolute>
 0001:00000000       ?PreInit@aMaterial@@YGXXZ  10001000 f   aMaterial.obj
 0001:000001b0       ?SetAPIMode@aMaterial@@YGXPAVPackClass@Packet@@@Z 100011b0 f   aMaterial.obj
 0001:00000200       ?Init@aMaterial@@YGXPAVPackClass@Packet@@@Z 10001200 f   aMaterial.obj
 0001:00000350       ?SetRenderDevice@aMaterial@@YGXPAVPackClass@Packet@@@Z 10001350 f   aMaterial.obj
 0001:000003e0       ?SetMaterialDX8@aMaterial@@YGXH@Z 100013e0 f   aMaterial.obj
 0001:00000530       ?SetMaterialOGL@aMaterial@@YGXH@Z 10001530 f   aMaterial.obj
 0001:000005d0       ?SetMaterial@aMaterial@@YGXPAVPackClass@Packet@@@Z 100015d0 f   aMaterial.obj
 0001:00000650       ?SetDefaultValues@aMaterial@@YGXH@Z 10001650 f   aMaterial.obj
 0001:00000760       ?CreateMaterial@aMaterial@@YGHXZ 10001760 f   aMaterial.obj
 0001:000008f0       ??0MaterialType@aMaterial@@QAE@XZ 100018f0 f i aMaterial.obj
 0001:00000970       ??0GenMaterial@aMaterial@@QAE@XZ 10001970 f i aMaterial.obj
 0001:00000a10       ?RemoveMaterial@aMaterial@@YGXH@Z 10001a10 f   aMaterial.obj
 0001:00000be0       ??_GMaterialType@aMaterial@@QAEPAXI@Z 10001be0 f i aMaterial.obj
 0001:00000c40       ??_GGenMaterial@aMaterial@@QAEPAXI@Z 10001c40 f i aMaterial.obj
 0001:00000ca0       ??1MaterialType@aMaterial@@QAE@XZ 10001ca0 f i aMaterial.obj
 0001:00000d20       ??1GenMaterial@aMaterial@@QAE@XZ 10001d20 f i aMaterial.obj
 0001:00000dc0       ?RemoveMaterial@aMaterial@@YGXPAVPackClass@Packet@@@Z 10001dc0 f   aMaterial.obj
 0001:00000ec0       ?CreateMaterial@aMaterial@@YGXPAVPackClass@Packet@@@Z 10001ec0 f   aMaterial.obj
 0001:00000fb0       ?SetMaterialAmbient@aMaterial@@YGXPAVPackClass@Packet@@@Z 10001fb0 f   aMaterial.obj
 0001:00001170       ?SetMaterialDiffuse@aMaterial@@YGXPAVPackClass@Packet@@@Z 10002170 f   aMaterial.obj
 0001:00001320       ?SetMaterialSpecular@aMaterial@@YGXPAVPackClass@Packet@@@Z 10002320 f   aMaterial.obj
 0001:000014e0       ?SetMaterialEmissive@aMaterial@@YGXPAVPackClass@Packet@@@Z 100024e0 f   aMaterial.obj
 0001:000016a0       ?RemoveTexture@aMaterial@@YGXH@Z 100026a0 f   aMaterial.obj
 0001:00001940       ??_GTextureType@aMaterial@@QAEPAXI@Z 10002940 f i aMaterial.obj
 0001:000019a0       ??1TextureType@aMaterial@@QAE@XZ 100029a0 f i aMaterial.obj
 0001:000019e0       ?SetProperties@aMaterial@@YGXPAVPackClass@Packet@@@Z 100029e0 f   aMaterial.obj
 0001:00001a10       ?FindMaterial@aMaterial@@YGXPAVPackClass@Packet@@@Z 10002a10 f   aMaterial.obj
 0001:00001a40       ?AddRAWTexture@aMaterial@@YGHPBDAAVBinClass@Data@@HH@Z 10002a40 f   aMaterial.obj
 0001:00001d30       ??0TextureType@aMaterial@@QAE@XZ 10002d30 f i aMaterial.obj
 0001:00001d80       ?AddPPMTexture@aMaterial@@YGHPBDAAVBinClass@Data@@@Z 10002d80 f   aMaterial.obj
 0001:000021a0       ?AddTGATexture@aMaterial@@YGHPBDAAVBinClass@Data@@@Z 100031a0 f   aMaterial.obj
 0001:00002850       ?AddBMPTexture@aMaterial@@YGHPBDAAVBinClass@Data@@@Z 10003850 f   aMaterial.obj
 0001:00002b90       ?LoadFontMaterial@aMaterial@@YGXPAVPackClass@Packet@@@Z 10003b90 f   aMaterial.obj
 0001:00002cf0       ?LoadTexture@aMaterial@@YGXPAVPackClass@Packet@@@Z 10003cf0 f   aMaterial.obj
 0001:00003380       ?UnloadTexture@aMaterial@@YGXPAVPackClass@Packet@@@Z 10004380 f   aMaterial.obj
 0001:000033b0       ?FindTexture@aMaterial@@YGXPAVPackClass@Packet@@@Z 100043b0 f   aMaterial.obj
 0001:000033e0       ?AddTexture@aMaterial@@YGXPAVPackClass@Packet@@@Z 100043e0 f   aMaterial.obj
 0001:00003560       ?RemoveTexture@aMaterial@@YGXPAVPackClass@Packet@@@Z 10004560 f   aMaterial.obj
 0001:00003590       ?Kill@aMaterial@@YGXPAVPackClass@Packet@@@Z 10004590 f   aMaterial.obj
 0001:000036c0       ??0?$vector@IV?$allocator@I@std@@@std@@QAE@XZ 100046c0 f i aMaterial.obj
 0001:00003720       ??1?$vector@IV?$allocator@I@std@@@std@@QAE@XZ 10004720 f i aMaterial.obj
 0001:00003760       ?empty@?$vector@IV?$allocator@I@std@@@std@@QBE_NXZ 10004760 f i aMaterial.obj
 0001:000037b0       ??A?$vector@IV?$allocator@I@std@@@std@@QAEAAII@Z 100047b0 f i aMaterial.obj
 0001:00003820       ?push_back@?$vector@IV?$allocator@I@std@@@std@@QAEXABI@Z 10004820 f i aMaterial.obj
 0001:000038c0       ??A?$map@HPAUTextureType@aMaterial@@U?$less@H@std@@V?$allocator@U?$pair@$$CBHPAUTextureType@aMaterial@@@std@@@4@@std@@QAEAAPAUTextureType@aMaterial@@ABH@Z 100048c0 f i aMaterial.obj
 0001:000039c0       ?begin@?$_Tree@V?$_Tmap_traits@HPAUTextureType@aMaterial@@U?$less@H@std@@V?$allocator@U?$pair@$$CBHPAUTextureType@aMaterial@@@std@@@4@$0A@@std@@@std@@QAE?AViterator@12@XZ 100049c0 f i aMaterial.obj
 0001:00003a10       ?end@?$_Tree@V?$_Tmap_traits@HPAUTextureType@aMaterial@@U?$less@H@std@@V?$allocator@U?$pair@$$CBHPAUTextureType@aMaterial@@@std@@@4@$0A@@std@@@std@@QAE?AViterator@12@XZ 10004a10 f i aMaterial.obj
 0001:00003a60       ?clear@?$_Tree@V?$_Tmap_traits@HPAUTextureType@aMaterial@@U?$less@H@std@@V?$allocator@U?$pair@$$CBHPAUTextureType@aMaterial@@@std@@@4@$0A@@std@@@std@@QAEXXZ 10004a60 f i aMaterial.obj
 0001:00003af0       ?find@?$_Tree@V?$_Tmap_traits@HPAUTextureType@aMaterial@@U?$less@H@std@@V?$allocator@U?$pair@$$CBHPAUTextureType@aMaterial@@@std@@@4@$0A@@std@@@std@@QAE?AViterator@12@ABH@Z 10004af0 f i aMaterial.obj
 0001:00003bf0       ??A?$map@HPAUMaterialType@aMaterial@@U?$less@H@std@@V?$allocator@U?$pair@$$CBHPAUMaterialType@aMaterial@@@std@@@4@@std@@QAEAAPAUMaterialType@aMaterial@@ABH@Z 10004bf0 f i aMaterial.obj
 0001:00003cf0       ?begin@?$_Tree@V?$_Tmap_traits@HPAUMaterialType@aMaterial@@U?$less@H@std@@V?$allocator@U?$pair@$$CBHPAUMaterialType@aMaterial@@@std@@@4@$0A@@std@@@std@@QAE?AViterator@12@XZ 10004cf0 f i aMaterial.obj
 0001:00003d40       ?end@?$_Tree@V?$_Tmap_traits@HPAUMaterialType@aMaterial@@U?$less@H@std@@V?$allocator@U?$pair@$$CBHPAUMaterialType@aMaterial@@@std@@@4@$0A@@std@@@std@@QAE?AViterator@12@XZ 10004d40 f i aMaterial.obj
 0001:00003d90       ?size@?$_Tree@V?$_Tmap_traits@HPAUMaterialType@aMaterial@@U?$less@H@std@@V?$allocator@U?$pair@$$CBHPAUMaterialType@aMaterial@@@std@@@4@$0A@@std@@@std@@QBEIXZ 10004d90 f i aMaterial.obj
 0001:00003dc0       ?clear@?$_Tree@V?$_Tmap_traits@HPAUMaterialType@aMaterial@@U?$less@H@std@@V?$allocator@U?$pair@$$CBHPAUMaterialType@aMaterial@@@std@@@4@$0A@@std@@@std@@QAEXXZ 10004dc0 f i aMaterial.obj
 0001:00003e50       ?find@?$_Tree@V?$_Tmap_traits@HPAUMaterialType@aMaterial@@U?$less@H@std@@V?$allocator@U?$pair@$$CBHPAUMaterialType@aMaterial@@@std@@@4@$0A@@std@@@std@@QAE?AViterator@12@ABH@Z 10004e50 f i aMaterial.obj
 0001:00003f50       ??Citerator@?$_Tree@V?$_Tmap_traits@HPAUMaterialType@aMaterial@@U?$less@H@std@@V?$allocator@U?$pair@$$CBHPAUMaterialType@aMaterial@@@std@@@4@$0A@@std@@@std@@QBEPAU?$pair@$$CBHPAUMaterialType@aMaterial@@@2@XZ 10004f50 f i aMaterial.obj
 0001:00003f90       ??Eiterator@?$_Tree@V?$_Tmap_traits@HPAUMaterialType@aMaterial@@U?$less@H@std@@V?$allocator@U?$pair@$$CBHPAUMaterialType@aMaterial@@@std@@@4@$0A@@std@@@std@@QAE?AV012@H@Z 10004f90 f i aMaterial.obj
 0001:00004010       ??8const_iterator@?$_Tree@V?$_Tmap_traits@HPAUMaterialType@aMaterial@@U?$less@H@std@@V?$allocator@U?$pair@$$CBHPAUMaterialType@aMaterial@@@std@@@4@$0A@@std@@@std@@QBE_NABV012@@Z 10005010 f i aMaterial.obj
 0001:00004050       ??9const_iterator@?$_Tree@V?$_Tmap_traits@HPAUMaterialType@aMaterial@@U?$less@H@std@@V?$allocator@U?$pair@$$CBHPAUMaterialType@aMaterial@@@std@@@4@$0A@@std@@@std@@QBE_NABV012@@Z 10005050 f i aMaterial.obj
 0001:000040a0       ??Citerator@?$_Tree@V?$_Tmap_traits@HPAUTextureType@aMaterial@@U?$less@H@std@@V?$allocator@U?$pair@$$CBHPAUTextureType@aMaterial@@@std@@@4@$0A@@std@@@std@@QBEPAU?$pair@$$CBHPAUTextureType@aMaterial@@@2@XZ 100050a0 f i aMaterial.obj
 0001:000040e0       ??Eiterator@?$_Tree@V?$_Tmap_traits@HPAUTextureType@aMaterial@@U?$less@H@std@@V?$allocator@U?$pair@$$CBHPAUTextureType@aMaterial@@@std@@@4@$0A@@std@@@std@@QAE?AV012@H@Z 100050e0 f i aMaterial.obj
 0001:00004160       ??8const_iterator@?$_Tree@V?$_Tmap_traits@HPAUTextureType@aMaterial@@U?$less@H@std@@V?$allocator@U?$pair@$$CBHPAUTextureType@aMaterial@@@std@@@4@$0A@@std@@@std@@QBE_NABV012@@Z 10005160 f i aMaterial.obj
 0001:000041a0       ??9const_iterator@?$_Tree@V?$_Tmap_traits@HPAUTextureType@aMaterial@@U?$less@H@std@@V?$allocator@U?$pair@$$CBHPAUTextureType@aMaterial@@@std@@@4@$0A@@std@@@std@@QBE_NABV012@@Z 100051a0 f i aMaterial.obj
 0001:000041f0       ??0?$allocator@I@std@@QAE@XZ 100051f0 f i aMaterial.obj
 0001:00004220       ?capacity@?$vector@IV?$allocator@I@std@@@std@@QBEIXZ 10005220 f i aMaterial.obj
 0001:00004280       ?begin@?$vector@IV?$allocator@I@std@@@std@@QAE?AViterator@12@XZ 10005280 f i aMaterial.obj
 0001:000042d0       ?end@?$vector@IV?$allocator@I@std@@@std@@QAE?AViterator@12@XZ 100052d0 f i aMaterial.obj
 0001:00004320       ?size@?$vector@IV?$allocator@I@std@@@std@@QBEIXZ 10005320 f i aMaterial.obj
 0001:00004380       ?insert@?$vector@IV?$allocator@I@std@@@std@@QAE?AViterator@12@V312@ABI@Z 10005380 f i aMaterial.obj
 0001:00004430       ?_Buy@?$vector@IV?$allocator@I@std@@@std@@IAE_NI@Z 10005430 f i aMaterial.obj
 0001:000044e0       ?_Tidy@?$vector@IV?$allocator@I@std@@@std@@IAEXXZ 100054e0 f i aMaterial.obj
 0001:00004580       ?_Ufill@?$vector@IV?$allocator@I@std@@@std@@IAEPAIPAIIABI@Z 10005580 f i aMaterial.obj
 0001:000045e0       ??0?$_Vector_val@IV?$allocator@I@std@@@std@@IAE@V?$allocator@I@1@@Z 100055e0 f i aMaterial.obj
 0001:00004630       ?_Key@?$_Tree@V?$_Tmap_traits@HPAUTextureType@aMaterial@@U?$less@H@std@@V?$allocator@U?$pair@$$CBHPAUTextureType@aMaterial@@@std@@@4@$0A@@std@@@std@@KGABHPAU_Node@?$_Tree_nod@V?$_Tmap_traits@HPAUTextureType@aMaterial@@U?$less@H@std@@V?$allocator@U?$pair@$$CBHPAUTextureType@aMaterial@@@std@@@4@$0A@@std@@@2@@Z 10005630 f i aMaterial.obj
 0001:00004680       ?insert@?$_Tree@V?$_Tmap_traits@HPAUTextureType@aMaterial@@U?$less@H@std@@V?$allocator@U?$pair@$$CBHPAUTextureType@aMaterial@@@std@@@4@$0A@@std@@@std@@QAE?AViterator@12@V312@ABU?$pair@$$CBHPAUTextureType@aMaterial@@@2@@Z 10005680 f i aMaterial.obj
 0001:00004c50       ??0StringClass@Data@@QAE@XZ 10005c50 f i aMaterial.obj
 0001:00004ca0       ??1StringClass@Data@@QAE@XZ 10005ca0 f i aMaterial.obj
 0001:00004cd0       ?String@StringClass@Data@@QAEPBDXZ 10005cd0 f i aMaterial.obj
 0001:00004d10       ?Clear@StringClass@Data@@QAEXXZ 10005d10 f i aMaterial.obj
 0001:00004d70       ??6StringClass@Data@@QAEXPBD@Z 10005d70 f i aMaterial.obj
 0001:00004dd0       ?lower_bound@?$_Tree@V?$_Tmap_traits@HPAUTextureType@aMaterial@@U?$less@H@std@@V?$allocator@U?$pair@$$CBHPAUTextureType@aMaterial@@@std@@@4@$0A@@std@@@std@@QAE?AViterator@12@ABH@Z 10005dd0 f i aMaterial.obj
 0001:00004e30       ??HStringClass@Data@@QAE?AV01@PBD@Z 10005e30 f i aMaterial.obj
 0001:00004f30       ?_Erase@?$_Tree@V?$_Tmap_traits@HPAUTextureType@aMaterial@@U?$less@H@std@@V?$allocator@U?$pair@$$CBHPAUTextureType@aMaterial@@@std@@@4@$0A@@std@@@std@@IAEXPAU_Node@?$_Tree_nod@V?$_Tmap_traits@HPAUTextureType@aMaterial@@U?$less@H@std@@V?$allocator@U?$pair@$$CBHPAUTextureType@aMaterial@@@std@@@4@$0A@@std@@@2@@Z 10005f30 f i aMaterial.obj
 0001:00004fd0       ?_Lmost@?$_Tree@V?$_Tmap_traits@HPAUTextureType@aMaterial@@U?$less@H@std@@V?$allocator@U?$pair@$$CBHPAUTextureType@aMaterial@@@std@@@4@$0A@@std@@@std@@IAEAAPAU_Node@?$_Tree_nod@V?$_Tmap_traits@HPAUTextureType@aMaterial@@U?$less@H@std@@V?$allocator@U?$pair@$$CBHPAUTextureType@aMaterial@@@std@@@4@$0A@@std@@@2@XZ 10005fd0 f i aMaterial.obj
 0001:00005020       ?_Rmost@?$_Tree@V?$_Tmap_traits@HPAUTextureType@aMaterial@@U?$less@H@std@@V?$allocator@U?$pair@$$CBHPAUTextureType@aMaterial@@@std@@@4@$0A@@std@@@std@@IAEAAPAU_Node@?$_Tree_nod@V?$_Tmap_traits@HPAUTextureType@aMaterial@@U?$less@H@std@@V?$allocator@U?$pair@$$CBHPAUTextureType@aMaterial@@@std@@@4@$0A@@std@@@2@XZ 10006020 f i aMaterial.obj
 0001:00005070       ?_Root@?$_Tree@V?$_Tmap_traits@HPAUTextureType@aMaterial@@U?$less@H@std@@V?$allocator@U?$pair@$$CBHPAUTextureType@aMaterial@@@std@@@4@$0A@@std@@@std@@IAEAAPAU_Node@?$_Tree_nod@V?$_Tmap_traits@HPAUTextureType@aMaterial@@U?$less@H@std@@V?$allocator@U?$pair@$$CBHPAUTextureType@aMaterial@@@std@@@4@$0A@@std@@@2@XZ 10006070 f i aMaterial.obj
 0001:000050c0       ??R?$less@H@std@@QBE_NABH0@Z 100060c0 f i aMaterial.obj
 0001:00005100       ?_Key@?$_Tree@V?$_Tmap_traits@HPAUMaterialType@aMaterial@@U?$less@H@std@@V?$allocator@U?$pair@$$CBHPAUMaterialType@aMaterial@@@std@@@4@$0A@@std@@@std@@KGABHPAU_Node@?$_Tree_nod@V?$_Tmap_traits@HPAUMaterialType@aMaterial@@U?$less@H@std@@V?$allocator@U?$pair@$$CBHPAUMaterialType@aMaterial@@@std@@@4@$0A@@std@@@2@@Z 10006100 f i aMaterial.obj
 0001:00005150       ?Size@StringClass@Data@@QAEHXZ 10006150 f i aMaterial.obj
 0001:000051a0       ??4StringClass@Data@@QAEXPBD@Z 100061a0 f i aMaterial.obj
 0001:000051f0       ?SetData@StringClass@Data@@QAEXPBD@Z 100061f0 f i aMaterial.obj
 0001:00005250       ??4StringClass@Data@@QAEXPAD@Z 10006250 f i aMaterial.obj
 0001:000052a0       ?SetData@StringClass@Data@@QAEXPAD@Z 100062a0 f i aMaterial.obj
 0001:00005300       ?insert@?$_Tree@V?$_Tmap_traits@HPAUMaterialType@aMaterial@@U?$less@H@std@@V?$allocator@U?$pair@$$CBHPAUMaterialType@aMaterial@@@std@@@4@$0A@@std@@@std@@QAE?AViterator@12@V312@ABU?$pair@$$CBHPAUMaterialType@aMaterial@@@2@@Z 10006300 f i aMaterial.obj
 0001:000058d0       ?lower_bound@?$_Tree@V?$_Tmap_traits@HPAUMaterialType@aMaterial@@U?$less@H@std@@V?$allocator@U?$pair@$$CBHPAUMaterialType@aMaterial@@@std@@@4@$0A@@std@@@std@@QAE?AViterator@12@ABH@Z 100068d0 f i aMaterial.obj
 0001:00005930       ?_Erase@?$_Tree@V?$_Tmap_traits@HPAUMaterialType@aMaterial@@U?$less@H@std@@V?$allocator@U?$pair@$$CBHPAUMaterialType@aMaterial@@@std@@@4@$0A@@std@@@std@@IAEXPAU_Node@?$_Tree_nod@V?$_Tmap_traits@HPAUMaterialType@aMaterial@@U?$less@H@std@@V?$allocator@U?$pair@$$CBHPAUMaterialType@aMaterial@@@std@@@4@$0A@@std@@@2@@Z 10006930 f i aMaterial.obj
 0001:000059d0       ?_Lmost@?$_Tree@V?$_Tmap_traits@HPAUMaterialType@aMaterial@@U?$less@H@std@@V?$allocator@U?$pair@$$CBHPAUMaterialType@aMaterial@@@std@@@4@$0A@@std@@@std@@IAEAAPAU_Node@?$_Tree_nod@V?$_Tmap_traits@HPAUMaterialType@aMaterial@@U?$less@H@std@@V?$allocator@U?$pair@$$CBHPAUMaterialType@aMaterial@@@std@@@4@$0A@@std@@@2@XZ 100069d0 f i aMaterial.obj
 0001:00005a20       ?_Rmost@?$_Tree@V?$_Tmap_traits@HPAUMaterialType@aMaterial@@U?$less@H@std@@V?$allocator@U?$pair@$$CBHPAUMaterialType@aMaterial@@@std@@@4@$0A@@std@@@std@@IAEAAPAU_Node@?$_Tree_nod@V?$_Tmap_traits@HPAUMaterialType@aMaterial@@U?$less@H@std@@V?$allocator@U?$pair@$$CBHPAUMaterialType@aMaterial@@@std@@@4@$0A@@std@@@2@XZ 10006a20 f i aMaterial.obj
 0001:00005a70       ?_Root@?$_Tree@V?$_Tmap_traits@HPAUMaterialType@aMaterial@@U?$less@H@std@@V?$allocator@U?$pair@$$CBHPAUMaterialType@aMaterial@@@std@@@4@$0A@@std@@@std@@IAEAAPAU_Node@?$_Tree_nod@V?$_Tmap_traits@HPAUMaterialType@aMaterial@@U?$less@H@std@@V?$allocator@U?$pair@$$CBHPAUMaterialType@aMaterial@@@std@@@4@$0A@@std@@@2@XZ 10006a70 f i aMaterial.obj
 0001:00005ac0       ??0iterator@?$_Tree@V?$_Tmap_traits@HPAUMaterialType@aMaterial@@U?$less@H@std@@V?$allocator@U?$pair@$$CBHPAUMaterialType@aMaterial@@@std@@@4@$0A@@std@@@std@@QAE@PAU_Node@?$_Tree_nod@V?$_Tmap_traits@HPAUMaterialType@aMaterial@@U?$less@H@std@@V?$allocator@U?$pair@$$CBHPAUMaterialType@aMaterial@@@std@@@4@$0A@@std@@@2@@Z 10006ac0 f i aMaterial.obj
 0001:00005b10       ??Diterator@?$_Tree@V?$_Tmap_traits@HPAUMaterialType@aMaterial@@U?$less@H@std@@V?$allocator@U?$pair@$$CBHPAUMaterialType@aMaterial@@@std@@@4@$0A@@std@@@std@@QBEAAU?$pair@$$CBHPAUMaterialType@aMaterial@@@2@XZ 10006b10 f i aMaterial.obj
 0001:00005b50       ??Eiterator@?$_Tree@V?$_Tmap_traits@HPAUMaterialType@aMaterial@@U?$less@H@std@@V?$allocator@U?$pair@$$CBHPAUMaterialType@aMaterial@@@std@@@4@$0A@@std@@@std@@QAEAAV012@XZ 10006b50 f i aMaterial.obj
 0001:00005ba0       ?_Mynode@const_iterator@?$_Tree@V?$_Tmap_traits@HPAUMaterialType@aMaterial@@U?$less@H@std@@V?$allocator@U?$pair@$$CBHPAUMaterialType@aMaterial@@@std@@@4@$0A@@std@@@std@@QBEPAU_Node@?$_Tree_nod@V?$_Tmap_traits@HPAUMaterialType@aMaterial@@U?$less@H@std@@V?$allocator@U?$pair@$$CBHPAUMaterialType@aMaterial@@@std@@@4@$0A@@std@@@3@XZ 10006ba0 f i aMaterial.obj
 0001:00005bd0       ??0iterator@?$_Tree@V?$_Tmap_traits@HPAUTextureType@aMaterial@@U?$less@H@std@@V?$allocator@U?$pair@$$CBHPAUTextureType@aMaterial@@@std@@@4@$0A@@std@@@std@@QAE@PAU_Node@?$_Tree_nod@V?$_Tmap_traits@HPAUTextureType@aMaterial@@U?$less@H@std@@V?$allocator@U?$pair@$$CBHPAUTextureType@aMaterial@@@std@@@4@$0A@@std@@@2@@Z 10006bd0 f i aMaterial.obj
 0001:00005c20       ??Diterator@?$_Tree@V?$_Tmap_traits@HPAUTextureType@aMaterial@@U?$less@H@std@@V?$allocator@U?$pair@$$CBHPAUTextureType@aMaterial@@@std@@@4@$0A@@std@@@std@@QBEAAU?$pair@$$CBHPAUTextureType@aMaterial@@@2@XZ 10006c20 f i aMaterial.obj
 0001:00005c60       ??Eiterator@?$_Tree@V?$_Tmap_traits@HPAUTextureType@aMaterial@@U?$less@H@std@@V?$allocator@U?$pair@$$CBHPAUTextureType@aMaterial@@@std@@@4@$0A@@std@@@std@@QAEAAV012@XZ 10006c60 f i aMaterial.obj
 0001:00005cb0       ?_Mynode@const_iterator@?$_Tree@V?$_Tmap_traits@HPAUTextureType@aMaterial@@U?$less@H@std@@V?$allocator@U?$pair@$$CBHPAUTextureType@aMaterial@@@std@@@4@$0A@@std@@@std@@QBEPAU_Node@?$_Tree_nod@V?$_Tmap_traits@HPAUTextureType@aMaterial@@U?$less@H@std@@V?$allocator@U?$pair@$$CBHPAUTextureType@aMaterial@@@std@@@4@$0A@@std@@@3@XZ 10006cb0 f i aMaterial.obj
 0001:00005ce0       ??0?$pair@$$CBHPAUMaterialType@aMaterial@@@std@@QAE@ABHABQAUMaterialType@aMaterial@@@Z 10006ce0 f i aMaterial.obj
 0001:00005d30       ??0?$pair@$$CBHPAUTextureType@aMaterial@@@std@@QAE@ABHABQAUTextureType@aMaterial@@@Z 10006d30 f i aMaterial.obj
 0001:00005d80       ??Diterator@?$vector@IV?$allocator@I@std@@@std@@QBEAAIXZ 10006d80 f i aMaterial.obj
 0001:00005dc0       ??Hiterator@?$vector@IV?$allocator@I@std@@@std@@QBE?AV012@H@Z 10006dc0 f i aMaterial.obj
 0001:00005e50       ??0?$allocator@I@std@@QAE@ABV01@@Z 10006e50 f i aMaterial.obj
 0001:00005e80       ?deallocate@?$allocator@I@std@@QAEXPAII@Z 10006e80 f i aMaterial.obj
 0001:00005ed0       ?allocate@?$allocator@I@std@@QAEPAII@Z 10006ed0 f i aMaterial.obj
 0001:00005f20       ?max_size@?$vector@IV?$allocator@I@std@@@std@@QBEIXZ 10006f20 f i aMaterial.obj
 0001:00005f60       ?_Destroy@?$vector@IV?$allocator@I@std@@@std@@IAEXPAI0@Z 10006f60 f i aMaterial.obj
 0001:00005fb0       ?_Insert_n@?$vector@IV?$allocator@I@std@@@std@@IAEXViterator@12@IABI@Z 10006fb0 f i aMaterial.obj
 0001:00006330       ?_Xlen@?$vector@IV?$allocator@I@std@@@std@@IBEXXZ 10007330 f i aMaterial.obj
 0001:000063c0       ??0?$basic_string@DU?$char_traits@D@std@@V?$allocator@D@2@@std@@QAE@PBD@Z 100073c0 f i aMaterial.obj
 0001:00006430       ??1?$basic_string@DU?$char_traits@D@std@@V?$allocator@D@2@@std@@QAE@XZ 10007430 f i aMaterial.obj
 0001:00006480       ?assign@?$basic_string@DU?$char_traits@D@std@@V?$allocator@D@2@@std@@QAEAAV12@PBD@Z 10007480 f i aMaterial.obj
 0001:000064e0       ?_Tidy@?$basic_string@DU?$char_traits@D@std@@V?$allocator@D@2@@std@@IAEX_NI@Z 100074e0 f i aMaterial.obj
 0001:00006580       ??0?$_String_val@DV?$allocator@D@std@@@std@@IAE@V?$allocator@D@1@@Z 10007580 f i aMaterial.obj
 0001:000065d0       ??0?$allocator@D@std@@QAE@XZ 100075d0 f i aMaterial.obj
 0001:00006600       ??0?$allocator@D@std@@QAE@ABV01@@Z 10007600 f i aMaterial.obj
 0001:00006630       ?length@?$char_traits@D@std@@SAIPBD@Z 10007630 f i aMaterial.obj
 0001:00006670       ?copy@?$char_traits@D@std@@SAPADPADPBDI@Z 10007670 f i aMaterial.obj
 0001:000066c0       ??0length_error@std@@QAE@ABV?$basic_string@DU?$char_traits@D@std@@V?$allocator@D@2@@1@@Z 100076c0 f i aMaterial.obj
 0001:00006720       ??0logic_error@std@@QAE@ABV?$basic_string@DU?$char_traits@D@std@@V?$allocator@D@2@@1@@Z 10007720 f i aMaterial.obj
 0001:000067b0       ??0?$basic_string@DU?$char_traits@D@std@@V?$allocator@D@2@@std@@QAE@ABV01@@Z 100077b0 f i aMaterial.obj
 0001:00006820       ?assign@?$basic_string@DU?$char_traits@D@std@@V?$allocator@D@2@@std@@QAEAAV12@ABV12@II@Z 10007820 f i aMaterial.obj
 0001:00006900       ?size@?$basic_string@DU?$char_traits@D@std@@V?$allocator@D@2@@std@@QBEIXZ 10007900 f i aMaterial.obj
 0001:00006930       ?_Myptr@?$basic_string@DU?$char_traits@D@std@@V?$allocator@D@2@@std@@QBEPBDXZ 10007930 f i aMaterial.obj
 0001:00006990       ?what@logic_error@std@@UBEPBDXZ 10007990 f i aMaterial.obj
 0001:000069e0       ?c_str@?$basic_string@DU?$char_traits@D@std@@V?$allocator@D@2@@std@@QBEPBDXZ 100079e0 f i aMaterial.obj
 0001:00006a20       ??_Elogic_error@std@@UAEPAXI@Z 10007a20 f i aMaterial.obj
 0001:00006a20       ??_Glogic_error@std@@UAEPAXI@Z 10007a20 f i aMaterial.obj
 0001:00006a80       ??1logic_error@std@@UAE@XZ 10007a80 f i aMaterial.obj
 0001:00006b00       ??1length_error@std@@UAE@XZ 10007b00 f i aMaterial.obj
 0001:00006b50       ??_Elength_error@std@@UAEPAXI@Z 10007b50 f i aMaterial.obj
 0001:00006b50       ??_Glength_error@std@@UAEPAXI@Z 10007b50 f i aMaterial.obj
 0001:00006bb0       ?assign@?$basic_string@DU?$char_traits@D@std@@V?$allocator@D@2@@std@@QAEAAV12@PBDI@Z 10007bb0 f i aMaterial.obj
 0001:00006c60       ?erase@?$basic_string@DU?$char_traits@D@std@@V?$allocator@D@2@@std@@QAEAAV12@II@Z 10007c60 f i aMaterial.obj
 0001:00006d20       ?move@?$char_traits@D@std@@SAPADPADPBDI@Z 10007d20 f i aMaterial.obj
 0001:00006d70       ?_Eos@?$basic_string@DU?$char_traits@D@std@@V?$allocator@D@2@@std@@IAEXI@Z 10007d70 f i aMaterial.obj
 0001:00006de0       ?assign@?$char_traits@D@std@@SAXAADABD@Z 10007de0 f i aMaterial.obj
 0001:00006e10       ?_Grow@?$basic_string@DU?$char_traits@D@std@@V?$allocator@D@2@@std@@IAE_NI_N@Z 10007e10 f i aMaterial.obj
 0001:00006ee0       ?_Myptr@?$basic_string@DU?$char_traits@D@std@@V?$allocator@D@2@@std@@QAEPADXZ 10007ee0 f i aMaterial.obj
 0001:00006f40       ?deallocate@?$allocator@D@std@@QAEXPADI@Z 10007f40 f i aMaterial.obj
 0001:00006f90       ?_Isnil@?$_Tree@V?$_Tmap_traits@HPAUTextureType@aMaterial@@U?$less@H@std@@V?$allocator@U?$pair@$$CBHPAUTextureType@aMaterial@@@std@@@4@$0A@@std@@@std@@KGAADPAU_Node@?$_Tree_nod@V?$_Tmap_traits@HPAUTextureType@aMaterial@@U?$less@H@std@@V?$allocator@U?$pair@$$CBHPAUTextureType@aMaterial@@@std@@@4@$0A@@std@@@2@@Z 10007f90 f i aMaterial.obj
 0001:00006fc0       ?_Left@?$_Tree@V?$_Tmap_traits@HPAUTextureType@aMaterial@@U?$less@H@std@@V?$allocator@U?$pair@$$CBHPAUTextureType@aMaterial@@@std@@@4@$0A@@std@@@std@@KGAAPAU_Node@?$_Tree_nod@V?$_Tmap_traits@HPAUTextureType@aMaterial@@U?$less@H@std@@V?$allocator@U?$pair@$$CBHPAUTextureType@aMaterial@@@std@@@4@$0A@@std@@@2@PAU342@@Z 10007fc0 f i aMaterial.obj
 0001:00006ff0       ?_Parent@?$_Tree@V?$_Tmap_traits@HPAUTextureType@aMaterial@@U?$less@H@std@@V?$allocator@U?$pair@$$CBHPAUTextureType@aMaterial@@@std@@@4@$0A@@std@@@std@@KGAAPAU_Node@?$_Tree_nod@V?$_Tmap_traits@HPAUTextureType@aMaterial@@U?$less@H@std@@V?$allocator@U?$pair@$$CBHPAUTextureType@aMaterial@@@std@@@4@$0A@@std@@@2@PAU342@@Z 10007ff0 f i aMaterial.obj
 0001:00007020       ?_Right@?$_Tree@V?$_Tmap_traits@HPAUTextureType@aMaterial@@U?$less@H@std@@V?$allocator@U?$pair@$$CBHPAUTextureType@aMaterial@@@std@@@4@$0A@@std@@@std@@KGAAPAU_Node@?$_Tree_nod@V?$_Tmap_traits@HPAUTextureType@aMaterial@@U?$less@H@std@@V?$allocator@U?$pair@$$CBHPAUTextureType@aMaterial@@@std@@@4@$0A@@std@@@2@PAU342@@Z 10008020 f i aMaterial.obj
 0001:00007050       ?_Myval@?$_Tree@V?$_Tmap_traits@HPAUTextureType@aMaterial@@U?$less@H@std@@V?$allocator@U?$pair@$$CBHPAUTextureType@aMaterial@@@std@@@4@$0A@@std@@@std@@KGAAU?$pair@$$CBHPAUTextureType@aMaterial@@@2@PAU_Node@?$_Tree_nod@V?$_Tmap_traits@HPAUTextureType@aMaterial@@U?$less@H@std@@V?$allocator@U?$pair@$$CBHPAUTextureType@aMaterial@@@std@@@4@$0A@@std@@@2@@Z 10008050 f i aMaterial.obj
 0001:00007080       ?size@?$_Tree@V?$_Tmap_traits@HPAUTextureType@aMaterial@@U?$less@H@std@@V?$allocator@U?$pair@$$CBHPAUTextureType@aMaterial@@@std@@@4@$0A@@std@@@std@@QBEIXZ 10008080 f i aMaterial.obj
 0001:000070b0       ?insert@?$_Tree@V?$_Tmap_traits@HPAUTextureType@aMaterial@@U?$less@H@std@@V?$allocator@U?$pair@$$CBHPAUTextureType@aMaterial@@@std@@@4@$0A@@std@@@std@@QAE?AU?$pair@Viterator@?$_Tree@V?$_Tmap_traits@HPAUTextureType@aMaterial@@U?$less@H@std@@V?$allocator@U?$pair@$$CBHPAUTextureType@aMaterial@@@std@@@4@$0A@@std@@@std@@_N@2@ABU?$pair@$$CBHPAUTextureType@aMaterial@@@2@@Z 100080b0 f i aMaterial.obj
 0001:000072d0       ?_Insert@?$_Tree@V?$_Tmap_traits@HPAUTextureType@aMaterial@@U?$less@H@std@@V?$allocator@U?$pair@$$CBHPAUTextureType@aMaterial@@@std@@@4@$0A@@std@@@std@@IAE?AViterator@12@_NPAU_Node@?$_Tree_nod@V?$_Tmap_traits@HPAUTextureType@aMaterial@@U?$less@H@std@@V?$allocator@U?$pair@$$CBHPAUTextureType@aMaterial@@@std@@@4@$0A@@std@@@2@ABU?$pair@$$CBHPAUTextureType@aMaterial@@@2@@Z 100082d0 f i aMaterial.obj
 0001:000076c0       ?_Lbound@?$_Tree@V?$_Tmap_traits@HPAUTextureType@aMaterial@@U?$less@H@std@@V?$allocator@U?$pair@$$CBHPAUTextureType@aMaterial@@@std@@@4@$0A@@std@@@std@@IBEPAU_Node@?$_Tree_nod@V?$_Tmap_traits@HPAUTextureType@aMaterial@@U?$less@H@std@@V?$allocator@U?$pair@$$CBHPAUTextureType@aMaterial@@@std@@@4@$0A@@std@@@2@ABH@Z 100086c0 f i aMaterial.obj
 0001:00007770       ?_Kfn@?$_Tmap_traits@HPAUTextureType@aMaterial@@U?$less@H@std@@V?$allocator@U?$pair@$$CBHPAUTextureType@aMaterial@@@std@@@4@$0A@@std@@SGABHABU?$pair@$$CBHPAUTextureType@aMaterial@@@2@@Z 10008770 f i aMaterial.obj
 0001:000077a0       ?deallocate@?$allocator@U_Node@?$_Tree_nod@V?$_Tmap_traits@HPAUTextureType@aMaterial@@U?$less@H@std@@V?$allocator@U?$pair@$$CBHPAUTextureType@aMaterial@@@std@@@4@$0A@@std@@@std@@@std@@QAEXPAU_Node@?$_Tree_nod@V?$_Tmap_traits@HPAUTextureType@aMaterial@@U?$less@H@std@@V?$allocator@U?$pair@$$CBHPAUTextureType@aMaterial@@@std@@@4@$0A@@std@@@2@I@Z 100087a0 f i aMaterial.obj
 0001:000077f0       ?destroy@?$allocator@U_Node@?$_Tree_nod@V?$_Tmap_traits@HPAUTextureType@aMaterial@@U?$less@H@std@@V?$allocator@U?$pair@$$CBHPAUTextureType@aMaterial@@@std@@@4@$0A@@std@@@std@@@std@@QAEXPAU_Node@?$_Tree_nod@V?$_Tmap_traits@HPAUTextureType@aMaterial@@U?$less@H@std@@V?$allocator@U?$pair@$$CBHPAUTextureType@aMaterial@@@std@@@4@$0A@@std@@@2@@Z 100087f0 f i aMaterial.obj
 0001:00007840       ?_Isnil@?$_Tree@V?$_Tmap_traits@HPAUMaterialType@aMaterial@@U?$less@H@std@@V?$allocator@U?$pair@$$CBHPAUMaterialType@aMaterial@@@std@@@4@$0A@@std@@@std@@KGAADPAU_Node@?$_Tree_nod@V?$_Tmap_traits@HPAUMaterialType@aMaterial@@U?$less@H@std@@V?$allocator@U?$pair@$$CBHPAUMaterialType@aMaterial@@@std@@@4@$0A@@std@@@2@@Z 10008840 f i aMaterial.obj
 0001:00007870       ?_Left@?$_Tree@V?$_Tmap_traits@HPAUMaterialType@aMaterial@@U?$less@H@std@@V?$allocator@U?$pair@$$CBHPAUMaterialType@aMaterial@@@std@@@4@$0A@@std@@@std@@KGAAPAU_Node@?$_Tree_nod@V?$_Tmap_traits@HPAUMaterialType@aMaterial@@U?$less@H@std@@V?$allocator@U?$pair@$$CBHPAUMaterialType@aMaterial@@@std@@@4@$0A@@std@@@2@PAU342@@Z 10008870 f i aMaterial.obj
 0001:000078a0       ?_Parent@?$_Tree@V?$_Tmap_traits@HPAUMaterialType@aMaterial@@U?$less@H@std@@V?$allocator@U?$pair@$$CBHPAUMaterialType@aMaterial@@@std@@@4@$0A@@std@@@std@@KGAAPAU_Node@?$_Tree_nod@V?$_Tmap_traits@HPAUMaterialType@aMaterial@@U?$less@H@std@@V?$allocator@U?$pair@$$CBHPAUMaterialType@aMaterial@@@std@@@4@$0A@@std@@@2@PAU342@@Z 100088a0 f i aMaterial.obj
 0001:000078d0       ?_Right@?$_Tree@V?$_Tmap_traits@HPAUMaterialType@aMaterial@@U?$less@H@std@@V?$allocator@U?$pair@$$CBHPAUMaterialType@aMaterial@@@std@@@4@$0A@@std@@@std@@KGAAPAU_Node@?$_Tree_nod@V?$_Tmap_traits@HPAUMaterialType@aMaterial@@U?$less@H@std@@V?$allocator@U?$pair@$$CBHPAUMaterialType@aMaterial@@@std@@@4@$0A@@std@@@2@PAU342@@Z 100088d0 f i aMaterial.obj
 0001:00007900       ?_Myval@?$_Tree@V?$_Tmap_traits@HPAUMaterialType@aMaterial@@U?$less@H@std@@V?$allocator@U?$pair@$$CBHPAUMaterialType@aMaterial@@@std@@@4@$0A@@std@@@std@@KGAAU?$pair@$$CBHPAUMaterialType@aMaterial@@@2@PAU_Node@?$_Tree_nod@V?$_Tmap_traits@HPAUMaterialType@aMaterial@@U?$less@H@std@@V?$allocator@U?$pair@$$CBHPAUMaterialType@aMaterial@@@std@@@4@$0A@@std@@@2@@Z 10008900 f i aMaterial.obj
 0001:00007930       ?insert@?$_Tree@V?$_Tmap_traits@HPAUMaterialType@aMaterial@@U?$less@H@std@@V?$allocator@U?$pair@$$CBHPAUMaterialType@aMaterial@@@std@@@4@$0A@@std@@@std@@QAE?AU?$pair@Viterator@?$_Tree@V?$_Tmap_traits@HPAUMaterialType@aMaterial@@U?$less@H@std@@V?$allocator@U?$pair@$$CBHPAUMaterialType@aMaterial@@@std@@@4@$0A@@std@@@std@@_N@2@ABU?$pair@$$CBHPAUMaterialType@aMaterial@@@2@@Z 10008930 f i aMaterial.obj
 0001:00007b50       ?_Insert@?$_Tree@V?$_Tmap_traits@HPAUMaterialType@aMaterial@@U?$less@H@std@@V?$allocator@U?$pair@$$CBHPAUMaterialType@aMaterial@@@std@@@4@$0A@@std@@@std@@IAE?AViterator@12@_NPAU_Node@?$_Tree_nod@V?$_Tmap_traits@HPAUMaterialType@aMaterial@@U?$less@H@std@@V?$allocator@U?$pair@$$CBHPAUMaterialType@aMaterial@@@std@@@4@$0A@@std@@@2@ABU?$pair@$$CBHPAUMaterialType@aMaterial@@@2@@Z 10008b50 f i aMaterial.obj
 0001:00007f40       ?_Lbound@?$_Tree@V?$_Tmap_traits@HPAUMaterialType@aMaterial@@U?$less@H@std@@V?$allocator@U?$pair@$$CBHPAUMaterialType@aMaterial@@@std@@@4@$0A@@std@@@std@@IBEPAU_Node@?$_Tree_nod@V?$_Tmap_traits@HPAUMaterialType@aMaterial@@U?$less@H@std@@V?$allocator@U?$pair@$$CBHPAUMaterialType@aMaterial@@@std@@@4@$0A@@std@@@2@ABH@Z 10008f40 f i aMaterial.obj
 0001:00007ff0       ?_Kfn@?$_Tmap_traits@HPAUMaterialType@aMaterial@@U?$less@H@std@@V?$allocator@U?$pair@$$CBHPAUMaterialType@aMaterial@@@std@@@4@$0A@@std@@SGABHABU?$pair@$$CBHPAUMaterialType@aMaterial@@@2@@Z 10008ff0 f i aMaterial.obj
 0001:00008020       ?deallocate@?$allocator@U_Node@?$_Tree_nod@V?$_Tmap_traits@HPAUMaterialType@aMaterial@@U?$less@H@std@@V?$allocator@U?$pair@$$CBHPAUMaterialType@aMaterial@@@std@@@4@$0A@@std@@@std@@@std@@QAEXPAU_Node@?$_Tree_nod@V?$_Tmap_traits@HPAUMaterialType@aMaterial@@U?$less@H@std@@V?$allocator@U?$pair@$$CBHPAUMaterialType@aMaterial@@@std@@@4@$0A@@std@@@2@I@Z 10009020 f i aMaterial.obj
 0001:00008070       ?destroy@?$allocator@U_Node@?$_Tree_nod@V?$_Tmap_traits@HPAUMaterialType@aMaterial@@U?$less@H@std@@V?$allocator@U?$pair@$$CBHPAUMaterialType@aMaterial@@@std@@@4@$0A@@std@@@std@@@std@@QAEXPAU_Node@?$_Tree_nod@V?$_Tmap_traits@HPAUMaterialType@aMaterial@@U?$less@H@std@@V?$allocator@U?$pair@$$CBHPAUMaterialType@aMaterial@@@std@@@4@$0A@@std@@@2@@Z 10009070 f i aMaterial.obj
 0001:000080c0       ??0iterator@?$_Tree@V?$_Tmap_traits@HPAUMaterialType@aMaterial@@U?$less@H@std@@V?$allocator@U?$pair@$$CBHPAUMaterialType@aMaterial@@@std@@@4@$0A@@std@@@std@@QAE@XZ 100090c0 f i aMaterial.obj
 0001:00008110       ??Fiterator@?$_Tree@V?$_Tmap_traits@HPAUMaterialType@aMaterial@@U?$less@H@std@@V?$allocator@U?$pair@$$CBHPAUMaterialType@aMaterial@@@std@@@4@$0A@@std@@@std@@QAEAAV012@XZ 10009110 f i aMaterial.obj
 0001:00008160       ??0const_iterator@?$_Tree@V?$_Tmap_traits@HPAUMaterialType@aMaterial@@U?$less@H@std@@V?$allocator@U?$pair@$$CBHPAUMaterialType@aMaterial@@@std@@@4@$0A@@std@@@std@@QAE@PAU_Node@?$_Tree_nod@V?$_Tmap_traits@HPAUMaterialType@aMaterial@@U?$less@H@std@@V?$allocator@U?$pair@$$CBHPAUMaterialType@aMaterial@@@std@@@4@$0A@@std@@@2@@Z 10009160 f i aMaterial.obj
 0001:000081a0       ??Dconst_iterator@?$_Tree@V?$_Tmap_traits@HPAUMaterialType@aMaterial@@U?$less@H@std@@V?$allocator@U?$pair@$$CBHPAUMaterialType@aMaterial@@@std@@@4@$0A@@std@@@std@@QBEABU?$pair@$$CBHPAUMaterialType@aMaterial@@@2@XZ 100091a0 f i aMaterial.obj
 0001:000081f0       ??Econst_iterator@?$_Tree@V?$_Tmap_traits@HPAUMaterialType@aMaterial@@U?$less@H@std@@V?$allocator@U?$pair@$$CBHPAUMaterialType@aMaterial@@@std@@@4@$0A@@std@@@std@@QAEAAV012@XZ 100091f0 f i aMaterial.obj
 0001:00008240       ??0iterator@?$_Tree@V?$_Tmap_traits@HPAUTextureType@aMaterial@@U?$less@H@std@@V?$allocator@U?$pair@$$CBHPAUTextureType@aMaterial@@@std@@@4@$0A@@std@@@std@@QAE@XZ 10009240 f i aMaterial.obj
 0001:00008290       ?Int@CRC@@YGII@Z           10009290 f i aMaterial.obj
 0001:000082d0       ??Fiterator@?$_Tree@V?$_Tmap_traits@HPAUTextureType@aMaterial@@U?$less@H@std@@V?$allocator@U?$pair@$$CBHPAUTextureType@aMaterial@@@std@@@4@$0A@@std@@@std@@QAEAAV012@XZ 100092d0 f i aMaterial.obj
 0001:00008320       ??0const_iterator@?$_Tree@V?$_Tmap_traits@HPAUTextureType@aMaterial@@U?$less@H@std@@V?$allocator@U?$pair@$$CBHPAUTextureType@aMaterial@@@std@@@4@$0A@@std@@@std@@QAE@PAU_Node@?$_Tree_nod@V?$_Tmap_traits@HPAUTextureType@aMaterial@@U?$less@H@std@@V?$allocator@U?$pair@$$CBHPAUTextureType@aMaterial@@@std@@@4@$0A@@std@@@2@@Z 10009320 f i aMaterial.obj
 0001:00008360       ??Dconst_iterator@?$_Tree@V?$_Tmap_traits@HPAUTextureType@aMaterial@@U?$less@H@std@@V?$allocator@U?$pair@$$CBHPAUTextureType@aMaterial@@@std@@@4@$0A@@std@@@std@@QBEABU?$pair@$$CBHPAUTextureType@aMaterial@@@2@XZ 10009360 f i aMaterial.obj
 0001:000083b0       ??Econst_iterator@?$_Tree@V?$_Tmap_traits@HPAUTextureType@aMaterial@@U?$less@H@std@@V?$allocator@U?$pair@$$CBHPAUTextureType@aMaterial@@@std@@@4@$0A@@std@@@std@@QAEAAV012@XZ 100093b0 f i aMaterial.obj
 0001:00008400       ??0iterator@?$vector@IV?$allocator@I@std@@@std@@QAE@PAI@Z 10009400 f i aMaterial.obj
 0001:00008450       ??Yiterator@?$vector@IV?$allocator@I@std@@@std@@QAEAAV012@H@Z 10009450 f i aMaterial.obj
 0001:00008490       ??Giterator@?$vector@IV?$allocator@I@std@@@std@@QBEHABVconst_iterator@12@@Z 10009490 f i aMaterial.obj
 0001:000084f0       ??Dconst_iterator@?$vector@IV?$allocator@I@std@@@std@@QBEABIXZ 100094f0 f i aMaterial.obj
 0001:00008520       ??0length_error@std@@QAE@ABV01@@Z 10009520 f i aMaterial.obj
 0001:00008580       ??0StringClass@CRC@@QAE@XZ 10009580 f i aMaterial.obj
 0001:00008600       ??0logic_error@std@@QAE@ABV01@@Z 10009600 f i aMaterial.obj
 0001:00008690       ??0StringClass@CRC@@QAE@PAD@Z 10009690 f i aMaterial.obj
 0001:00008730       ?Str@CRC@@YGIPBD@Z         10009730 f i aMaterial.obj
 0001:00008770       ?max_size@?$basic_string@DU?$char_traits@D@std@@V?$allocator@D@2@@std@@QBEIXZ 10009770 f i aMaterial.obj
 0001:000087e0       ?_Copy@?$basic_string@DU?$char_traits@D@std@@V?$allocator@D@2@@std@@IAEXII@Z 100097e0 f i aMaterial.obj
 0001:00008970       ??1StringClass@CRC@@QAE@XZ 10009970 f i aMaterial.obj
 0001:000089c0       ?Clear@StringClass@CRC@@QAEXXZ 100099c0 f i aMaterial.obj
 0001:00008a10       ?Id@StringClass@CRC@@QAEIXZ 10009a10 f i aMaterial.obj
 0001:00008a40       ?_Inside@?$basic_string@DU?$char_traits@D@std@@V?$allocator@D@2@@std@@IAE_NPBD@Z 10009a40 f i aMaterial.obj
 0001:00008aa0       ?String@StringClass@CRC@@QAEPADXZ 10009aa0 f i aMaterial.obj
 0001:00008b00       ?Empty@StringClass@Data@@QAEHXZ 10009b00 f i aMaterial.obj
 0001:00008b40       ?SetString@StringClass@CRC@@QAEXPAD@Z 10009b40 f i aMaterial.obj
 0001:00008bc0       ?Lower@StringClass@Data@@QAEXXZ 10009bc0 f i aMaterial.obj
 0001:00008c20       ?CalcStringCRC@StringClass@CRC@@QAEIXZ 10009c20 f i aMaterial.obj
 0001:00008c80       ??6StringClass@CRC@@QAEXV0Data@@@Z 10009c80 f i aMaterial.obj
 0001:00008d00       ?AddString@StringClass@CRC@@QAEXPAD@Z 10009d00 f i aMaterial.obj
 0001:00008d70       ??6ModIdClass@CRC@@QAEXPBD@Z 10009d70 f i aMaterial.obj
 0001:00008dc0       ?AddString@ModIdClass@CRC@@QAEXPBD@Z 10009dc0 f i aMaterial.obj
 0001:00008e10       ??6StringClass@CRC@@QAEXPBD@Z 10009e10 f i aMaterial.obj
 0001:00008e60       ?Update@ModIdClass@CRC@@QAEXXZ 10009e60 f i aMaterial.obj
 0001:00008f60       ?Empty@StringClass@CRC@@QAEHXZ 10009f60 f i aMaterial.obj
 0001:00008fb0       ??4StringClass@CRC@@QAEXPAD@Z 10009fb0 f i aMaterial.obj
 0001:00009000       ??0PackClass@Packet@@QAE@XZ 1000a000 f i aMaterial.obj
 0001:000090b0       ??0TimeClass@CRC@@QAE@XZ   1000a0b0 f i aMaterial.obj
 0001:00009100       ??1TimeClass@CRC@@QAE@XZ   1000a100 f i aMaterial.obj
 0001:00009130       ?CalcCrc@TimeClass@CRC@@QAEXXZ 1000a130 f i aMaterial.obj
 0001:000091c0       ??0ModIdClass@CRC@@QAE@XZ  1000a1c0 f i aMaterial.obj
 0001:00009260       ??1ModIdClass@CRC@@QAE@XZ  1000a260 f i aMaterial.obj
 0001:00009300       ?Clear@ModIdClass@CRC@@QAEXXZ 1000a300 f i aMaterial.obj
 0001:00009360       ??1PackClass@Packet@@QAE@XZ 1000a360 f i aMaterial.obj
 0001:00009400       ?max_size@?$allocator@I@std@@QBEIXZ 1000a400 f i aMaterial.obj
 0001:00009460       ?Build@PackClass@Packet@@QAEXPBD0@Z 1000a460 f i aMaterial.obj
 0001:000094d0       ?Clear@PackClass@Packet@@QAEXXZ 1000a4d0 f i aMaterial.obj
 0001:00009560       ?DataClear@PackClass@Packet@@QAEXXZ 1000a560 f i aMaterial.obj
 0001:000095b0       ?ParamsClear@PackClass@Packet@@QAEXXZ 1000a5b0 f i aMaterial.obj
 0001:00009600       ?GetData@PackClass@Packet@@QAEPBDPBD@Z 1000a600 f i aMaterial.obj
 0001:000096a0       ?GetDataIndex@PackClass@Packet@@QAEPBDIPBD@Z 1000a6a0 f i aMaterial.obj
 0001:000096e0       ?_Color@?$_Tree@V?$_Tmap_traits@HPAUTextureType@aMaterial@@U?$less@H@std@@V?$allocator@U?$pair@$$CBHPAUTextureType@aMaterial@@@std@@@4@$0A@@std@@@std@@KGAADPAU_Node@?$_Tree_nod@V?$_Tmap_traits@HPAUTextureType@aMaterial@@U?$less@H@std@@V?$allocator@U?$pair@$$CBHPAUTextureType@aMaterial@@@std@@@4@$0A@@std@@@2@@Z 1000a6e0 f i aMaterial.obj
 0001:00009710       ?max_size@?$_Tree@V?$_Tmap_traits@HPAUTextureType@aMaterial@@U?$less@H@std@@V?$allocator@U?$pair@$$CBHPAUTextureType@aMaterial@@@std@@@4@$0A@@std@@@std@@QBEIXZ 1000a710 f i aMaterial.obj
 0001:00009760       ??0BinClass@Data@@QAE@I@Z  1000a760 f i aMaterial.obj
 0001:00009820       ??1BinClass@Data@@QAE@XZ   1000a820 f i aMaterial.obj
 0001:00009890       ?GetMax@BinClass@Data@@QBE?BHXZ 1000a890 f i aMaterial.obj
 0001:000098c0       ?GetData@BinClass@Data@@QAEPAEXZ 1000a8c0 f i aMaterial.obj
 0001:000098f0       ?GetData@BinClass@Data@@QAEPAEI@Z 1000a8f0 f i aMaterial.obj
 0001:00009990       ??0FileClass@File@@QAE@XZ  1000a990 f i aMaterial.obj
 0001:00009a40       ?_Lrotate@?$_Tree@V?$_Tmap_traits@HPAUTextureType@aMaterial@@U?$less@H@std@@V?$allocator@U?$pair@$$CBHPAUTextureType@aMaterial@@@std@@@4@$0A@@std@@@std@@IAEXPAU_Node@?$_Tree_nod@V?$_Tmap_traits@HPAUTextureType@aMaterial@@U?$less@H@std@@V?$allocator@U?$pair@$$CBHPAUTextureType@aMaterial@@@std@@@4@$0A@@std@@@2@@Z 1000aa40 f i aMaterial.obj
 0001:00009b70       ?_Root@?$_Tree@V?$_Tmap_traits@HPAUTextureType@aMaterial@@U?$less@H@std@@V?$allocator@U?$pair@$$CBHPAUTextureType@aMaterial@@@std@@@4@$0A@@std@@@std@@IBEAAPAU_Node@?$_Tree_nod@V?$_Tmap_traits@HPAUTextureType@aMaterial@@U?$less@H@std@@V?$allocator@U?$pair@$$CBHPAUTextureType@aMaterial@@@std@@@4@$0A@@std@@@2@XZ 1000ab70 f i aMaterial.obj
 0001:00009bc0       ?_Rrotate@?$_Tree@V?$_Tmap_traits@HPAUTextureType@aMaterial@@U?$less@H@std@@V?$allocator@U?$pair@$$CBHPAUTextureType@aMaterial@@@std@@@4@$0A@@std@@@std@@IAEXPAU_Node@?$_Tree_nod@V?$_Tmap_traits@HPAUTextureType@aMaterial@@U?$less@H@std@@V?$allocator@U?$pair@$$CBHPAUTextureType@aMaterial@@@std@@@4@$0A@@std@@@2@@Z 1000abc0 f i aMaterial.obj
 0001:00009cf0       ??1FileClass@File@@QAE@XZ  1000acf0 f i aMaterial.obj
 0001:00009da0       ?Open@FileClass@File@@QAEHPBDI@Z 1000ada0 f i aMaterial.obj
 0001:00009ef0       ??6StringClass@CRC@@QAEXPAD@Z 1000aef0 f i aMaterial.obj
 0001:00009f40       ?Close@FileClass@File@@QAEXXZ 1000af40 f i aMaterial.obj
 0001:00009fd0       ?_Buynode@?$_Tree@V?$_Tmap_traits@HPAUTextureType@aMaterial@@U?$less@H@std@@V?$allocator@U?$pair@$$CBHPAUTextureType@aMaterial@@@std@@@4@$0A@@std@@@std@@IAEPAU_Node@?$_Tree_nod@V?$_Tmap_traits@HPAUTextureType@aMaterial@@U?$less@H@std@@V?$allocator@U?$pair@$$CBHPAUTextureType@aMaterial@@@std@@@4@$0A@@std@@@2@PAU342@00ABU?$pair@$$CBHPAUTextureType@aMaterial@@@2@D@Z 1000afd0 f i aMaterial.obj
 0001:0000a0e0       ??2@YAPAXIPAX@Z            1000b0e0 f i aMaterial.obj
 0001:0000a110       ??3@YAXPAX0@Z              1000b110 f i aMaterial.obj
 0001:0000a140       ?_Color@?$_Tree@V?$_Tmap_traits@HPAUMaterialType@aMaterial@@U?$less@H@std@@V?$allocator@U?$pair@$$CBHPAUMaterialType@aMaterial@@@std@@@4@$0A@@std@@@std@@KGAADPAU_Node@?$_Tree_nod@V?$_Tmap_traits@HPAUMaterialType@aMaterial@@U?$less@H@std@@V?$allocator@U?$pair@$$CBHPAUMaterialType@aMaterial@@@std@@@4@$0A@@std@@@2@@Z 1000b140 f i aMaterial.obj
 0001:0000a170       ?max_size@?$_Tree@V?$_Tmap_traits@HPAUMaterialType@aMaterial@@U?$less@H@std@@V?$allocator@U?$pair@$$CBHPAUMaterialType@aMaterial@@@std@@@4@$0A@@std@@@std@@QBEIXZ 1000b170 f i aMaterial.obj
 0001:0000a1c0       ??5FileClass@File@@QAEXPAVBinClass@Data@@@Z 1000b1c0 f i aMaterial.obj
 0001:0000a210       ?ReadBinFile@FileClass@File@@QAEHPAVBinClass@Data@@@Z 1000b210 f i aMaterial.obj
 0001:0000a390       ?AddData@BinClass@Data@@QAEXPAEI@Z 1000b390 f i aMaterial.obj
 0001:0000a410       ?CheckFree@BinClass@Data@@QAEXI@Z 1000b410 f i aMaterial.obj
 0001:0000a4f0       ?BuildFormat@FileClass@File@@AAEXI@Z 1000b4f0 f i aMaterial.obj
 0001:0000a5b0       ?_Lrotate@?$_Tree@V?$_Tmap_traits@HPAUMaterialType@aMaterial@@U?$less@H@std@@V?$allocator@U?$pair@$$CBHPAUMaterialType@aMaterial@@@std@@@4@$0A@@std@@@std@@IAEXPAU_Node@?$_Tree_nod@V?$_Tmap_traits@HPAUMaterialType@aMaterial@@U?$less@H@std@@V?$allocator@U?$pair@$$CBHPAUMaterialType@aMaterial@@@std@@@4@$0A@@std@@@2@@Z 1000b5b0 f i aMaterial.obj
 0001:0000a6e0       ?_Root@?$_Tree@V?$_Tmap_traits@HPAUMaterialType@aMaterial@@U?$less@H@std@@V?$allocator@U?$pair@$$CBHPAUMaterialType@aMaterial@@@std@@@4@$0A@@std@@@std@@IBEAAPAU_Node@?$_Tree_nod@V?$_Tmap_traits@HPAUMaterialType@aMaterial@@U?$less@H@std@@V?$allocator@U?$pair@$$CBHPAUMaterialType@aMaterial@@@std@@@4@$0A@@std@@@2@XZ 1000b6e0 f i aMaterial.obj
 0001:0000a730       ?_Rrotate@?$_Tree@V?$_Tmap_traits@HPAUMaterialType@aMaterial@@U?$less@H@std@@V?$allocator@U?$pair@$$CBHPAUMaterialType@aMaterial@@@std@@@4@$0A@@std@@@std@@IAEXPAU_Node@?$_Tree_nod@V?$_Tmap_traits@HPAUMaterialType@aMaterial@@U?$less@H@std@@V?$allocator@U?$pair@$$CBHPAUMaterialType@aMaterial@@@std@@@4@$0A@@std@@@2@@Z 1000b730 f i aMaterial.obj
 0001:0000a860       ?_Buynode@?$_Tree@V?$_Tmap_traits@HPAUMaterialType@aMaterial@@U?$less@H@std@@V?$allocator@U?$pair@$$CBHPAUMaterialType@aMaterial@@@std@@@4@$0A@@std@@@std@@IAEPAU_Node@?$_Tree_nod@V?$_Tmap_traits@HPAUMaterialType@aMaterial@@U?$less@H@std@@V?$allocator@U?$pair@$$CBHPAUMaterialType@aMaterial@@@std@@@4@$0A@@std@@@2@PAU342@00ABU?$pair@$$CBHPAUMaterialType@aMaterial@@@2@D@Z 1000b860 f i aMaterial.obj
 0001:0000a970       ??0const_iterator@?$_Tree@V?$_Tmap_traits@HPAUMaterialType@aMaterial@@U?$less@H@std@@V?$allocator@U?$pair@$$CBHPAUMaterialType@aMaterial@@@std@@@4@$0A@@std@@@std@@QAE@XZ 1000b970 f i aMaterial.obj
 0001:0000a9b0       ??Fconst_iterator@?$_Tree@V?$_Tmap_traits@HPAUMaterialType@aMaterial@@U?$less@H@std@@V?$allocator@U?$pair@$$CBHPAUMaterialType@aMaterial@@@std@@@4@$0A@@std@@@std@@QAEAAV012@XZ 1000b9b0 f i aMaterial.obj
 0001:0000aa00       ?_Inc@const_iterator@?$_Tree@V?$_Tmap_traits@HPAUMaterialType@aMaterial@@U?$less@H@std@@V?$allocator@U?$pair@$$CBHPAUMaterialType@aMaterial@@@std@@@4@$0A@@std@@@std@@QAEXXZ 1000ba00 f i aMaterial.obj
 0001:0000aad0       ??0const_iterator@?$_Tree@V?$_Tmap_traits@HPAUTextureType@aMaterial@@U?$less@H@std@@V?$allocator@U?$pair@$$CBHPAUTextureType@aMaterial@@@std@@@4@$0A@@std@@@std@@QAE@XZ 1000bad0 f i aMaterial.obj
 0001:0000ab10       ??Fconst_iterator@?$_Tree@V?$_Tmap_traits@HPAUTextureType@aMaterial@@U?$less@H@std@@V?$allocator@U?$pair@$$CBHPAUTextureType@aMaterial@@@std@@@4@$0A@@std@@@std@@QAEAAV012@XZ 1000bb10 f i aMaterial.obj
 0001:0000ab60       ?_Inc@const_iterator@?$_Tree@V?$_Tmap_traits@HPAUTextureType@aMaterial@@U?$less@H@std@@V?$allocator@U?$pair@$$CBHPAUTextureType@aMaterial@@@std@@@4@$0A@@std@@@std@@QAEXXZ 1000bb60 f i aMaterial.obj
 0001:0000ac30       ??0const_iterator@?$vector@IV?$allocator@I@std@@@std@@QAE@PAI@Z 1000bc30 f i aMaterial.obj
 0001:0000ac70       ??Gconst_iterator@?$vector@IV?$allocator@I@std@@@std@@QBEHABV012@@Z 1000bc70 f i aMaterial.obj
 0001:0000acb0       ?Send@BaseClass@Comm@@QAEXPAVPackClass@Packet@@@Z 1000bcb0 f i aMaterial.obj
 0001:0000ad00       ??0?$pair@Viterator@?$_Tree@V?$_Tmap_traits@HPAUTextureType@aMaterial@@U?$less@H@std@@V?$allocator@U?$pair@$$CBHPAUTextureType@aMaterial@@@std@@@4@$0A@@std@@@std@@_N@std@@QAE@ABViterator@?$_Tree@V?$_Tmap_traits@HPAUTextureType@aMaterial@@U?$less@H@std@@V?$allocator@U?$pair@$$CBHPAUTextureType@aMaterial@@@std@@@4@$0A@@std@@@1@AB_N@Z 1000bd00 f i aMaterial.obj
 0001:0000ad50       ?SubmitFunction@BaseClass@Comm@@QAEXP6GXPAVPackClass@Packet@@@ZPBD@Z 1000bd50 f i aMaterial.obj
 0001:0000ae40       ??A?$map@IPAUFunction@@UFcmp@@V?$allocator@U?$pair@$$CBIPAUFunction@@@std@@@std@@@std@@QAEAAPAUFunction@@ABI@Z 1000be40 f i aMaterial.obj
 0001:0000af40       ?end@?$_Tree@V?$_Tmap_traits@IPAUFunction@@UFcmp@@V?$allocator@U?$pair@$$CBIPAUFunction@@@std@@@std@@$0A@@std@@@std@@QAE?AViterator@12@XZ 1000bf40 f i aMaterial.obj
 0001:0000af90       ??Diterator@?$_Tree@V?$_Tmap_traits@IPAUFunction@@UFcmp@@V?$allocator@U?$pair@$$CBIPAUFunction@@@std@@@std@@$0A@@std@@@std@@QBEAAU?$pair@$$CBIPAUFunction@@@2@XZ 1000bf90 f i aMaterial.obj
 0001:0000afd0       ?_Key@?$_Tree@V?$_Tmap_traits@IPAUFunction@@UFcmp@@V?$allocator@U?$pair@$$CBIPAUFunction@@@std@@@std@@$0A@@std@@@std@@KGABIPAU_Node@?$_Tree_nod@V?$_Tmap_traits@IPAUFunction@@UFcmp@@V?$allocator@U?$pair@$$CBIPAUFunction@@@std@@@std@@$0A@@std@@@2@@Z 1000bfd0 f i aMaterial.obj
 0001:0000b020       ?insert@?$_Tree@V?$_Tmap_traits@IPAUFunction@@UFcmp@@V?$allocator@U?$pair@$$CBIPAUFunction@@@std@@@std@@$0A@@std@@@std@@QAE?AViterator@12@V312@ABU?$pair@$$CBIPAUFunction@@@2@@Z 1000c020 f i aMaterial.obj
 0001:0000b620       ?size@?$_Tree@V?$_Tmap_traits@IPAUFunction@@UFcmp@@V?$allocator@U?$pair@$$CBIPAUFunction@@@std@@@std@@$0A@@std@@@std@@QBEIXZ 1000c620 f i aMaterial.obj
 0001:0000b650       ?lower_bound@?$_Tree@V?$_Tmap_traits@IPAUFunction@@UFcmp@@V?$allocator@U?$pair@$$CBIPAUFunction@@@std@@@std@@$0A@@std@@@std@@QAE?AViterator@12@ABI@Z 1000c650 f i aMaterial.obj
 0001:0000b6b0       ?_Rmost@?$_Tree@V?$_Tmap_traits@IPAUFunction@@UFcmp@@V?$allocator@U?$pair@$$CBIPAUFunction@@@std@@@std@@$0A@@std@@@std@@IAEAAPAU_Node@?$_Tree_nod@V?$_Tmap_traits@IPAUFunction@@UFcmp@@V?$allocator@U?$pair@$$CBIPAUFunction@@@std@@@std@@$0A@@std@@@2@XZ 1000c6b0 f i aMaterial.obj
 0001:0000b700       ??0iterator@?$_Tree@V?$_Tmap_traits@IPAUFunction@@UFcmp@@V?$allocator@U?$pair@$$CBIPAUFunction@@@std@@@std@@$0A@@std@@@std@@QAE@PAU_Node@?$_Tree_nod@V?$_Tmap_traits@IPAUFunction@@UFcmp@@V?$allocator@U?$pair@$$CBIPAUFunction@@@std@@@std@@$0A@@std@@@2@@Z 1000c700 f i aMaterial.obj
 0001:0000b750       ??Dconst_iterator@?$_Tree@V?$_Tmap_traits@IPAUFunction@@UFcmp@@V?$allocator@U?$pair@$$CBIPAUFunction@@@std@@@std@@$0A@@std@@@std@@QBEABU?$pair@$$CBIPAUFunction@@@2@XZ 1000c750 f i aMaterial.obj
 0001:0000b7a0       ??8const_iterator@?$_Tree@V?$_Tmap_traits@IPAUFunction@@UFcmp@@V?$allocator@U?$pair@$$CBIPAUFunction@@@std@@@std@@$0A@@std@@@std@@QBE_NABV012@@Z 1000c7a0 f i aMaterial.obj
 0001:0000b7e0       ?_Mynode@const_iterator@?$_Tree@V?$_Tmap_traits@IPAUFunction@@UFcmp@@V?$allocator@U?$pair@$$CBIPAUFunction@@@std@@@std@@$0A@@std@@@std@@QBEPAU_Node@?$_Tree_nod@V?$_Tmap_traits@IPAUFunction@@UFcmp@@V?$allocator@U?$pair@$$CBIPAUFunction@@@std@@@std@@$0A@@std@@@3@XZ 1000c7e0 f i aMaterial.obj
 0001:0000b810       ??0?$pair@$$CBIPAUFunction@@@std@@QAE@ABIABQAUFunction@@@Z 1000c810 f i aMaterial.obj
 0001:0000b860       ?_Isnil@?$_Tree@V?$_Tmap_traits@IPAUFunction@@UFcmp@@V?$allocator@U?$pair@$$CBIPAUFunction@@@std@@@std@@$0A@@std@@@std@@KGAADPAU_Node@?$_Tree_nod@V?$_Tmap_traits@IPAUFunction@@UFcmp@@V?$allocator@U?$pair@$$CBIPAUFunction@@@std@@@std@@$0A@@std@@@2@@Z 1000c860 f i aMaterial.obj
 0001:0000b890       ?_Right@?$_Tree@V?$_Tmap_traits@IPAUFunction@@UFcmp@@V?$allocator@U?$pair@$$CBIPAUFunction@@@std@@@std@@$0A@@std@@@std@@KGAAPAU_Node@?$_Tree_nod@V?$_Tmap_traits@IPAUFunction@@UFcmp@@V?$allocator@U?$pair@$$CBIPAUFunction@@@std@@@std@@$0A@@std@@@2@PAU342@@Z 1000c890 f i aMaterial.obj
 0001:0000b8c0       ?_Myval@?$_Tree@V?$_Tmap_traits@IPAUFunction@@UFcmp@@V?$allocator@U?$pair@$$CBIPAUFunction@@@std@@@std@@$0A@@std@@@std@@KGAAU?$pair@$$CBIPAUFunction@@@2@PAU_Node@?$_Tree_nod@V?$_Tmap_traits@IPAUFunction@@UFcmp@@V?$allocator@U?$pair@$$CBIPAUFunction@@@std@@@std@@$0A@@std@@@2@@Z 1000c8c0 f i aMaterial.obj
 0001:0000b8f0       ?begin@?$_Tree@V?$_Tmap_traits@IPAUFunction@@UFcmp@@V?$allocator@U?$pair@$$CBIPAUFunction@@@std@@@std@@$0A@@std@@@std@@QAE?AViterator@12@XZ 1000c8f0 f i aMaterial.obj
 0001:0000b940       ?_Lmost@?$_Tree@V?$_Tmap_traits@IPAUFunction@@UFcmp@@V?$allocator@U?$pair@$$CBIPAUFunction@@@std@@@std@@$0A@@std@@@std@@IAEAAPAU_Node@?$_Tree_nod@V?$_Tmap_traits@IPAUFunction@@UFcmp@@V?$allocator@U?$pair@$$CBIPAUFunction@@@std@@@std@@$0A@@std@@@2@XZ 1000c940 f i aMaterial.obj
 0001:0000b990       ?_Left@?$_Tree@V?$_Tmap_traits@IPAUFunction@@UFcmp@@V?$allocator@U?$pair@$$CBIPAUFunction@@@std@@@std@@$0A@@std@@@std@@KGAAPAU_Node@?$_Tree_nod@V?$_Tmap_traits@IPAUFunction@@UFcmp@@V?$allocator@U?$pair@$$CBIPAUFunction@@@std@@@std@@$0A@@std@@@2@PAU342@@Z 1000c990 f i aMaterial.obj
 0001:0000b9c0       ?insert@?$_Tree@V?$_Tmap_traits@IPAUFunction@@UFcmp@@V?$allocator@U?$pair@$$CBIPAUFunction@@@std@@@std@@$0A@@std@@@std@@QAE?AU?$pair@Viterator@?$_Tree@V?$_Tmap_traits@IPAUFunction@@UFcmp@@V?$allocator@U?$pair@$$CBIPAUFunction@@@std@@@std@@$0A@@std@@@std@@_N@2@ABU?$pair@$$CBIPAUFunction@@@2@@Z 1000c9c0 f i aMaterial.obj
 0001:0000bbf0       ?_Root@?$_Tree@V?$_Tmap_traits@IPAUFunction@@UFcmp@@V?$allocator@U?$pair@$$CBIPAUFunction@@@std@@@std@@$0A@@std@@@std@@IAEAAPAU_Node@?$_Tree_nod@V?$_Tmap_traits@IPAUFunction@@UFcmp@@V?$allocator@U?$pair@$$CBIPAUFunction@@@std@@@std@@$0A@@std@@@2@XZ 1000cbf0 f i aMaterial.obj
 0001:0000bc40       ?_Parent@?$_Tree@V?$_Tmap_traits@IPAUFunction@@UFcmp@@V?$allocator@U?$pair@$$CBIPAUFunction@@@std@@@std@@$0A@@std@@@std@@KGAAPAU_Node@?$_Tree_nod@V?$_Tmap_traits@IPAUFunction@@UFcmp@@V?$allocator@U?$pair@$$CBIPAUFunction@@@std@@@std@@$0A@@std@@@2@PAU342@@Z 1000cc40 f i aMaterial.obj
 0001:0000bc70       ?_Insert@?$_Tree@V?$_Tmap_traits@IPAUFunction@@UFcmp@@V?$allocator@U?$pair@$$CBIPAUFunction@@@std@@@std@@$0A@@std@@@std@@IAE?AViterator@12@_NPAU_Node@?$_Tree_nod@V?$_Tmap_traits@IPAUFunction@@UFcmp@@V?$allocator@U?$pair@$$CBIPAUFunction@@@std@@@std@@$0A@@std@@@2@ABU?$pair@$$CBIPAUFunction@@@2@@Z 1000cc70 f i aMaterial.obj
 0001:0000c060       ?_Lbound@?$_Tree@V?$_Tmap_traits@IPAUFunction@@UFcmp@@V?$allocator@U?$pair@$$CBIPAUFunction@@@std@@@std@@$0A@@std@@@std@@IBEPAU_Node@?$_Tree_nod@V?$_Tmap_traits@IPAUFunction@@UFcmp@@V?$allocator@U?$pair@$$CBIPAUFunction@@@std@@@std@@$0A@@std@@@2@ABI@Z 1000d060 f i aMaterial.obj
 0001:0000c110       ?_Kfn@?$_Tmap_traits@IPAUFunction@@UFcmp@@V?$allocator@U?$pair@$$CBIPAUFunction@@@std@@@std@@$0A@@std@@SGABIABU?$pair@$$CBIPAUFunction@@@2@@Z 1000d110 f i aMaterial.obj
 0001:0000c140       ??0iterator@?$_Tree@V?$_Tmap_traits@IPAUFunction@@UFcmp@@V?$allocator@U?$pair@$$CBIPAUFunction@@@std@@@std@@$0A@@std@@@std@@QAE@XZ 1000d140 f i aMaterial.obj
 0001:0000c190       ??Eiterator@?$_Tree@V?$_Tmap_traits@IPAUFunction@@UFcmp@@V?$allocator@U?$pair@$$CBIPAUFunction@@@std@@@std@@$0A@@std@@@std@@QAEAAV012@XZ 1000d190 f i aMaterial.obj
 0001:0000c1e0       ??Fiterator@?$_Tree@V?$_Tmap_traits@IPAUFunction@@UFcmp@@V?$allocator@U?$pair@$$CBIPAUFunction@@@std@@@std@@$0A@@std@@@std@@QAEAAV012@XZ 1000d1e0 f i aMaterial.obj
 0001:0000c230       ??0const_iterator@?$_Tree@V?$_Tmap_traits@IPAUFunction@@UFcmp@@V?$allocator@U?$pair@$$CBIPAUFunction@@@std@@@std@@$0A@@std@@@std@@QAE@PAU_Node@?$_Tree_nod@V?$_Tmap_traits@IPAUFunction@@UFcmp@@V?$allocator@U?$pair@$$CBIPAUFunction@@@std@@@std@@$0A@@std@@@2@@Z 1000d230 f i aMaterial.obj
 0001:0000c270       ?_Color@?$_Tree@V?$_Tmap_traits@IPAUFunction@@UFcmp@@V?$allocator@U?$pair@$$CBIPAUFunction@@@std@@@std@@$0A@@std@@@std@@KGAADPAU_Node@?$_Tree_nod@V?$_Tmap_traits@IPAUFunction@@UFcmp@@V?$allocator@U?$pair@$$CBIPAUFunction@@@std@@@std@@$0A@@std@@@2@@Z 1000d270 f i aMaterial.obj
 0001:0000c2a0       ?max_size@?$_Tree@V?$_Tmap_traits@IPAUFunction@@UFcmp@@V?$allocator@U?$pair@$$CBIPAUFunction@@@std@@@std@@$0A@@std@@@std@@QBEIXZ 1000d2a0 f i aMaterial.obj
 0001:0000c2f0       ?_Lrotate@?$_Tree@V?$_Tmap_traits@IPAUFunction@@UFcmp@@V?$allocator@U?$pair@$$CBIPAUFunction@@@std@@@std@@$0A@@std@@@std@@IAEXPAU_Node@?$_Tree_nod@V?$_Tmap_traits@IPAUFunction@@UFcmp@@V?$allocator@U?$pair@$$CBIPAUFunction@@@std@@@std@@$0A@@std@@@2@@Z 1000d2f0 f i aMaterial.obj
 0001:0000c420       ?_Root@?$_Tree@V?$_Tmap_traits@IPAUFunction@@UFcmp@@V?$allocator@U?$pair@$$CBIPAUFunction@@@std@@@std@@$0A@@std@@@std@@IBEAAPAU_Node@?$_Tree_nod@V?$_Tmap_traits@IPAUFunction@@UFcmp@@V?$allocator@U?$pair@$$CBIPAUFunction@@@std@@@std@@$0A@@std@@@2@XZ 1000d420 f i aMaterial.obj
 0001:0000c470       ?_Rrotate@?$_Tree@V?$_Tmap_traits@IPAUFunction@@UFcmp@@V?$allocator@U?$pair@$$CBIPAUFunction@@@std@@@std@@$0A@@std@@@std@@IAEXPAU_Node@?$_Tree_nod@V?$_Tmap_traits@IPAUFunction@@UFcmp@@V?$allocator@U?$pair@$$CBIPAUFunction@@@std@@@std@@$0A@@std@@@2@@Z 1000d470 f i aMaterial.obj
 0001:0000c5a0       ?_Buynode@?$_Tree@V?$_Tmap_traits@IPAUFunction@@UFcmp@@V?$allocator@U?$pair@$$CBIPAUFunction@@@std@@@std@@$0A@@std@@@std@@IAEPAU_Node@?$_Tree_nod@V?$_Tmap_traits@IPAUFunction@@UFcmp@@V?$allocator@U?$pair@$$CBIPAUFunction@@@std@@@std@@$0A@@std@@@2@PAU342@00ABU?$pair@$$CBIPAUFunction@@@2@D@Z 1000d5a0 f i aMaterial.obj
 0001:0000c6b0       ?deallocate@?$allocator@U_Node@?$_Tree_nod@V?$_Tmap_traits@IPAUFunction@@UFcmp@@V?$allocator@U?$pair@$$CBIPAUFunction@@@std@@@std@@$0A@@std@@@std@@@std@@QAEXPAU_Node@?$_Tree_nod@V?$_Tmap_traits@IPAUFunction@@UFcmp@@V?$allocator@U?$pair@$$CBIPAUFunction@@@std@@@std@@$0A@@std@@@2@I@Z 1000d6b0 f i aMaterial.obj
 0001:0000c700       ??0const_iterator@?$_Tree@V?$_Tmap_traits@IPAUFunction@@UFcmp@@V?$allocator@U?$pair@$$CBIPAUFunction@@@std@@@std@@$0A@@std@@@std@@QAE@XZ 1000d700 f i aMaterial.obj
 0001:0000c740       ??Econst_iterator@?$_Tree@V?$_Tmap_traits@IPAUFunction@@UFcmp@@V?$allocator@U?$pair@$$CBIPAUFunction@@@std@@@std@@$0A@@std@@@std@@QAEAAV012@XZ 1000d740 f i aMaterial.obj
 0001:0000c790       ??Fconst_iterator@?$_Tree@V?$_Tmap_traits@IPAUFunction@@UFcmp@@V?$allocator@U?$pair@$$CBIPAUFunction@@@std@@@std@@$0A@@std@@@std@@QAEAAV012@XZ 1000d790 f i aMaterial.obj
 0001:0000c7e0       ??RFcmp@@QBE_NII@Z         1000d7e0 f i aMaterial.obj
 0001:0000c820       ??0?$pair@Viterator@?$_Tree@V?$_Tmap_traits@IPAUFunction@@UFcmp@@V?$allocator@U?$pair@$$CBIPAUFunction@@@std@@@std@@$0A@@std@@@std@@_N@std@@QAE@ABViterator@?$_Tree@V?$_Tmap_traits@IPAUFunction@@UFcmp@@V?$allocator@U?$pair@$$CBIPAUFunction@@@std@@@std@@$0A@@std@@@1@AB_N@Z 1000d820 f i aMaterial.obj
 0001:0000c870       ??0?$pair@Viterator@?$_Tree@V?$_Tmap_traits@HPAUMaterialType@aMaterial@@U?$less@H@std@@V?$allocator@U?$pair@$$CBHPAUMaterialType@aMaterial@@@std@@@4@$0A@@std@@@std@@_N@std@@QAE@ABViterator@?$_Tree@V?$_Tmap_traits@HPAUMaterialType@aMaterial@@U?$less@H@std@@V?$allocator@U?$pair@$$CBHPAUMaterialType@aMaterial@@@std@@@4@$0A@@std@@@1@AB_N@Z 1000d870 f i aMaterial.obj
 0001:0000c8c0       ?allocate@?$allocator@D@std@@QAEPADI@Z 1000d8c0 f i aMaterial.obj
 0001:0000c910       ?max_size@?$allocator@D@std@@QBEIXZ 1000d910 f i aMaterial.obj
 0001:0000c970       ??0Function@@QAE@XZ        1000d970 f i aMaterial.obj
 0001:0000c9c0       ?max_size@?$allocator@U?$pair@$$CBIPAUFunction@@@std@@@std@@QBEIXZ 1000d9c0 f i aMaterial.obj
 0001:0000ca20       ?allocate@?$allocator@U_Node@?$_Tree_nod@V?$_Tmap_traits@IPAUFunction@@UFcmp@@V?$allocator@U?$pair@$$CBIPAUFunction@@@std@@@std@@$0A@@std@@@std@@@std@@QAEPAU_Node@?$_Tree_nod@V?$_Tmap_traits@IPAUFunction@@UFcmp@@V?$allocator@U?$pair@$$CBIPAUFunction@@@std@@@std@@$0A@@std@@@2@I@Z 1000da20 f i aMaterial.obj
 0001:0000ca70       ??1Vector4@@QAE@XZ         1000da70 f i aMaterial.obj
 0001:0000caa0       ?_Dec@const_iterator@?$_Tree@V?$_Tmap_traits@IPAUFunction@@UFcmp@@V?$allocator@U?$pair@$$CBIPAUFunction@@@std@@@std@@$0A@@std@@@std@@QAEXXZ 1000daa0 f i aMaterial.obj
 0001:0000cb90       ?_Max@?$_Tree@V?$_Tmap_traits@IPAUFunction@@UFcmp@@V?$allocator@U?$pair@$$CBIPAUFunction@@@std@@@std@@$0A@@std@@@std@@KGPAU_Node@?$_Tree_nod@V?$_Tmap_traits@IPAUFunction@@UFcmp@@V?$allocator@U?$pair@$$CBIPAUFunction@@@std@@@std@@$0A@@std@@@2@PAU342@@Z 1000db90 f i aMaterial.obj
 0001:0000cbf0       ?_Inc@const_iterator@?$_Tree@V?$_Tmap_traits@IPAUFunction@@UFcmp@@V?$allocator@U?$pair@$$CBIPAUFunction@@@std@@@std@@$0A@@std@@@std@@QAEXXZ 1000dbf0 f i aMaterial.obj
 0001:0000ccc0       ?_Min@?$_Tree@V?$_Tmap_traits@IPAUFunction@@UFcmp@@V?$allocator@U?$pair@$$CBIPAUFunction@@@std@@@std@@$0A@@std@@@std@@KGPAU_Node@?$_Tree_nod@V?$_Tmap_traits@IPAUFunction@@UFcmp@@V?$allocator@U?$pair@$$CBIPAUFunction@@@std@@@std@@$0A@@std@@@2@PAU342@@Z 1000dcc0 f i aMaterial.obj
 0001:0000cd20       ?_Min@?$_Tree@V?$_Tmap_traits@HPAUTextureType@aMaterial@@U?$less@H@std@@V?$allocator@U?$pair@$$CBHPAUTextureType@aMaterial@@@std@@@4@$0A@@std@@@std@@KGPAU_Node@?$_Tree_nod@V?$_Tmap_traits@HPAUTextureType@aMaterial@@U?$less@H@std@@V?$allocator@U?$pair@$$CBHPAUTextureType@aMaterial@@@std@@@4@$0A@@std@@@2@PAU342@@Z 1000dd20 f i aMaterial.obj
 0001:0000cd80       ?max_size@?$allocator@U?$pair@$$CBHPAUTextureType@aMaterial@@@std@@@std@@QBEIXZ 1000dd80 f i aMaterial.obj
 0001:0000cde0       ?allocate@?$allocator@U_Node@?$_Tree_nod@V?$_Tmap_traits@HPAUTextureType@aMaterial@@U?$less@H@std@@V?$allocator@U?$pair@$$CBHPAUTextureType@aMaterial@@@std@@@4@$0A@@std@@@std@@@std@@QAEPAU_Node@?$_Tree_nod@V?$_Tmap_traits@HPAUTextureType@aMaterial@@U?$less@H@std@@V?$allocator@U?$pair@$$CBHPAUTextureType@aMaterial@@@std@@@4@$0A@@std@@@2@I@Z 1000dde0 f i aMaterial.obj
 0001:0000ce30       ?_Min@?$_Tree@V?$_Tmap_traits@HPAUMaterialType@aMaterial@@U?$less@H@std@@V?$allocator@U?$pair@$$CBHPAUMaterialType@aMaterial@@@std@@@4@$0A@@std@@@std@@KGPAU_Node@?$_Tree_nod@V?$_Tmap_traits@HPAUMaterialType@aMaterial@@U?$less@H@std@@V?$allocator@U?$pair@$$CBHPAUMaterialType@aMaterial@@@std@@@4@$0A@@std@@@2@PAU342@@Z 1000de30 f i aMaterial.obj
 0001:0000ce90       ?max_size@?$allocator@U?$pair@$$CBHPAUMaterialType@aMaterial@@@std@@@std@@QBEIXZ 1000de90 f i aMaterial.obj
 0001:0000cef0       ?allocate@?$allocator@U_Node@?$_Tree_nod@V?$_Tmap_traits@HPAUMaterialType@aMaterial@@U?$less@H@std@@V?$allocator@U?$pair@$$CBHPAUMaterialType@aMaterial@@@std@@@4@$0A@@std@@@std@@@std@@QAEPAU_Node@?$_Tree_nod@V?$_Tmap_traits@HPAUMaterialType@aMaterial@@U?$less@H@std@@V?$allocator@U?$pair@$$CBHPAUMaterialType@aMaterial@@@std@@@4@$0A@@std@@@2@I@Z 1000def0 f i aMaterial.obj
 0001:0000cf40       ?_Dec@const_iterator@?$_Tree@V?$_Tmap_traits@HPAUMaterialType@aMaterial@@U?$less@H@std@@V?$allocator@U?$pair@$$CBHPAUMaterialType@aMaterial@@@std@@@4@$0A@@std@@@std@@QAEXXZ 1000df40 f i aMaterial.obj
 0001:0000d030       ?_Max@?$_Tree@V?$_Tmap_traits@HPAUMaterialType@aMaterial@@U?$less@H@std@@V?$allocator@U?$pair@$$CBHPAUMaterialType@aMaterial@@@std@@@4@$0A@@std@@@std@@KGPAU_Node@?$_Tree_nod@V?$_Tmap_traits@HPAUMaterialType@aMaterial@@U?$less@H@std@@V?$allocator@U?$pair@$$CBHPAUMaterialType@aMaterial@@@std@@@4@$0A@@std@@@2@PAU342@@Z 1000e030 f i aMaterial.obj
 0001:0000d090       ?_Dec@const_iterator@?$_Tree@V?$_Tmap_traits@HPAUTextureType@aMaterial@@U?$less@H@std@@V?$allocator@U?$pair@$$CBHPAUTextureType@aMaterial@@@std@@@4@$0A@@std@@@std@@QAEXXZ 1000e090 f i aMaterial.obj
 0001:0000d180       ?_Max@?$_Tree@V?$_Tmap_traits@HPAUTextureType@aMaterial@@U?$less@H@std@@V?$allocator@U?$pair@$$CBHPAUTextureType@aMaterial@@@std@@@4@$0A@@std@@@std@@KGPAU_Node@?$_Tree_nod@V?$_Tmap_traits@HPAUTextureType@aMaterial@@U?$less@H@std@@V?$allocator@U?$pair@$$CBHPAUTextureType@aMaterial@@@std@@@4@$0A@@std@@@2@PAU342@@Z 1000e180 f i aMaterial.obj
 0001:0000d1e0       ??0_Node@?$_Tree_nod@V?$_Tmap_traits@IPAUFunction@@UFcmp@@V?$allocator@U?$pair@$$CBIPAUFunction@@@std@@@std@@$0A@@std@@@std@@QAE@PAU012@00ABU?$pair@$$CBIPAUFunction@@@2@D@Z 1000e1e0 f i aMaterial.obj
 0001:0000d250       ??0_Node@?$_Tree_nod@V?$_Tmap_traits@HPAUTextureType@aMaterial@@U?$less@H@std@@V?$allocator@U?$pair@$$CBHPAUTextureType@aMaterial@@@std@@@4@$0A@@std@@@std@@QAE@PAU012@00ABU?$pair@$$CBHPAUTextureType@aMaterial@@@2@D@Z 1000e250 f i aMaterial.obj
 0001:0000d2c0       ??0_Node@?$_Tree_nod@V?$_Tmap_traits@HPAUMaterialType@aMaterial@@U?$less@H@std@@V?$allocator@U?$pair@$$CBHPAUMaterialType@aMaterial@@@std@@@4@$0A@@std@@@std@@QAE@PAU012@00ABU?$pair@$$CBHPAUMaterialType@aMaterial@@@2@D@Z 1000e2c0 f i aMaterial.obj
 0001:0000d330       ??$CRCMaker@PBD@CRC@@YGIPBD@Z 1000e330 f i aMaterial.obj
 0001:0000d880       ??$CRCMaker@PAI@CRC@@YGIPAI@Z 1000e880 f i aMaterial.obj
 0001:0000ddd0       ??$GetData@H@PackClass@Packet@@QAEHH@Z 1000edd0 f i aMaterial.obj
 0001:0000de70       ??$?YPBD@PackClass@Packet@@QAEIPBD@Z 1000ee70 f i aMaterial.obj
 0001:0000dec0       ?AddParam@PackClass@Packet@@QAEIPBD@Z 1000eec0 f i aMaterial.obj
 0001:0000df30       ?AddTypeToField@PackClass@Packet@@QAEXI@Z 1000ef30 f i aMaterial.obj
 0001:0000dfc0       ?AddData@PackClass@Packet@@QAEIPAXI@Z 1000efc0 f i aMaterial.obj
 0001:0000e130       ??$GetData@J@PackClass@Packet@@QAEJJ@Z 1000f130 f i aMaterial.obj
 0001:0000e1d0       ??$?YH@PackClass@Packet@@QAEIH@Z 1000f1d0 f i aMaterial.obj
 0001:0000e220       ?AddParam@PackClass@Packet@@QAEIH@Z 1000f220 f i aMaterial.obj
 0001:0000e280       ??$?YM@PackClass@Packet@@QAEIM@Z 1000f280 f i aMaterial.obj
 0001:0000e2d0       ?AddParam@PackClass@Packet@@QAEIM@Z 1000f2d0 f i aMaterial.obj
 0001:0000e330       ??$GetData@M@PackClass@Packet@@QAEMM@Z 1000f330 f i aMaterial.obj
 0001:0000e3d0       ??$GetData@K@PackClass@Packet@@QAEKK@Z 1000f3d0 f i aMaterial.obj
 0001:0000e470       ??$?YPAD@PackClass@Packet@@QAEIPAD@Z 1000f470 f i aMaterial.obj
 0001:0000e4c0       ?AddParam@PackClass@Packet@@QAEIPAD@Z 1000f4c0 f i aMaterial.obj
 0001:0000e530       ??$_Uninitialized_fill_n@PAIIIV?$allocator@I@std@@@std@@YGXPAIIABIAAV?$allocator@I@0@@Z 1000f530 f i aMaterial.obj
 0001:0000e5a0       ?_Ptr_cat@std@@YG?AU_Scalar_ptr_iterator_tag@1@PAI0@Z 1000f5a0 f i aMaterial.obj
 0001:0000e600       ??$_Allocate@I@std@@YGPAIIPAI@Z 1000f600 f i aMaterial.obj
 0001:0000e650       ??$_Destroy_range@IV?$allocator@I@std@@@std@@YGXPAI0AAV?$allocator@I@0@@Z 1000f650 f i aMaterial.obj
 0001:0000e6b0       ??$_Ucopy@PAI@?$vector@IV?$allocator@I@std@@@std@@IAEPAIPAI00@Z 1000f6b0 f i aMaterial.obj
 0001:0000e700       ??$fill@PAII@std@@YGXPAI0ABI@Z 1000f700 f i aMaterial.obj
 0001:0000e750       ??$copy_backward@PAIPAI@std@@YGPAIPAI00@Z 1000f750 f i aMaterial.obj
 0001:0000e7b0       ??$_Destroy@U_Node@?$_Tree_nod@V?$_Tmap_traits@HPAUTextureType@aMaterial@@U?$less@H@std@@V?$allocator@U?$pair@$$CBHPAUTextureType@aMaterial@@@std@@@4@$0A@@std@@@std@@@std@@YGXPAU_Node@?$_Tree_nod@V?$_Tmap_traits@HPAUTextureType@aMaterial@@U?$less@H@std@@V?$allocator@U?$pair@$$CBHPAUTextureType@aMaterial@@@std@@@4@$0A@@std@@@0@@Z 1000f7b0 f i aMaterial.obj
 0001:0000e7e0       ??$_Destroy@U_Node@?$_Tree_nod@V?$_Tmap_traits@HPAUMaterialType@aMaterial@@U?$less@H@std@@V?$allocator@U?$pair@$$CBHPAUMaterialType@aMaterial@@@std@@@4@$0A@@std@@@std@@@std@@YGXPAU_Node@?$_Tree_nod@V?$_Tmap_traits@HPAUMaterialType@aMaterial@@U?$less@H@std@@V?$allocator@U?$pair@$$CBHPAUMaterialType@aMaterial@@@std@@@4@$0A@@std@@@0@@Z 1000f7e0 f i aMaterial.obj
 0001:0000e810       ??$_Allocate@D@std@@YGPADIPAD@Z 1000f810 f i aMaterial.obj
 0001:0000e850       ??$_Allocate@U_Node@?$_Tree_nod@V?$_Tmap_traits@IPAUFunction@@UFcmp@@V?$allocator@U?$pair@$$CBIPAUFunction@@@std@@@std@@$0A@@std@@@std@@@std@@YGPAU_Node@?$_Tree_nod@V?$_Tmap_traits@IPAUFunction@@UFcmp@@V?$allocator@U?$pair@$$CBIPAUFunction@@@std@@@std@@$0A@@std@@@0@IPAU120@@Z 1000f850 f i aMaterial.obj
 0001:0000e8a0       ??$_Allocate@U_Node@?$_Tree_nod@V?$_Tmap_traits@HPAUTextureType@aMaterial@@U?$less@H@std@@V?$allocator@U?$pair@$$CBHPAUTextureType@aMaterial@@@std@@@4@$0A@@std@@@std@@@std@@YGPAU_Node@?$_Tree_nod@V?$_Tmap_traits@HPAUTextureType@aMaterial@@U?$less@H@std@@V?$allocator@U?$pair@$$CBHPAUTextureType@aMaterial@@@std@@@4@$0A@@std@@@0@IPAU120@@Z 1000f8a0 f i aMaterial.obj
 0001:0000e8f0       ??$_Allocate@U_Node@?$_Tree_nod@V?$_Tmap_traits@HPAUMaterialType@aMaterial@@U?$less@H@std@@V?$allocator@U?$pair@$$CBHPAUMaterialType@aMaterial@@@std@@@4@$0A@@std@@@std@@@std@@YGPAU_Node@?$_Tree_nod@V?$_Tmap_traits@HPAUMaterialType@aMaterial@@U?$less@H@std@@V?$allocator@U?$pair@$$CBHPAUMaterialType@aMaterial@@@std@@@4@$0A@@std@@@0@IPAU120@@Z 1000f8f0 f i aMaterial.obj
 0001:0000e940       ??$GetDataIndex@H@PackClass@Packet@@QAEHIH@Z 1000f940 f i aMaterial.obj
 0001:0000e980       ??$GetDataIndex@J@PackClass@Packet@@QAEJIJ@Z 1000f980 f i aMaterial.obj
 0001:0000e9c0       ??$GetDataIndex@M@PackClass@Packet@@QAEMIM@Z 1000f9c0 f i aMaterial.obj
 0001:0000ea00       ??$GetDataIndex@K@PackClass@Packet@@QAEKIK@Z 1000fa00 f i aMaterial.obj
 0001:0000ea40       ??$_Uninit_fill_n@III@std@@YGXPAIIABIAAV?$allocator@I@0@U_Scalar_ptr_iterator_tag@0@@Z 1000fa40 f i aMaterial.obj
 0001:0000ea90       ??$_Destroy_range@IV?$allocator@I@std@@@std@@YGXPAI0AAV?$allocator@I@0@U_Scalar_ptr_iterator_tag@0@@Z 1000fa90 f i aMaterial.obj
 0001:0000eac0       ??$_Uninitialized_copy@PAIPAIV?$allocator@I@std@@@std@@YGPAIPAI00AAV?$allocator@I@0@@Z 1000fac0 f i aMaterial.obj
 0001:0000eb30       ??$_Copy_backward_opt@PAIPAI@std@@YGPAIPAI00U_Scalar_ptr_iterator_tag@0@@Z 1000fb30 f i aMaterial.obj
 0001:0000eb90       ??$fill_n@PAIII@std@@YGXPAIIABI@Z 1000fb90 f i aMaterial.obj
 0001:0000ebe0       ??$_Uninit_copy@II@std@@YGPAIPAI00AAV?$allocator@I@0@U_Scalar_ptr_iterator_tag@0@@Z 1000fbe0 f i aMaterial.obj
 0001:0000ec40       ??0ApolloClass@@QAE@XZ     1000fc40 f i aMaterial.obj
 0001:0000ecf0       ??0BaseClass@Comm@@QAE@XZ  1000fcf0 f i aMaterial.obj
 0001:0000ed90       ??0?$map@IPAUFunction@@UFcmp@@V?$allocator@U?$pair@$$CBIPAUFunction@@@std@@@std@@@std@@QAE@XZ 1000fd90 f i aMaterial.obj
 0001:0000edf0       ??0?$map@IPAXUVcmp@@V?$allocator@U?$pair@$$CBIPAX@std@@@std@@@std@@QAE@XZ 1000fdf0 f i aMaterial.obj
 0001:0000ee50       ??0?$_Tree@V?$_Tmap_traits@IPAUFunction@@UFcmp@@V?$allocator@U?$pair@$$CBIPAUFunction@@@std@@@std@@$0A@@std@@@std@@QAE@ABUFcmp@@ABV?$allocator@U?$pair@$$CBIPAUFunction@@@std@@@1@@Z 1000fe50 f i aMaterial.obj
 0001:0000eeb0       ??0?$allocator@U?$pair@$$CBIPAUFunction@@@std@@@std@@QAE@XZ 1000feb0 f i aMaterial.obj
 0001:0000eee0       ??0?$_Tree@V?$_Tmap_traits@IPAXUVcmp@@V?$allocator@U?$pair@$$CBIPAX@std@@@std@@$0A@@std@@@std@@QAE@ABUVcmp@@ABV?$allocator@U?$pair@$$CBIPAX@std@@@1@@Z 1000fee0 f i aMaterial.obj
 0001:0000ef40       ??0?$allocator@U?$pair@$$CBIPAX@std@@@std@@QAE@XZ 1000ff40 f i aMaterial.obj
 0001:0000ef70       ?_Init@?$_Tree@V?$_Tmap_traits@IPAUFunction@@UFcmp@@V?$allocator@U?$pair@$$CBIPAUFunction@@@std@@@std@@$0A@@std@@@std@@IAEXXZ 1000ff70 f i aMaterial.obj
 0001:0000f000       ??0?$_Tree_val@V?$_Tmap_traits@IPAUFunction@@UFcmp@@V?$allocator@U?$pair@$$CBIPAUFunction@@@std@@@std@@$0A@@std@@@std@@IAE@ABUFcmp@@V?$allocator@U?$pair@$$CBIPAUFunction@@@std@@@1@@Z 10010000 f i aMaterial.obj
 0001:0000f070       ??0?$allocator@U?$pair@$$CBIPAUFunction@@@std@@@std@@QAE@ABV01@@Z 10010070 f i aMaterial.obj
 0001:0000f0a0       ?_Init@?$_Tree@V?$_Tmap_traits@IPAXUVcmp@@V?$allocator@U?$pair@$$CBIPAX@std@@@std@@$0A@@std@@@std@@IAEXXZ 100100a0 f i aMaterial.obj
 0001:0000f130       ?_Lmost@?$_Tree@V?$_Tmap_traits@IPAXUVcmp@@V?$allocator@U?$pair@$$CBIPAX@std@@@std@@$0A@@std@@@std@@IAEAAPAU_Node@?$_Tree_nod@V?$_Tmap_traits@IPAXUVcmp@@V?$allocator@U?$pair@$$CBIPAX@std@@@std@@$0A@@std@@@2@XZ 10010130 f i aMaterial.obj
 0001:0000f180       ?_Rmost@?$_Tree@V?$_Tmap_traits@IPAXUVcmp@@V?$allocator@U?$pair@$$CBIPAX@std@@@std@@$0A@@std@@@std@@IAEAAPAU_Node@?$_Tree_nod@V?$_Tmap_traits@IPAXUVcmp@@V?$allocator@U?$pair@$$CBIPAX@std@@@std@@$0A@@std@@@2@XZ 10010180 f i aMaterial.obj
 0001:0000f1d0       ?_Root@?$_Tree@V?$_Tmap_traits@IPAXUVcmp@@V?$allocator@U?$pair@$$CBIPAX@std@@@std@@$0A@@std@@@std@@IAEAAPAU_Node@?$_Tree_nod@V?$_Tmap_traits@IPAXUVcmp@@V?$allocator@U?$pair@$$CBIPAX@std@@@std@@$0A@@std@@@2@XZ 100101d0 f i aMaterial.obj
 0001:0000f220       ?_Isnil@?$_Tree@V?$_Tmap_traits@IPAXUVcmp@@V?$allocator@U?$pair@$$CBIPAX@std@@@std@@$0A@@std@@@std@@KGAADPAU_Node@?$_Tree_nod@V?$_Tmap_traits@IPAXUVcmp@@V?$allocator@U?$pair@$$CBIPAX@std@@@std@@$0A@@std@@@2@@Z 10010220 f i aMaterial.obj
 0001:0000f250       ?_Left@?$_Tree@V?$_Tmap_traits@IPAXUVcmp@@V?$allocator@U?$pair@$$CBIPAX@std@@@std@@$0A@@std@@@std@@KGAAPAU_Node@?$_Tree_nod@V?$_Tmap_traits@IPAXUVcmp@@V?$allocator@U?$pair@$$CBIPAX@std@@@std@@$0A@@std@@@2@PAU342@@Z 10010250 f i aMaterial.obj
 0001:0000f280       ?_Parent@?$_Tree@V?$_Tmap_traits@IPAXUVcmp@@V?$allocator@U?$pair@$$CBIPAX@std@@@std@@$0A@@std@@@std@@KGAAPAU_Node@?$_Tree_nod@V?$_Tmap_traits@IPAXUVcmp@@V?$allocator@U?$pair@$$CBIPAX@std@@@std@@$0A@@std@@@2@PAU342@@Z 10010280 f i aMaterial.obj
 0001:0000f2b0       ?_Right@?$_Tree@V?$_Tmap_traits@IPAXUVcmp@@V?$allocator@U?$pair@$$CBIPAX@std@@@std@@$0A@@std@@@std@@KGAAPAU_Node@?$_Tree_nod@V?$_Tmap_traits@IPAXUVcmp@@V?$allocator@U?$pair@$$CBIPAX@std@@@std@@$0A@@std@@@2@PAU342@@Z 100102b0 f i aMaterial.obj
 0001:0000f2e0       ??0?$_Tree_val@V?$_Tmap_traits@IPAXUVcmp@@V?$allocator@U?$pair@$$CBIPAX@std@@@std@@$0A@@std@@@std@@IAE@ABUVcmp@@V?$allocator@U?$pair@$$CBIPAX@std@@@1@@Z 100102e0 f i aMaterial.obj
 0001:0000f350       ??0?$allocator@U?$pair@$$CBIPAX@std@@@std@@QAE@ABV01@@Z 10010350 f i aMaterial.obj
 0001:0000f380       ?_Buynode@?$_Tree@V?$_Tmap_traits@IPAUFunction@@UFcmp@@V?$allocator@U?$pair@$$CBIPAUFunction@@@std@@@std@@$0A@@std@@@std@@IAEPAU_Node@?$_Tree_nod@V?$_Tmap_traits@IPAUFunction@@UFcmp@@V?$allocator@U?$pair@$$CBIPAUFunction@@@std@@@std@@$0A@@std@@@2@XZ 10010380 f i aMaterial.obj
 0001:0000f520       ?destroy@?$allocator@PAU_Node@?$_Tree_nod@V?$_Tmap_traits@IPAUFunction@@UFcmp@@V?$allocator@U?$pair@$$CBIPAUFunction@@@std@@@std@@$0A@@std@@@std@@@std@@QAEXPAPAU_Node@?$_Tree_nod@V?$_Tmap_traits@IPAUFunction@@UFcmp@@V?$allocator@U?$pair@$$CBIPAUFunction@@@std@@@std@@$0A@@std@@@2@@Z 10010520 f i aMaterial.obj
 0001:0000f570       ??0?$_Tree_ptr@V?$_Tmap_traits@IPAUFunction@@UFcmp@@V?$allocator@U?$pair@$$CBIPAUFunction@@@std@@@std@@$0A@@std@@@std@@IAE@ABUFcmp@@V?$allocator@U?$pair@$$CBIPAUFunction@@@std@@@1@@Z 10010570 f i aMaterial.obj
 0001:0000f5e0       ?_Buynode@?$_Tree@V?$_Tmap_traits@IPAXUVcmp@@V?$allocator@U?$pair@$$CBIPAX@std@@@std@@$0A@@std@@@std@@IAEPAU_Node@?$_Tree_nod@V?$_Tmap_traits@IPAXUVcmp@@V?$allocator@U?$pair@$$CBIPAX@std@@@std@@$0A@@std@@@2@XZ 100105e0 f i aMaterial.obj
 0001:0000f780       ?deallocate@?$allocator@U_Node@?$_Tree_nod@V?$_Tmap_traits@IPAXUVcmp@@V?$allocator@U?$pair@$$CBIPAX@std@@@std@@$0A@@std@@@std@@@std@@QAEXPAU_Node@?$_Tree_nod@V?$_Tmap_traits@IPAXUVcmp@@V?$allocator@U?$pair@$$CBIPAX@std@@@std@@$0A@@std@@@2@I@Z 10010780 f i aMaterial.obj
 0001:0000f7d0       ?destroy@?$allocator@PAU_Node@?$_Tree_nod@V?$_Tmap_traits@IPAXUVcmp@@V?$allocator@U?$pair@$$CBIPAX@std@@@std@@$0A@@std@@@std@@@std@@QAEXPAPAU_Node@?$_Tree_nod@V?$_Tmap_traits@IPAXUVcmp@@V?$allocator@U?$pair@$$CBIPAX@std@@@std@@$0A@@std@@@2@@Z 100107d0 f i aMaterial.obj
 0001:0000f820       ??0?$_Tree_ptr@V?$_Tmap_traits@IPAXUVcmp@@V?$allocator@U?$pair@$$CBIPAX@std@@@std@@$0A@@std@@@std@@IAE@ABUVcmp@@V?$allocator@U?$pair@$$CBIPAX@std@@@1@@Z 10010820 f i aMaterial.obj
 0001:0000f890       ??1BaseClass@Comm@@QAE@XZ  10010890 f i aMaterial.obj
 0001:0000f930       ?clear@?$_Tree@V?$_Tmap_traits@IPAUFunction@@UFcmp@@V?$allocator@U?$pair@$$CBIPAUFunction@@@std@@@std@@$0A@@std@@@std@@QAEXXZ 10010930 f i aMaterial.obj
 0001:0000f9c0       ?clear@?$_Tree@V?$_Tmap_traits@IPAXUVcmp@@V?$allocator@U?$pair@$$CBIPAX@std@@@std@@$0A@@std@@@std@@QAEXXZ 100109c0 f i aMaterial.obj
 0001:0000fa50       ?_Erase@?$_Tree@V?$_Tmap_traits@IPAUFunction@@UFcmp@@V?$allocator@U?$pair@$$CBIPAUFunction@@@std@@@std@@$0A@@std@@@std@@IAEXPAU_Node@?$_Tree_nod@V?$_Tmap_traits@IPAUFunction@@UFcmp@@V?$allocator@U?$pair@$$CBIPAUFunction@@@std@@@std@@$0A@@std@@@2@@Z 10010a50 f i aMaterial.obj
 0001:0000faf0       ?_Erase@?$_Tree@V?$_Tmap_traits@IPAXUVcmp@@V?$allocator@U?$pair@$$CBIPAX@std@@@std@@$0A@@std@@@std@@IAEXPAU_Node@?$_Tree_nod@V?$_Tmap_traits@IPAXUVcmp@@V?$allocator@U?$pair@$$CBIPAX@std@@@std@@$0A@@std@@@2@@Z 10010af0 f i aMaterial.obj
 0001:0000fb90       ?destroy@?$allocator@U_Node@?$_Tree_nod@V?$_Tmap_traits@IPAUFunction@@UFcmp@@V?$allocator@U?$pair@$$CBIPAUFunction@@@std@@@std@@$0A@@std@@@std@@@std@@QAEXPAU_Node@?$_Tree_nod@V?$_Tmap_traits@IPAUFunction@@UFcmp@@V?$allocator@U?$pair@$$CBIPAUFunction@@@std@@@std@@$0A@@std@@@2@@Z 10010b90 f i aMaterial.obj
 0001:0000fbe0       ?destroy@?$allocator@U_Node@?$_Tree_nod@V?$_Tmap_traits@IPAXUVcmp@@V?$allocator@U?$pair@$$CBIPAX@std@@@std@@$0A@@std@@@std@@@std@@QAEXPAU_Node@?$_Tree_nod@V?$_Tmap_traits@IPAXUVcmp@@V?$allocator@U?$pair@$$CBIPAX@std@@@std@@$0A@@std@@@2@@Z 10010be0 f i aMaterial.obj
 0001:0000fc30       ??1?$map@IPAUFunction@@UFcmp@@V?$allocator@U?$pair@$$CBIPAUFunction@@@std@@@std@@@std@@QAE@XZ 10010c30 f i aMaterial.obj
 0001:0000fc70       ??1?$_Tree@V?$_Tmap_traits@IPAUFunction@@UFcmp@@V?$allocator@U?$pair@$$CBIPAUFunction@@@std@@@std@@$0A@@std@@@std@@QAE@XZ 10010c70 f i aMaterial.obj
 0001:0000fcb0       ?_Tidy@?$_Tree@V?$_Tmap_traits@IPAUFunction@@UFcmp@@V?$allocator@U?$pair@$$CBIPAUFunction@@@std@@@std@@$0A@@std@@@std@@IAEXXZ 10010cb0 f i aMaterial.obj
 0001:0000fd90       ?erase@?$_Tree@V?$_Tmap_traits@IPAUFunction@@UFcmp@@V?$allocator@U?$pair@$$CBIPAUFunction@@@std@@@std@@$0A@@std@@@std@@QAE?AViterator@12@V312@0@Z 10010d90 f i aMaterial.obj
 0001:0000fe70       ??9const_iterator@?$_Tree@V?$_Tmap_traits@IPAUFunction@@UFcmp@@V?$allocator@U?$pair@$$CBIPAUFunction@@@std@@@std@@$0A@@std@@@std@@QBE_NABV012@@Z 10010e70 f i aMaterial.obj
 0001:0000fec0       ?erase@?$_Tree@V?$_Tmap_traits@IPAUFunction@@UFcmp@@V?$allocator@U?$pair@$$CBIPAUFunction@@@std@@@std@@$0A@@std@@@std@@QAE?AViterator@12@V312@@Z 10010ec0 f i aMaterial.obj
 0001:000105a0       ??0out_of_range@std@@QAE@ABV?$basic_string@DU?$char_traits@D@std@@V?$allocator@D@2@@1@@Z 100115a0 f i aMaterial.obj
 0001:00010600       ??1out_of_range@std@@UAE@XZ 10011600 f i aMaterial.obj
 0001:00010650       ??_Eout_of_range@std@@UAEPAXI@Z 10011650 f i aMaterial.obj
 0001:00010650       ??_Gout_of_range@std@@UAEPAXI@Z 10011650 f i aMaterial.obj
 0001:000106b0       ??Eiterator@?$_Tree@V?$_Tmap_traits@IPAUFunction@@UFcmp@@V?$allocator@U?$pair@$$CBIPAUFunction@@@std@@@std@@$0A@@std@@@std@@QAE?AV012@H@Z 100116b0 f i aMaterial.obj
 0001:00010730       ??0out_of_range@std@@QAE@ABV01@@Z 10011730 f i aMaterial.obj
 0001:00010790       ??1?$map@IPAXUVcmp@@V?$allocator@U?$pair@$$CBIPAX@std@@@std@@@std@@QAE@XZ 10011790 f i aMaterial.obj
 0001:000107d0       ??1?$_Tree@V?$_Tmap_traits@IPAXUVcmp@@V?$allocator@U?$pair@$$CBIPAX@std@@@std@@$0A@@std@@@std@@QAE@XZ 100117d0 f i aMaterial.obj
 0001:00010810       ?_Tidy@?$_Tree@V?$_Tmap_traits@IPAXUVcmp@@V?$allocator@U?$pair@$$CBIPAX@std@@@std@@$0A@@std@@@std@@IAEXXZ 10011810 f i aMaterial.obj
 0001:000108f0       ?begin@?$_Tree@V?$_Tmap_traits@IPAXUVcmp@@V?$allocator@U?$pair@$$CBIPAX@std@@@std@@$0A@@std@@@std@@QAE?AViterator@12@XZ 100118f0 f i aMaterial.obj
 0001:00010940       ?end@?$_Tree@V?$_Tmap_traits@IPAXUVcmp@@V?$allocator@U?$pair@$$CBIPAX@std@@@std@@$0A@@std@@@std@@QAE?AViterator@12@XZ 10011940 f i aMaterial.obj
 0001:00010990       ?erase@?$_Tree@V?$_Tmap_traits@IPAXUVcmp@@V?$allocator@U?$pair@$$CBIPAX@std@@@std@@$0A@@std@@@std@@QAE?AViterator@12@V312@0@Z 10011990 f i aMaterial.obj
 0001:00010a70       ?erase@?$_Tree@V?$_Tmap_traits@IPAXUVcmp@@V?$allocator@U?$pair@$$CBIPAX@std@@@std@@$0A@@std@@@std@@QAE?AViterator@12@V312@@Z 10011a70 f i aMaterial.obj
 0001:00011150       ??0iterator@?$_Tree@V?$_Tmap_traits@IPAXUVcmp@@V?$allocator@U?$pair@$$CBIPAX@std@@@std@@$0A@@std@@@std@@QAE@PAU_Node@?$_Tree_nod@V?$_Tmap_traits@IPAXUVcmp@@V?$allocator@U?$pair@$$CBIPAX@std@@@std@@$0A@@std@@@2@@Z 10012150 f i aMaterial.obj
 0001:000111a0       ??Eiterator@?$_Tree@V?$_Tmap_traits@IPAXUVcmp@@V?$allocator@U?$pair@$$CBIPAX@std@@@std@@$0A@@std@@@std@@QAE?AV012@H@Z 100121a0 f i aMaterial.obj
 0001:00011220       ??8const_iterator@?$_Tree@V?$_Tmap_traits@IPAXUVcmp@@V?$allocator@U?$pair@$$CBIPAX@std@@@std@@$0A@@std@@@std@@QBE_NABV012@@Z 10012220 f i aMaterial.obj
 0001:00011260       ??9const_iterator@?$_Tree@V?$_Tmap_traits@IPAXUVcmp@@V?$allocator@U?$pair@$$CBIPAX@std@@@std@@$0A@@std@@@std@@QBE_NABV012@@Z 10012260 f i aMaterial.obj
 0001:000112b0       ??1Function@@QAE@XZ        100122b0 f i aMaterial.obj
 0001:000112f0       ??0?$_Tree_nod@V?$_Tmap_traits@IPAUFunction@@UFcmp@@V?$allocator@U?$pair@$$CBIPAUFunction@@@std@@@std@@$0A@@std@@@std@@IAE@ABUFcmp@@V?$allocator@U?$pair@$$CBIPAUFunction@@@std@@@1@@Z 100122f0 f i aMaterial.obj
 0001:00011350       ?construct@?$allocator@PAU_Node@?$_Tree_nod@V?$_Tmap_traits@IPAUFunction@@UFcmp@@V?$allocator@U?$pair@$$CBIPAUFunction@@@std@@@std@@$0A@@std@@@std@@@std@@QAEXPAPAU_Node@?$_Tree_nod@V?$_Tmap_traits@IPAUFunction@@UFcmp@@V?$allocator@U?$pair@$$CBIPAUFunction@@@std@@@std@@$0A@@std@@@2@ABQAU342@@Z 10012350 f i aMaterial.obj
 0001:000113a0       ?_Color@?$_Tree@V?$_Tmap_traits@IPAXUVcmp@@V?$allocator@U?$pair@$$CBIPAX@std@@@std@@$0A@@std@@@std@@KGAADPAU_Node@?$_Tree_nod@V?$_Tmap_traits@IPAXUVcmp@@V?$allocator@U?$pair@$$CBIPAX@std@@@std@@$0A@@std@@@2@@Z 100123a0 f i aMaterial.obj
 0001:000113d0       ?_Lrotate@?$_Tree@V?$_Tmap_traits@IPAXUVcmp@@V?$allocator@U?$pair@$$CBIPAX@std@@@std@@$0A@@std@@@std@@IAEXPAU_Node@?$_Tree_nod@V?$_Tmap_traits@IPAXUVcmp@@V?$allocator@U?$pair@$$CBIPAX@std@@@std@@$0A@@std@@@2@@Z 100123d0 f i aMaterial.obj
[...]
 0001:0006c31b       __unwindfunclet$??GMatrix44@@QBE?AU0@XZ$1 1006d31b f   System:Matrix.obj
 0001:0006c326       __unwindfunclet$??GMatrix44@@QBE?AU0@XZ$2 1006d326 f   System:Matrix.obj
 0001:0006c331       __unwindfunclet$??GMatrix44@@QBE?AU0@XZ$4 1006d331 f   System:Matrix.obj
 0001:0006c33c       __unwindfunclet$??GMatrix44@@QBE?AU0@XZ$5 1006d33c f   System:Matrix.obj
 0001:0006c35b       __ehhandler$??GMatrix44@@QBE?AU0@XZ 1006d35b f   System:Matrix.obj
 0001:0006c370       __unwindfunclet$??HMatrix44@@QBE?AU0@ABU0@@Z$0 1006d370 f   System:Matrix.obj
 0001:0006c37b       __unwindfunclet$??HMatrix44@@QBE?AU0@ABU0@@Z$1 1006d37b f   System:Matrix.obj
 0001:0006c386       __unwindfunclet$??HMatrix44@@QBE?AU0@ABU0@@Z$2 1006d386 f   System:Matrix.obj
 0001:0006c391       __unwindfunclet$??HMatrix44@@QBE?AU0@ABU0@@Z$4 1006d391 f   System:Matrix.obj
 0001:0006c39c       __unwindfunclet$??HMatrix44@@QBE?AU0@ABU0@@Z$5 1006d39c f   System:Matrix.obj
 0001:0006c3bb       __ehhandler$??HMatrix44@@QBE?AU0@ABU0@@Z 1006d3bb f   System:Matrix.obj
 0001:0006c3d0       __unwindfunclet$??GMatrix44@@QBE?AU0@ABU0@@Z$0 1006d3d0 f   System:Matrix.obj
 0001:0006c3db       __unwindfunclet$??GMatrix44@@QBE?AU0@ABU0@@Z$1 1006d3db f   System:Matrix.obj
 0001:0006c3e6       __unwindfunclet$??GMatrix44@@QBE?AU0@ABU0@@Z$2 1006d3e6 f   System:Matrix.obj
 0001:0006c3f1       __unwindfunclet$??GMatrix44@@QBE?AU0@ABU0@@Z$4 1006d3f1 f   System:Matrix.obj
 0001:0006c3fc       __unwindfunclet$??GMatrix44@@QBE?AU0@ABU0@@Z$5 1006d3fc f   System:Matrix.obj
 0001:0006c41b       __ehhandler$??GMatrix44@@QBE?AU0@ABU0@@Z 1006d41b f   System:Matrix.obj
 0001:0006c430       __unwindfunclet$??KMatrix44@@QBE?AU0@M@Z$0 1006d430 f   System:Matrix.obj
 0001:0006c43b       __unwindfunclet$??KMatrix44@@QBE?AU0@M@Z$1 1006d43b f   System:Matrix.obj
 0001:0006c446       __unwindfunclet$??KMatrix44@@QBE?AU0@M@Z$2 1006d446 f   System:Matrix.obj
 0001:0006c451       __unwindfunclet$??KMatrix44@@QBE?AU0@M@Z$4 1006d451 f   System:Matrix.obj
 0001:0006c45c       __unwindfunclet$??KMatrix44@@QBE?AU0@M@Z$5 1006d45c f   System:Matrix.obj
 0001:0006c47b       __ehhandler$??KMatrix44@@QBE?AU0@M@Z 1006d47b f   System:Matrix.obj
 0001:0006c490       __unwindfunclet$??DMatrix44@@QBE?AU0@M@Z$0 1006d490 f   System:Matrix.obj
 0001:0006c49b       __unwindfunclet$??DMatrix44@@QBE?AU0@M@Z$1 1006d49b f   System:Matrix.obj
 0001:0006c4a6       __unwindfunclet$??DMatrix44@@QBE?AU0@M@Z$2 1006d4a6 f   System:Matrix.obj
 0001:0006c4b1       __unwindfunclet$??DMatrix44@@QBE?AU0@M@Z$4 1006d4b1 f   System:Matrix.obj
 0001:0006c4bc       __unwindfunclet$??DMatrix44@@QBE?AU0@M@Z$5 1006d4bc f   System:Matrix.obj
 0001:0006c4db       __ehhandler$??DMatrix44@@QBE?AU0@M@Z 1006d4db f   System:Matrix.obj
 0001:0006c4f0       __unwindfunclet$??YMatrix44@@QAEXABU0@@Z$0 1006d4f0 f   System:Matrix.obj
 0001:0006c4fb       __ehhandler$??YMatrix44@@QAEXABU0@@Z 1006d4fb f   System:Matrix.obj
 0001:0006c510       __unwindfunclet$??ZMatrix44@@QAEXABU0@@Z$0 1006d510 f   System:Matrix.obj
 0001:0006c51b       __ehhandler$??ZMatrix44@@QAEXABU0@@Z 1006d51b f   System:Matrix.obj
 0001:0006c530       __unwindfunclet$??XMatrix44@@QAEXM@Z$0 1006d530 f   System:Matrix.obj
 0001:0006c53b       __ehhandler$??XMatrix44@@QAEXM@Z 1006d53b f   System:Matrix.obj
 0001:0006c550       __unwindfunclet$??XMatrix44@@QAEXABU0@@Z$0 1006d550 f   System:Matrix.obj
 0001:0006c55b       __ehhandler$??XMatrix44@@QAEXABU0@@Z 1006d55b f   System:Matrix.obj
 0001:0006c570       __unwindfunclet$??_0Matrix44@@QAEXM@Z$0 1006d570 f   System:Matrix.obj
 0001:0006c57b       __ehhandler$??_0Matrix44@@QAEXM@Z 1006d57b f   System:Matrix.obj
 0001:0006c590       __unwindfunclet$?Set@Matrix44@@QAEXUVector4@@000@Z$0 1006d590 f   System:Matrix.obj
 0001:0006c598       __unwindfunclet$?Set@Matrix44@@QAEXUVector4@@000@Z$1 1006d598 f   System:Matrix.obj
 0001:0006c5a0       __unwindfunclet$?Set@Matrix44@@QAEXUVector4@@000@Z$2 1006d5a0 f   System:Matrix.obj
 0001:0006c5a8       __unwindfunclet$?Set@Matrix44@@QAEXUVector4@@000@Z$3 1006d5a8 f   System:Matrix.obj
 0001:0006c5b0       __ehhandler$?Set@Matrix44@@QAEXUVector4@@000@Z 1006d5b0 f   System:Matrix.obj
 0001:0006c5c0       __unwindfunclet$?Lerp@Matrix44@@QAEXABU1@0M@Z$0 1006d5c0 f   System:Matrix.obj
 0001:0006c5c8       __unwindfunclet$?Lerp@Matrix44@@QAEXABU1@0M@Z$1 1006d5c8 f   System:Matrix.obj
 0001:0006c5d3       __unwindfunclet$?Lerp@Matrix44@@QAEXABU1@0M@Z$2 1006d5d3 f   System:Matrix.obj
 0001:0006c5de       __unwindfunclet$?Lerp@Matrix44@@QAEXABU1@0M@Z$3 1006d5de f   System:Matrix.obj
 0001:0006c5e9       __unwindfunclet$?Lerp@Matrix44@@QAEXABU1@0M@Z$4 1006d5e9 f   System:Matrix.obj
 0001:0006c5f4       __ehhandler$?Lerp@Matrix44@@QAEXABU1@0M@Z 1006d5f4 f   System:Matrix.obj
 0001:0006c600       __unwindfunclet$?Transform@Matrix44@@QAEXUVector4@@AAU2@@Z$0 1006d600 f   System:Matrix.obj
 0001:0006c608       __unwindfunclet$?Transform@Matrix44@@QAEXUVector4@@AAU2@@Z$1 1006d608 f   System:Matrix.obj
 0001:0006c613       __ehhandler$?Transform@Matrix44@@QAEXUVector4@@AAU2@@Z 1006d613 f   System:Matrix.obj
 0001:0006c620       __unwindfunclet$?RotationHPR@Matrix44@@QAEXMMM@Z$0 1006d620 f   System:Matrix.obj
 0001:0006c628       __unwindfunclet$?RotationHPR@Matrix44@@QAEXMMM@Z$1 1006d628 f   System:Matrix.obj
 0001:0006c630       __unwindfunclet$?RotationHPR@Matrix44@@QAEXMMM@Z$2 1006d630 f   System:Matrix.obj
 0001:0006c638       __unwindfunclet$?RotationHPR@Matrix44@@QAEXMMM@Z$3 1006d638 f   System:Matrix.obj
 0001:0006c640       __unwindfunclet$?RotationHPR@Matrix44@@QAEXMMM@Z$4 1006d640 f   System:Matrix.obj
 0001:0006c64b       __unwindfunclet$?RotationHPR@Matrix44@@QAEXMMM@Z$5 1006d64b f   System:Matrix.obj
 0001:0006c656       __unwindfunclet$?RotationHPR@Matrix44@@QAEXMMM@Z$6 1006d656 f   System:Matrix.obj
 0001:0006c661       __unwindfunclet$?RotationHPR@Matrix44@@QAEXMMM@Z$8 1006d661 f   System:Matrix.obj
 0001:0006c66c       __unwindfunclet$?RotationHPR@Matrix44@@QAEXMMM@Z$9 1006d66c f   System:Matrix.obj
 0001:0006c677       __unwindfunclet$?RotationHPR@Matrix44@@QAEXMMM@Z$10 1006d677 f   System:Matrix.obj
 0001:0006c682       __unwindfunclet$?RotationHPR@Matrix44@@QAEXMMM@Z$11 1006d682 f   System:Matrix.obj
 0001:0006c68d       __unwindfunclet$?RotationHPR@Matrix44@@QAEXMMM@Z$12 1006d68d f   System:Matrix.obj
 0001:0006c698       __unwindfunclet$?RotationHPR@Matrix44@@QAEXMMM@Z$13 1006d698 f   System:Matrix.obj
 0001:0006c6a3       __unwindfunclet$?RotationHPR@Matrix44@@QAEXMMM@Z$14 1006d6a3 f   System:Matrix.obj
 0001:0006c6ae       __unwindfunclet$?RotationHPR@Matrix44@@QAEXMMM@Z$15 1006d6ae f   System:Matrix.obj
 0001:0006c6b9       __unwindfunclet$?RotationHPR@Matrix44@@QAEXMMM@Z$17 1006d6b9 f   System:Matrix.obj
 0001:0006c6c4       __unwindfunclet$?RotationHPR@Matrix44@@QAEXMMM@Z$18 1006d6c4 f   System:Matrix.obj
 0001:0006c6cf       __unwindfunclet$?RotationHPR@Matrix44@@QAEXMMM@Z$19 1006d6cf f   System:Matrix.obj
 0001:0006c6da       __unwindfunclet$?RotationHPR@Matrix44@@QAEXMMM@Z$20 1006d6da f   System:Matrix.obj
 0001:0006c6e5       __unwindfunclet$?RotationHPR@Matrix44@@QAEXMMM@Z$21 1006d6e5 f   System:Matrix.obj
 0001:0006c6f0       __unwindfunclet$?RotationHPR@Matrix44@@QAEXMMM@Z$22 1006d6f0 f   System:Matrix.obj
 0001:0006c6fb       __unwindfunclet$?RotationHPR@Matrix44@@QAEXMMM@Z$23 1006d6fb f   System:Matrix.obj
 0001:0006c706       __unwindfunclet$?RotationHPR@Matrix44@@QAEXMMM@Z$24 1006d706 f   System:Matrix.obj
 0001:0006c711       __unwindfunclet$?RotationHPR@Matrix44@@QAEXMMM@Z$26 1006d711 f   System:Matrix.obj
 0001:0006c71c       __unwindfunclet$?RotationHPR@Matrix44@@QAEXMMM@Z$27 1006d71c f   System:Matrix.obj
 0001:0006c727       __unwindfunclet$?RotationHPR@Matrix44@@QAEXMMM@Z$28 1006d727 f   System:Matrix.obj
 0001:0006c732       __unwindfunclet$?RotationHPR@Matrix44@@QAEXMMM@Z$29 1006d732 f   System:Matrix.obj
 0001:0006c73d       __ehhandler$?RotationHPR@Matrix44@@QAEXMMM@Z 1006d73d f   System:Matrix.obj
 0001:0006c750       __unwindfunclet$?RotateHPR@Matrix44@@QAEXMMM@Z$0 1006d750 f   System:Matrix.obj
 0001:0006c758       __unwindfunclet$?RotateHPR@Matrix44@@QAEXMMM@Z$1 1006d758 f   System:Matrix.obj
 0001:0006c760       __unwindfunclet$?RotateHPR@Matrix44@@QAEXMMM@Z$2 1006d760 f   System:Matrix.obj
 0001:0006c768       __unwindfunclet$?RotateHPR@Matrix44@@QAEXMMM@Z$3 1006d768 f   System:Matrix.obj
 0001:0006c770       __unwindfunclet$?RotateHPR@Matrix44@@QAEXMMM@Z$4 1006d770 f   System:Matrix.obj
 0001:0006c77b       __unwindfunclet$?RotateHPR@Matrix44@@QAEXMMM@Z$5 1006d77b f   System:Matrix.obj
 0001:0006c786       __unwindfunclet$?RotateHPR@Matrix44@@QAEXMMM@Z$6 1006d786 f   System:Matrix.obj
 0001:0006c791       __unwindfunclet$?RotateHPR@Matrix44@@QAEXMMM@Z$7 1006d791 f   System:Matrix.obj
 0001:0006c79c       __unwindfunclet$?RotateHPR@Matrix44@@QAEXMMM@Z$8 1006d79c f   System:Matrix.obj
 0001:0006c7a7       __unwindfunclet$?RotateHPR@Matrix44@@QAEXMMM@Z$9 1006d7a7 f   System:Matrix.obj
 0001:0006c7b2       __unwindfunclet$?RotateHPR@Matrix44@@QAEXMMM@Z$10 1006d7b2 f   System:Matrix.obj
 0001:0006c7bd       __unwindfunclet$?RotateHPR@Matrix44@@QAEXMMM@Z$11 1006d7bd f   System:Matrix.obj
 0001:0006c7c8       __unwindfunclet$?RotateHPR@Matrix44@@QAEXMMM@Z$13 1006d7c8 f   System:Matrix.obj
 0001:0006c7d3       __unwindfunclet$?RotateHPR@Matrix44@@QAEXMMM@Z$14 1006d7d3 f   System:Matrix.obj
 0001:0006c7de       __unwindfunclet$?RotateHPR@Matrix44@@QAEXMMM@Z$15 1006d7de f   System:Matrix.obj
 0001:0006c7e9       __unwindfunclet$?RotateHPR@Matrix44@@QAEXMMM@Z$16 1006d7e9 f   System:Matrix.obj
 0001:0006c7f4       __unwindfunclet$?RotateHPR@Matrix44@@QAEXMMM@Z$17 1006d7f4 f   System:Matrix.obj
 0001:0006c7ff       __unwindfunclet$?RotateHPR@Matrix44@@QAEXMMM@Z$18 1006d7ff f   System:Matrix.obj
 0001:0006c80a       __unwindfunclet$?RotateHPR@Matrix44@@QAEXMMM@Z$19 1006d80a f   System:Matrix.obj
 0001:0006c815       __unwindfunclet$?RotateHPR@Matrix44@@QAEXMMM@Z$20 1006d815 f   System:Matrix.obj
 0001:0006c820       __unwindfunclet$?RotateHPR@Matrix44@@QAEXMMM@Z$22 1006d820 f   System:Matrix.obj
 0001:0006c82b       __unwindfunclet$?RotateHPR@Matrix44@@QAEXMMM@Z$23 1006d82b f   System:Matrix.obj
 0001:0006c836       __unwindfunclet$?RotateHPR@Matrix44@@QAEXMMM@Z$24 1006d836 f   System:Matrix.obj
 0001:0006c841       __unwindfunclet$?RotateHPR@Matrix44@@QAEXMMM@Z$25 1006d841 f   System:Matrix.obj
 0001:0006c84c       __unwindfunclet$?RotateHPR@Matrix44@@QAEXMMM@Z$26 1006d84c f   System:Matrix.obj
 0001:0006c857       __unwindfunclet$?RotateHPR@Matrix44@@QAEXMMM@Z$27 1006d857 f   System:Matrix.obj
 0001:0006c862       __unwindfunclet$?RotateHPR@Matrix44@@QAEXMMM@Z$28 1006d862 f   System:Matrix.obj
 0001:0006c86d       __unwindfunclet$?RotateHPR@Matrix44@@QAEXMMM@Z$29 1006d86d f   System:Matrix.obj
 0001:0006c878       __unwindfunclet$?RotateHPR@Matrix44@@QAEXMMM@Z$31 1006d878 f   System:Matrix.obj
 0001:0006c883       __unwindfunclet$?RotateHPR@Matrix44@@QAEXMMM@Z$32 1006d883 f   System:Matrix.obj
 0001:0006c88e       __ehhandler$?RotateHPR@Matrix44@@QAEXMMM@Z 1006d88e f   System:Matrix.obj
 0001:0006c8a0       __unwindfunclet$?RotationXYZ@Matrix44@@QAEXMMM@Z$0 1006d8a0 f   System:Matrix.obj
 0001:0006c8a8       __unwindfunclet$?RotationXYZ@Matrix44@@QAEXMMM@Z$1 1006d8a8 f   System:Matrix.obj
 0001:0006c8b0       __unwindfunclet$?RotationXYZ@Matrix44@@QAEXMMM@Z$2 1006d8b0 f   System:Matrix.obj
 0001:0006c8b8       __unwindfunclet$?RotationXYZ@Matrix44@@QAEXMMM@Z$3 1006d8b8 f   System:Matrix.obj
 0001:0006c8c0       __unwindfunclet$?RotationXYZ@Matrix44@@QAEXMMM@Z$4 1006d8c0 f   System:Matrix.obj
 0001:0006c8cb       __unwindfunclet$?RotationXYZ@Matrix44@@QAEXMMM@Z$5 1006d8cb f   System:Matrix.obj
 0001:0006c8d6       __unwindfunclet$?RotationXYZ@Matrix44@@QAEXMMM@Z$6 1006d8d6 f   System:Matrix.obj
 0001:0006c8e1       __unwindfunclet$?RotationXYZ@Matrix44@@QAEXMMM@Z$8 1006d8e1 f   System:Matrix.obj
 0001:0006c8ec       __unwindfunclet$?RotationXYZ@Matrix44@@QAEXMMM@Z$9 1006d8ec f   System:Matrix.obj
 0001:0006c8f7       __unwindfunclet$?RotationXYZ@Matrix44@@QAEXMMM@Z$10 1006d8f7 f   System:Matrix.obj
 0001:0006c902       __unwindfunclet$?RotationXYZ@Matrix44@@QAEXMMM@Z$11 1006d902 f   System:Matrix.obj
 0001:0006c90d       __unwindfunclet$?RotationXYZ@Matrix44@@QAEXMMM@Z$12 1006d90d f   System:Matrix.obj
 0001:0006c918       __unwindfunclet$?RotationXYZ@Matrix44@@QAEXMMM@Z$13 1006d918 f   System:Matrix.obj
 0001:0006c923       __unwindfunclet$?RotationXYZ@Matrix44@@QAEXMMM@Z$14 1006d923 f   System:Matrix.obj
 0001:0006c92e       __unwindfunclet$?RotationXYZ@Matrix44@@QAEXMMM@Z$15 1006d92e f   System:Matrix.obj
 0001:0006c939       __unwindfunclet$?RotationXYZ@Matrix44@@QAEXMMM@Z$17 1006d939 f   System:Matrix.obj
 0001:0006c944       __unwindfunclet$?RotationXYZ@Matrix44@@QAEXMMM@Z$18 1006d944 f   System:Matrix.obj
 0001:0006c94f       __unwindfunclet$?RotationXYZ@Matrix44@@QAEXMMM@Z$19 1006d94f f   System:Matrix.obj
 0001:0006c95a       __unwindfunclet$?RotationXYZ@Matrix44@@QAEXMMM@Z$20 1006d95a f   System:Matrix.obj
 0001:0006c965       __unwindfunclet$?RotationXYZ@Matrix44@@QAEXMMM@Z$21 1006d965 f   System:Matrix.obj
 0001:0006c970       __unwindfunclet$?RotationXYZ@Matrix44@@QAEXMMM@Z$22 1006d970 f   System:Matrix.obj
 0001:0006c97b       __unwindfunclet$?RotationXYZ@Matrix44@@QAEXMMM@Z$23 1006d97b f   System:Matrix.obj
 0001:0006c986       __unwindfunclet$?RotationXYZ@Matrix44@@QAEXMMM@Z$24 1006d986 f   System:Matrix.obj
 0001:0006c991       __unwindfunclet$?RotationXYZ@Matrix44@@QAEXMMM@Z$26 1006d991 f   System:Matrix.obj
 0001:0006c99c       __unwindfunclet$?RotationXYZ@Matrix44@@QAEXMMM@Z$27 1006d99c f   System:Matrix.obj
 0001:0006c9a7       __unwindfunclet$?RotationXYZ@Matrix44@@QAEXMMM@Z$28 1006d9a7 f   System:Matrix.obj
 0001:0006c9b2       __unwindfunclet$?RotationXYZ@Matrix44@@QAEXMMM@Z$29 1006d9b2 f   System:Matrix.obj
 0001:0006c9bd       __ehhandler$?RotationXYZ@Matrix44@@QAEXMMM@Z 1006d9bd f   System:Matrix.obj
 0001:0006c9d0       __unwindfunclet$?RotateXYZ@Matrix44@@QAEXMMM@Z$0 1006d9d0 f   System:Matrix.obj
 0001:0006c9d8       __unwindfunclet$?RotateXYZ@Matrix44@@QAEXMMM@Z$1 1006d9d8 f   System:Matrix.obj
 0001:0006c9e0       __unwindfunclet$?RotateXYZ@Matrix44@@QAEXMMM@Z$2 1006d9e0 f   System:Matrix.obj
 0001:0006c9e8       __unwindfunclet$?RotateXYZ@Matrix44@@QAEXMMM@Z$3 1006d9e8 f   System:Matrix.obj
 0001:0006c9f0       __unwindfunclet$?RotateXYZ@Matrix44@@QAEXMMM@Z$4 1006d9f0 f   System:Matrix.obj
 0001:0006c9fb       __unwindfunclet$?RotateXYZ@Matrix44@@QAEXMMM@Z$5 1006d9fb f   System:Matrix.obj
 0001:0006ca06       __unwindfunclet$?RotateXYZ@Matrix44@@QAEXMMM@Z$6 1006da06 f   System:Matrix.obj
 0001:0006ca11       __unwindfunclet$?RotateXYZ@Matrix44@@QAEXMMM@Z$7 1006da11 f   System:Matrix.obj
 0001:0006ca1c       __unwindfunclet$?RotateXYZ@Matrix44@@QAEXMMM@Z$8 1006da1c f   System:Matrix.obj
 0001:0006ca27       __unwindfunclet$?RotateXYZ@Matrix44@@QAEXMMM@Z$9 1006da27 f   System:Matrix.obj
 0001:0006ca32       __unwindfunclet$?RotateXYZ@Matrix44@@QAEXMMM@Z$10 1006da32 f   System:Matrix.obj
 0001:0006ca3d       __unwindfunclet$?RotateXYZ@Matrix44@@QAEXMMM@Z$12 1006da3d f   System:Matrix.obj
 0001:0006ca48       __unwindfunclet$?RotateXYZ@Matrix44@@QAEXMMM@Z$13 1006da48 f   System:Matrix.obj
 0001:0006ca53       __unwindfunclet$?RotateXYZ@Matrix44@@QAEXMMM@Z$14 1006da53 f   System:Matrix.obj
 0001:0006ca5e       __unwindfunclet$?RotateXYZ@Matrix44@@QAEXMMM@Z$15 1006da5e f   System:Matrix.obj
 0001:0006ca69       __unwindfunclet$?RotateXYZ@Matrix44@@QAEXMMM@Z$16 1006da69 f   System:Matrix.obj
 0001:0006ca74       __unwindfunclet$?RotateXYZ@Matrix44@@QAEXMMM@Z$17 1006da74 f   System:Matrix.obj
 0001:0006ca7f       __unwindfunclet$?RotateXYZ@Matrix44@@QAEXMMM@Z$18 1006da7f f   System:Matrix.obj
 0001:0006ca8a       __unwindfunclet$?RotateXYZ@Matrix44@@QAEXMMM@Z$19 1006da8a f   System:Matrix.obj
 0001:0006ca95       __unwindfunclet$?RotateXYZ@Matrix44@@QAEXMMM@Z$21 1006da95 f   System:Matrix.obj
 0001:0006caa0       __unwindfunclet$?RotateXYZ@Matrix44@@QAEXMMM@Z$22 1006daa0 f   System:Matrix.obj
 0001:0006caab       __unwindfunclet$?RotateXYZ@Matrix44@@QAEXMMM@Z$23 1006daab f   System:Matrix.obj
 0001:0006cab6       __unwindfunclet$?RotateXYZ@Matrix44@@QAEXMMM@Z$24 1006dab6 f   System:Matrix.obj
 0001:0006cac1       __unwindfunclet$?RotateXYZ@Matrix44@@QAEXMMM@Z$25 1006dac1 f   System:Matrix.obj
 0001:0006cacc       __unwindfunclet$?RotateXYZ@Matrix44@@QAEXMMM@Z$26 1006dacc f   System:Matrix.obj
 0001:0006cad7       __unwindfunclet$?RotateXYZ@Matrix44@@QAEXMMM@Z$27 1006dad7 f   System:Matrix.obj
 0001:0006cae2       __unwindfunclet$?RotateXYZ@Matrix44@@QAEXMMM@Z$28 1006dae2 f   System:Matrix.obj
 0001:0006caed       __unwindfunclet$?RotateXYZ@Matrix44@@QAEXMMM@Z$30 1006daed f   System:Matrix.obj
 0001:0006caf8       __unwindfunclet$?RotateXYZ@Matrix44@@QAEXMMM@Z$31 1006daf8 f   System:Matrix.obj
 0001:0006cb03       __ehhandler$?RotateXYZ@Matrix44@@QAEXMMM@Z 1006db03 f   System:Matrix.obj
 0001:0006cb10       __unwindfunclet$?Inverse@Matrix44@@QAEXXZ$0 1006db10 f   System:Matrix.obj
 0001:0006cb1b       __ehhandler$?Inverse@Matrix44@@QAEXXZ 1006db1b f   System:Matrix.obj
 0001:0006cb30       __unwindfunclet$?LookAt@Matrix44@@QAEXMMM@Z$0 1006db30 f   System:Matrix.obj
 0001:0006cb38       __unwindfunclet$?LookAt@Matrix44@@QAEXMMM@Z$1 1006db38 f   System:Matrix.obj
 0001:0006cb40       __unwindfunclet$?LookAt@Matrix44@@QAEXMMM@Z$2 1006db40 f   System:Matrix.obj
 0001:0006cb48       __unwindfunclet$?LookAt@Matrix44@@QAEXMMM@Z$3 1006db48 f   System:Matrix.obj
 0001:0006cb50       __unwindfunclet$?LookAt@Matrix44@@QAEXMMM@Z$4 1006db50 f   System:Matrix.obj
 0001:0006cb5b       __unwindfunclet$?LookAt@Matrix44@@QAEXMMM@Z$5 1006db5b f   System:Matrix.obj
 0001:0006cb66       __ehhandler$?LookAt@Matrix44@@QAEXMMM@Z 1006db66 f   System:Matrix.obj
 0001:0006cb70       $L12110                    1006db70 f   libcpd:string.obj
 0001:0006cb78       __ehhandler$?_Xlen@_String_base@std@@QBEXXZ 1006db78 f   libcpd:string.obj
 0001:0006cb90       $L12170                    1006db90 f   libcpd:string.obj
 0001:0006cb98       __ehhandler$?_Xran@_String_base@std@@QBEXXZ 1006db98 f   libcpd:string.obj
 0001:0006cbb0       _$E2                       1006dbb0 f   aMaterial.obj
 0001:0006cc00       _$E5                       1006dc00 f   aMaterial.obj
 0001:0006cc50       _$E8                       1006dc50 f   aMaterial.obj
 0001:0006cca0       _$E3                       1006dca0 f   aMaterial.obj
 0001:0006cce0       _$E6                       1006dce0 f   aMaterial.obj
 0001:0006cd20       _$E9                       1006dd20 f   aMaterial.obj
 0001:0006cd60       _$E13                      1006dd60 f   aMaterial.obj
 0001:0006cda0       _$E12                      1006dda0 f   aMaterial.obj
 0001:0006cde0       _$E15                      1006dde0 f   aMaterial.obj
 0001:0006ce20       _$E17                      1006de20 f   aMaterial.obj
 0001:0006ce60       _$E21                      1006de60 f   aMaterial.obj
 0001:0006cea0       _$E20                      1006dea0 f   aMaterial.obj
 0001:0006cee0       _$E19                      1006dee0 f   aMaterial.obj
 0001:0006cf20       _$E28                      1006df20 f   aMaterial.obj
 0001:0006cf60       _$E27                      1006df60 f   aMaterial.obj
 0001:0006cfa0       _$E26                      1006dfa0 f   aMaterial.obj
 0001:0006cfe0       _$E25                      1006dfe0 f   aMaterial.obj
 0001:0006d020       _$E24                      1006e020 f   aMaterial.obj
 0001:0006d060       _$E23                      1006e060 f   aMaterial.obj
 0001:0006d0a0       _$E3                       1006e0a0 f   System:Error_types.obj
 0001:0006d0e0       _$E2                       1006e0e0 f   libcpd:nomemory.obj
